Archive member included to satisfy reference by file (symbol)

/home/hung382/MET/drivers/crypto/lib/libcrypto.a(aes.o)
                              out/cmac.o (aes_init)
/usr/lib/gcc/arm-none-eabi/9.2.1/thumb/v7e-m/nofp/libgcc.a(_arm_muldf3.o)
                              out/printf-stdarg.o (__aeabi_dmul)
/usr/lib/gcc/arm-none-eabi/9.2.1/thumb/v7e-m/nofp/libgcc.a(_arm_addsubdf3.o)
                              out/printf-stdarg.o (__aeabi_dsub)
/usr/lib/gcc/arm-none-eabi/9.2.1/thumb/v7e-m/nofp/libgcc.a(_arm_muldivdf3.o)
                              out/printf-stdarg.o (__aeabi_ddiv)
/usr/lib/gcc/arm-none-eabi/9.2.1/thumb/v7e-m/nofp/libgcc.a(_arm_cmpdf2.o)
                              out/printf-stdarg.o (__aeabi_dcmpeq)
/usr/lib/gcc/arm-none-eabi/9.2.1/thumb/v7e-m/nofp/libgcc.a(_arm_fixdfsi.o)
                              out/printf-stdarg.o (__aeabi_d2iz)
/usr/lib/gcc/arm-none-eabi/9.2.1/thumb/v7e-m/nofp/libgcc.a(_arm_fixunsdfsi.o)
                              out/printf-stdarg.o (__aeabi_d2uiz)
/usr/lib/gcc/arm-none-eabi/9.2.1/thumb/v7e-m/nofp/libgcc.a(_aeabi_uldivmod.o)
                              out/printf-stdarg.o (__aeabi_uldivmod)
/usr/lib/gcc/arm-none-eabi/9.2.1/thumb/v7e-m/nofp/libgcc.a(_fixunsdfdi.o)
                              out/rtc-board.o (__aeabi_d2ulz)
/usr/lib/gcc/arm-none-eabi/9.2.1/thumb/v7e-m/nofp/libgcc.a(_udivmoddi4.o)
                              /usr/lib/gcc/arm-none-eabi/9.2.1/thumb/v7e-m/nofp/libgcc.a(_aeabi_uldivmod.o) (__udivmoddi4)
/usr/lib/gcc/arm-none-eabi/9.2.1/thumb/v7e-m/nofp/libgcc.a(_dvmd_tls.o)
                              /usr/lib/gcc/arm-none-eabi/9.2.1/thumb/v7e-m/nofp/libgcc.a(_aeabi_uldivmod.o) (__aeabi_ldiv0)
/usr/lib/gcc/arm-none-eabi/9.2.1/../../../arm-none-eabi/lib/thumb/v7e-m/nofp/libc.a(lib_a-atexit.o)
                              /usr/lib/gcc/arm-none-eabi/9.2.1/../../../arm-none-eabi/lib/thumb/v7e-m/nofp/crt0.o (atexit)
/usr/lib/gcc/arm-none-eabi/9.2.1/../../../arm-none-eabi/lib/thumb/v7e-m/nofp/libc.a(lib_a-exit.o)
                              /usr/lib/gcc/arm-none-eabi/9.2.1/../../../arm-none-eabi/lib/thumb/v7e-m/nofp/crt0.o (exit)
/usr/lib/gcc/arm-none-eabi/9.2.1/../../../arm-none-eabi/lib/thumb/v7e-m/nofp/libc.a(lib_a-fini.o)
                              /usr/lib/gcc/arm-none-eabi/9.2.1/../../../arm-none-eabi/lib/thumb/v7e-m/nofp/crt0.o (__libc_fini_array)
/usr/lib/gcc/arm-none-eabi/9.2.1/../../../arm-none-eabi/lib/thumb/v7e-m/nofp/libc.a(lib_a-impure.o)
                              /usr/lib/gcc/arm-none-eabi/9.2.1/../../../arm-none-eabi/lib/thumb/v7e-m/nofp/libc.a(lib_a-exit.o) (_global_impure_ptr)
/usr/lib/gcc/arm-none-eabi/9.2.1/../../../arm-none-eabi/lib/thumb/v7e-m/nofp/libc.a(lib_a-init.o)
                              /usr/lib/gcc/arm-none-eabi/9.2.1/../../../arm-none-eabi/lib/thumb/v7e-m/nofp/crt0.o (__libc_init_array)
/usr/lib/gcc/arm-none-eabi/9.2.1/../../../arm-none-eabi/lib/thumb/v7e-m/nofp/libc.a(lib_a-memcpy.o)
                              /home/hung382/MET/drivers/crypto/lib/libcrypto.a(aes.o) (memcpy)
/usr/lib/gcc/arm-none-eabi/9.2.1/../../../arm-none-eabi/lib/thumb/v7e-m/nofp/libc.a(lib_a-memset.o)
                              /usr/lib/gcc/arm-none-eabi/9.2.1/../../../arm-none-eabi/lib/thumb/v7e-m/nofp/crt0.o (memset)
/usr/lib/gcc/arm-none-eabi/9.2.1/../../../arm-none-eabi/lib/thumb/v7e-m/nofp/libc.a(lib_a-__atexit.o)
                              /usr/lib/gcc/arm-none-eabi/9.2.1/../../../arm-none-eabi/lib/thumb/v7e-m/nofp/libc.a(lib_a-atexit.o) (__register_exitproc)
/usr/lib/gcc/arm-none-eabi/9.2.1/../../../arm-none-eabi/lib/thumb/v7e-m/nofp/libc.a(lib_a-__call_atexit.o)
                              /usr/lib/gcc/arm-none-eabi/9.2.1/../../../arm-none-eabi/lib/thumb/v7e-m/nofp/libc.a(lib_a-exit.o) (__call_exitprocs)
/usr/lib/gcc/arm-none-eabi/9.2.1/../../../arm-none-eabi/lib/thumb/v7e-m/nofp/libm.a(lib_a-s_ceil.o)
                              out/radio.o (ceil)
/usr/lib/gcc/arm-none-eabi/9.2.1/../../../arm-none-eabi/lib/thumb/v7e-m/nofp/libm.a(lib_a-s_floor.o)
                              out/radio.o (floor)
/usr/lib/gcc/arm-none-eabi/9.2.1/../../../arm-none-eabi/lib/thumb/v7e-m/nofp/libm.a(lib_a-s_rint.o)
                              out/radio.o (rint)
/usr/lib/gcc/arm-none-eabi/9.2.1/../../../arm-none-eabi/lib/thumb/v7e-m/nofp/libm.a(lib_a-s_round.o)
                              out/rtc-board.o (round)

Allocating common symbols
Common symbol       size              file

irqRegs             0x2               out/radio.o
SX126x              0x3c              out/radio.o
RtcCalendarContext  0xc               out/rtc-board.o
CommonStatus        0x1               out/LoRaMacConfirmQueue.o
RtcTimerContext     0x8               out/rtc-board.o
g_dma_callback_handler
                    0x20              out/tremo_dma.o
last_ir_state       0x1               out/classA.o
BufferStart         0x4               out/LoRaMacConfirmQueue.o
LoRaMacFlags        0x1               out/LoRaMac.o
LoRaMacParamsDefaults
[...]
Memory Configuration

Name             Origin             Length             Attributes
FLASH            0x0000000008000000 0x0000000000020000 xr
RAM              0x0000000020000000 0x0000000000004000 xrw
*default*        0x0000000000000000 0xffffffffffffffff

Linker script and memory map

LOAD /usr/lib/gcc/arm-none-eabi/9.2.1/thumb/v7e-m/nofp/crti.o
LOAD /usr/lib/gcc/arm-none-eabi/9.2.1/thumb/v7e-m/nofp/crtbegin.o
LOAD /usr/lib/gcc/arm-none-eabi/9.2.1/../../../arm-none-eabi/lib/thumb/v7e-m/nofp/crt0.o
LOAD out/tremo_it.o
LOAD out/classA.o
LOAD out/main.o
LOAD out/printf-stdarg.o
LOAD out/system_cm4.o
LOAD out/tremo_crc.o
LOAD out/tremo_lcd.o
LOAD out/tremo_lpuart.o
LOAD out/tremo_wdg.o
LOAD out/tremo_uart.o
LOAD out/tremo_spi.o
LOAD out/tremo_i2s.o
LOAD out/tremo_gpio.o
LOAD out/tremo_bstimer.o
LOAD out/tremo_system.o
LOAD out/tremo_iwdg.o
LOAD out/tremo_lptimer.o
LOAD out/tremo_timer.o
LOAD out/tremo_dma.o
LOAD out/tremo_delay.o
LOAD out/tremo_dac.o
LOAD out/tremo_rtc.o
LOAD out/tremo_pwr.o
LOAD out/tremo_i2c.o
LOAD out/tremo_rcc.o
LOAD out/tremo_flash.o
LOAD out/tremo_adc.o
LOAD out/delay.o
LOAD out/timer.o
LOAD out/cmac.o
LOAD out/radio.o
LOAD out/sx126x.o
LOAD out/utilities.o
LOAD out/rtc-board.o
LOAD out/sx1262-board.o
LOAD out/LoRaMacConfirmQueue.o
LOAD out/LoRaMac.o
LOAD out/LoRaMacClassB.o
LOAD out/LoRaMacCrypto.o
LOAD out/Region.o
LOAD out/RegionCommon.o
LOAD out/RegionAS923.o
LOAD out/startup_cm4.o
LOAD /home/hung382/MET/drivers/crypto/lib/libcrypto.a
START GROUP
LOAD /usr/lib/gcc/arm-none-eabi/9.2.1/thumb/v7e-m/nofp/libgcc.a
LOAD /usr/lib/gcc/arm-none-eabi/9.2.1/../../../arm-none-eabi/lib/thumb/v7e-m/nofp/libc.a
END GROUP
LOAD /usr/lib/gcc/arm-none-eabi/9.2.1/thumb/v7e-m/nofp/crtend.o
LOAD /usr/lib/gcc/arm-none-eabi/9.2.1/thumb/v7e-m/nofp/crtn.o
                0x0000000020004000                _estack = 0x20004000
                0x0000000000000000                _HEAP_SIZE = 0x0
                0x0000000000001000                _STACK_SIZE = 0x1000

.isr_vector     0x0000000008000000       0xd4
                0x0000000008000000                . = ALIGN (0x4)
 *(.isr_vector)
 .isr_vector    0x0000000008000000       0xd4 out/startup_cm4.o
                0x0000000008000000                g_pfnVectors
                0x00000000080000d4                . = ALIGN (0x4)

.text           0x00000000080000d8     0x9370
                0x00000000080000d8                . = ALIGN (0x4)
 *(.text)
 .text          0x00000000080000d8       0x88 /usr/lib/gcc/arm-none-eabi/9.2.1/thumb/v7e-m/nofp/crtbegin.o
 .text          0x0000000008000160      0x1ec /home/hung382/MET/drivers/crypto/lib/libcrypto.a(aes.o)
                0x0000000008000160                aes_init
                0x0000000008000270                aes_crypto
                0x0000000008000314                aes_close
 .text          0x000000000800034c      0x378 /usr/lib/gcc/arm-none-eabi/9.2.1/thumb/v7e-m/nofp/libgcc.a(_arm_addsubdf3.o)
                0x000000000800034c                __aeabi_drsub
                0x0000000008000354                __aeabi_dsub
                0x0000000008000354                __subdf3
                0x0000000008000358                __adddf3
                0x0000000008000358                __aeabi_dadd
                0x00000000080005d0                __aeabi_ui2d
                0x00000000080005d0                __floatunsidf
                0x00000000080005f0                __floatsidf
                0x00000000080005f0                __aeabi_i2d
                0x0000000008000614                __extendsfdf2
                0x0000000008000614                __aeabi_f2d
                0x0000000008000658                __aeabi_ul2d
                0x0000000008000658                __floatundidf
                0x0000000008000668                __floatdidf
                0x0000000008000668                __aeabi_l2d
 .text          0x00000000080006c4      0x424 /usr/lib/gcc/arm-none-eabi/9.2.1/thumb/v7e-m/nofp/libgcc.a(_arm_muldivdf3.o)
                0x00000000080006c4                __aeabi_dmul
                0x00000000080006c4                __muldf3
                0x0000000008000918                __aeabi_ddiv
                0x0000000008000918                __divdf3
 .text          0x0000000008000ae8      0x110 /usr/lib/gcc/arm-none-eabi/9.2.1/thumb/v7e-m/nofp/libgcc.a(_arm_cmpdf2.o)
                0x0000000008000ae8                __gtdf2
                0x0000000008000ae8                __gedf2
                0x0000000008000af0                __ltdf2
                0x0000000008000af0                __ledf2
                0x0000000008000af8                __cmpdf2
                0x0000000008000af8                __eqdf2
                0x0000000008000af8                __nedf2
                0x0000000008000b74                __aeabi_cdrcmple
                0x0000000008000b84                __aeabi_cdcmple
                0x0000000008000b84                __aeabi_cdcmpeq
                0x0000000008000b94                __aeabi_dcmpeq
                0x0000000008000ba8                __aeabi_dcmplt
                0x0000000008000bbc                __aeabi_dcmple
                0x0000000008000bd0                __aeabi_dcmpge
                0x0000000008000be4                __aeabi_dcmpgt
 .text          0x0000000008000bf8       0x50 /usr/lib/gcc/arm-none-eabi/9.2.1/thumb/v7e-m/nofp/libgcc.a(_arm_fixdfsi.o)
                0x0000000008000bf8                __fixdfsi
                0x0000000008000bf8                __aeabi_d2iz
 .text          0x0000000008000c48       0x40 /usr/lib/gcc/arm-none-eabi/9.2.1/thumb/v7e-m/nofp/libgcc.a(_arm_fixunsdfsi.o)
                0x0000000008000c48                __fixunsdfsi
                0x0000000008000c48                __aeabi_d2uiz
 .text          0x0000000008000c88       0x30 /usr/lib/gcc/arm-none-eabi/9.2.1/thumb/v7e-m/nofp/libgcc.a(_aeabi_uldivmod.o)
                0x0000000008000c88                __aeabi_uldivmod
 .text          0x0000000008000cb8       0x3c /usr/lib/gcc/arm-none-eabi/9.2.1/thumb/v7e-m/nofp/libgcc.a(_fixunsdfdi.o)
                0x0000000008000cb8                __aeabi_d2ulz
                0x0000000008000cb8                __fixunsdfdi
 .text          0x0000000008000cf4      0x2c0 /usr/lib/gcc/arm-none-eabi/9.2.1/thumb/v7e-m/nofp/libgcc.a(_udivmoddi4.o)
                0x0000000008000cf4                __udivmoddi4
 .text          0x0000000008000fb4        0x4 /usr/lib/gcc/arm-none-eabi/9.2.1/thumb/v7e-m/nofp/libgcc.a(_dvmd_tls.o)
                0x0000000008000fb4                __aeabi_ldiv0
                0x0000000008000fb4                __aeabi_idiv0
 .text          0x0000000008000fb8        0xc /usr/lib/gcc/arm-none-eabi/9.2.1/../../../arm-none-eabi/lib/thumb/v7e-m/nofp/libc.a(lib_a-atexit.o)
                0x0000000008000fb8                atexit
 .text          0x0000000008000fc4       0x34 /usr/lib/gcc/arm-none-eabi/9.2.1/../../../arm-none-eabi/lib/thumb/v7e-m/nofp/libc.a(lib_a-fini.o)
                0x0000000008000fc4                __libc_fini_array
 .text          0x0000000008000ff8       0x48 /usr/lib/gcc/arm-none-eabi/9.2.1/../../../arm-none-eabi/lib/thumb/v7e-m/nofp/libc.a(lib_a-init.o)
                0x0000000008000ff8                __libc_init_array
 .text          0x0000000008001040      0x134 /usr/lib/gcc/arm-none-eabi/9.2.1/../../../arm-none-eabi/lib/thumb/v7e-m/nofp/libc.a(lib_a-memcpy.o)
                0x0000000008001040                memcpy
 .text          0x0000000008001174       0xa0 /usr/lib/gcc/arm-none-eabi/9.2.1/../../../arm-none-eabi/lib/thumb/v7e-m/nofp/libc.a(lib_a-memset.o)
                0x0000000008001174                memset
 .text          0x0000000008001214       0x68 /usr/lib/gcc/arm-none-eabi/9.2.1/../../../arm-none-eabi/lib/thumb/v7e-m/nofp/libc.a(lib_a-__atexit.o)
                0x0000000008001214                __register_exitproc
 *fill*         0x000000000800127c        0x4 
 .text          0x0000000008001280      0x108 /usr/lib/gcc/arm-none-eabi/9.2.1/../../../arm-none-eabi/lib/thumb/v7e-m/nofp/libm.a(lib_a-s_ceil.o)
                0x0000000008001280                ceil
 .text          0x0000000008001388      0x108 /usr/lib/gcc/arm-none-eabi/9.2.1/../../../arm-none-eabi/lib/thumb/v7e-m/nofp/libm.a(lib_a-s_floor.o)
                0x0000000008001388                floor
 .text          0x0000000008001490      0x118 /usr/lib/gcc/arm-none-eabi/9.2.1/../../../arm-none-eabi/lib/thumb/v7e-m/nofp/libm.a(lib_a-s_rint.o)
                0x0000000008001490                rint
 .text          0x00000000080015a8       0x90 /usr/lib/gcc/arm-none-eabi/9.2.1/../../../arm-none-eabi/lib/thumb/v7e-m/nofp/libm.a(lib_a-s_round.o)
                0x00000000080015a8                round
 *(.text*)
 .text.NMI_Handler
                0x0000000008001638        0x2 out/tremo_it.o
                0x0000000008001638                NMI_Handler
 .text.HardFault_Handler
                0x000000000800163a        0x2 out/tremo_it.o
                0x000000000800163a                HardFault_Handler
 .text.MemManage_Handler
                0x000000000800163c        0x2 out/tremo_it.o
                0x000000000800163c                MemManage_Handler
 .text.BusFault_Handler
                0x000000000800163e        0x2 out/tremo_it.o
                0x000000000800163e                BusFault_Handler
 .text.UsageFault_Handler
                0x0000000008001640        0x2 out/tremo_it.o
                0x0000000008001640                UsageFault_Handler
 .text.SVC_Handler
                0x0000000008001642        0x2 out/tremo_it.o
                0x0000000008001642                SVC_Handler
 .text.PendSV_Handler
                0x0000000008001644        0x2 out/tremo_it.o
                0x0000000008001644                PendSV_Handler
 .text.SysTick_Handler
                0x0000000008001646        0x2 out/tremo_it.o
                0x0000000008001646                SysTick_Handler
 .text.PWR_IRQHandler
                0x0000000008001648        0x2 out/tremo_it.o
                0x0000000008001648                PWR_IRQHandler
 .text.LORA_IRQHandler
                0x000000000800164a        0x4 out/tremo_it.o
                0x000000000800164a                LORA_IRQHandler
 .text.RTC_IRQHandler
                0x000000000800164e        0x4 out/tremo_it.o
                0x000000000800164e                RTC_IRQHandler
 *fill*         0x0000000008001652        0x2 
 .text.GPIO_IRQHandler
                0x0000000008001654       0x30 out/tremo_it.o
                0x0000000008001654                GPIO_IRQHandler
 .text.McpsConfirm
                0x0000000008001684        0xc out/classA.o
 .text.BoardGetBatteryLevel
                0x0000000008001690        0x4 out/classA.o
                0x0000000008001690                BoardGetBatteryLevel
 .text.MlmeConfirm
                0x0000000008001694       0x64 out/classA.o
 .text.OnTxNextPacketTimerEvent
                0x00000000080016f8       0x7c out/classA.o
 .text.MlmeIndication
                0x0000000008001774        0xc out/classA.o
 .text.McpsIndication
                0x0000000008001780       0xc0 out/classA.o
 .text.app_start
                0x0000000008001840      0x234 out/classA.o
                0x0000000008001840                app_start
 .text.uart_log_init
                0x0000000008001a74       0x40 out/main.o
                0x0000000008001a74                uart_log_init
 .text.interrupt_configuration
                0x0000000008001ab4       0x30 out/main.o
                0x0000000008001ab4                interrupt_configuration
 .text.board_init
                0x0000000008001ae4       0x88 out/main.o
                0x0000000008001ae4                board_init
 .text.startup.main
                0x0000000008001b6c        0xe out/main.o
                0x0000000008001b6c                main
 .text._out_null
                0x0000000008001b7a        0x2 out/printf-stdarg.o
 .text._out_rev
                0x0000000008001b7c       0x96 out/printf-stdarg.o
 .text._ntoa_format
                0x0000000008001c12      0x10a out/printf-stdarg.o
 .text._ntoa_long
                0x0000000008001d1c       0x82 out/printf-stdarg.o
 .text._ntoa_long_long
                0x0000000008001d9e       0xa6 out/printf-stdarg.o
 .text._out_char
                0x0000000008001e44       0x10 out/printf-stdarg.o
 *fill*         0x0000000008001e54        0x4 
 .text._ftoa    0x0000000008001e58      0x32c out/printf-stdarg.o
 *fill*         0x0000000008002184        0x4 
 .text._etoa    0x0000000008002188      0x3b8 out/printf-stdarg.o
 .text._vsnprintf
                0x0000000008002540      0x550 out/printf-stdarg.o
 .text.__wrap_printf
                0x0000000008002a90       0x28 out/printf-stdarg.o
                0x0000000008002a90                __wrap_printf
 .text.nvic_init
                0x0000000008002ab8       0x24 out/system_cm4.o
                0x0000000008002ab8                nvic_init
 .text.system_init
                0x0000000008002adc       0x44 out/system_cm4.o
                0x0000000008002adc                system_init
 .text.uart_send_data
                0x0000000008002b20        0xa out/tremo_uart.o
                0x0000000008002b20                uart_send_data
 .text.uart_config_init
                0x0000000008002b2a       0x16 out/tremo_uart.o
                0x0000000008002b2a                uart_config_init
 .text.uart_cmd
                0x0000000008002b40       0x12 out/tremo_uart.o
                0x0000000008002b40                uart_cmd
 *fill*         0x0000000008002b52        0x2 
 .text.uart_init
                0x0000000008002b54      0x140 out/tremo_uart.o
                0x0000000008002b54                uart_init
 .text.gpio_init
                0x0000000008002c94      0x124 out/tremo_gpio.o
                0x0000000008002c94                gpio_init
 .text.gpio_write
                0x0000000008002db8       0xb4 out/tremo_gpio.o
                0x0000000008002db8                gpio_write
 .text.gpio_read
                0x0000000008002e6c       0x12 out/tremo_gpio.o
                0x0000000008002e6c                gpio_read
 .text.gpio_toggle
                0x0000000008002e7e        0xe out/tremo_gpio.o
                0x0000000008002e7e                gpio_toggle
 .text.gpio_clear_interrupt
                0x0000000008002e8c       0x10 out/tremo_gpio.o
                0x0000000008002e8c                gpio_clear_interrupt
 .text.gpio_config_interrupt
                0x0000000008002e9c       0x20 out/tremo_gpio.o
                0x0000000008002e9c                gpio_config_interrupt
 .text.gpio_get_interrupt_status
                0x0000000008002ebc       0x14 out/tremo_gpio.o
                0x0000000008002ebc                gpio_get_interrupt_status
 .text.gpio_set_iomux
                0x0000000008002ed0       0x40 out/tremo_gpio.o
                0x0000000008002ed0                gpio_set_iomux
 .text.delay_init
                0x0000000008002f10       0x48 out/tremo_delay.o
                0x0000000008002f10                delay_init
 .text.delay_us
                0x0000000008002f58       0x30 out/tremo_delay.o
                0x0000000008002f58                delay_us
 .text.delay_ms
                0x0000000008002f88        0xa out/tremo_delay.o
                0x0000000008002f88                delay_ms
 .text.rtc_deinit
                0x0000000008002f92       0x1e out/tremo_rtc.o
                0x0000000008002f92                rtc_deinit
 .text.rtc_check_syn
                0x0000000008002fb0       0x14 out/tremo_rtc.o
                0x0000000008002fb0                rtc_check_syn
 .text.rtc_calendar_cmd
                0x0000000008002fc4       0x20 out/tremo_rtc.o
                0x0000000008002fc4                rtc_calendar_cmd
 .text.rtc_cyc_cmd
                0x0000000008002fe4       0x20 out/tremo_rtc.o
                0x0000000008002fe4                rtc_cyc_cmd
 .text.rtc_config_cyc_wakeup
                0x0000000008003004       0x24 out/tremo_rtc.o
                0x0000000008003004                rtc_config_cyc_wakeup
 .text.rtc_get_calendar
                0x0000000008003028       0xdc out/tremo_rtc.o
                0x0000000008003028                rtc_get_calendar
 .text.rtc_set_status
                0x0000000008003104       0x30 out/tremo_rtc.o
                0x0000000008003104                rtc_set_status
 .text.rtc_get_status
                0x0000000008003134       0x38 out/tremo_rtc.o
                0x0000000008003134                rtc_get_status
 .text.rtc_config_interrupt
                0x000000000800316c       0x38 out/tremo_rtc.o
                0x000000000800316c                rtc_config_interrupt
 .text.rtc_config_cyc_max
                0x00000000080031a4       0x14 out/tremo_rtc.o
                0x00000000080031a4                rtc_config_cyc_max
 .text.pwr_xo32k_lpm_cmd
                0x00000000080031b8       0x18 out/tremo_pwr.o
                0x00000000080031b8                pwr_xo32k_lpm_cmd
 .text.rcc_get_clk_freq
                0x00000000080031d0       0x9c out/tremo_rcc.o
                0x00000000080031d0                rcc_get_clk_freq
 .text.rcc_get_uart0_clk_source
                0x000000000800326c        0xc out/tremo_rcc.o
                0x000000000800326c                rcc_get_uart0_clk_source
 .text.rcc_get_uart1_clk_source
                0x0000000008003278        0xc out/tremo_rcc.o
                0x0000000008003278                rcc_get_uart1_clk_source
 .text.rcc_get_uart2_clk_source
                0x0000000008003284        0xc out/tremo_rcc.o
                0x0000000008003284                rcc_get_uart2_clk_source
 .text.rcc_get_uart3_clk_source
                0x0000000008003290        0xc out/tremo_rcc.o
                0x0000000008003290                rcc_get_uart3_clk_source
 .text.rcc_get_rtc_clk_source
                0x000000000800329c        0xc out/tremo_rcc.o
                0x000000000800329c                rcc_get_rtc_clk_source
 .text.rcc_enable_peripheral_clk
                0x00000000080032a8      0x4b4 out/tremo_rcc.o
                0x00000000080032a8                rcc_enable_peripheral_clk
 .text.rcc_enable_oscillator
                0x000000000800375c       0xfc out/tremo_rcc.o
                0x000000000800375c                rcc_enable_oscillator
 .text.rcc_rst_peripheral
                0x0000000008003858       0x4a out/tremo_rcc.o
                0x0000000008003858                rcc_rst_peripheral
 .text.DelayMs  0x00000000080038a2        0x4 out/delay.o
                0x00000000080038a2                DelayMs
 *fill*         0x00000000080038a6        0x2 
 .text.TimeStampsUpdate
                0x00000000080038a8       0x2c out/timer.o
 .text.TimerInsertNewHeadTimer
                0x00000000080038d4       0x1c out/timer.o
 .text.TimerSetSysTime
                0x00000000080038f0       0x30 out/timer.o
                0x00000000080038f0                TimerSetSysTime
 .text.TimerInit
                0x0000000008003920        0xe out/timer.o
                0x0000000008003920                TimerInit
 *fill*         0x000000000800392e        0x2 
 .text.TimerStart
                0x0000000008003930       0x78 out/timer.o
                0x0000000008003930                TimerStart
 .text.TimerIrqHandler
                0x00000000080039a8       0x68 out/timer.o
                0x00000000080039a8                TimerIrqHandler
 .text.TimerStop
                0x0000000008003a10       0x60 out/timer.o
                0x0000000008003a10                TimerStop
 .text.TimerSetValue
                0x0000000008003a70       0x10 out/timer.o
                0x0000000008003a70                TimerSetValue
 .text.TimerGetCurrentTime
                0x0000000008003a80       0x18 out/timer.o
                0x0000000008003a80                TimerGetCurrentTime
 .text.TimerGetSysTime
                0x0000000008003a98       0x2c out/timer.o
                0x0000000008003a98                TimerGetSysTime
 .text.TimerGetElapsedTime
                0x0000000008003ac4       0x12 out/timer.o
                0x0000000008003ac4                TimerGetElapsedTime
 .text.AES_CMAC_Init
                0x0000000008003ad6       0x14 out/cmac.o
                0x0000000008003ad6                AES_CMAC_Init
 .text.AES_CMAC_SetKey
                0x0000000008003aea        0xc out/cmac.o
                0x0000000008003aea                AES_CMAC_SetKey
 .text.AES_CMAC_Update
                0x0000000008003af6       0xb0 out/cmac.o
                0x0000000008003af6                AES_CMAC_Update
 .text.AES_CMAC_Final
                0x0000000008003ba6      0x15e out/cmac.o
                0x0000000008003ba6                AES_CMAC_Final
 .text.RadioCheckRfFrequency
                0x0000000008003d04        0x4 out/radio.o
                0x0000000008003d04                RadioCheckRfFrequency
 .text.RadioOnTxTimeoutIrq
                0x0000000008003d08       0x14 out/radio.o
                0x0000000008003d08                RadioOnTxTimeoutIrq
 .text.RadioOnRxTimeoutIrq
                0x0000000008003d1c       0x14 out/radio.o
                0x0000000008003d1c                RadioOnRxTimeoutIrq
 .text.RadioStandby
                0x0000000008003d30        0x6 out/radio.o
                0x0000000008003d30                RadioStandby
 *fill*         0x0000000008003d36        0x2 
 .text.RadioInit
                0x0000000008003d38       0x6c out/radio.o
                0x0000000008003d38                RadioInit
 .text.RadioGetStatus
                0x0000000008003da4       0x18 out/radio.o
                0x0000000008003da4                RadioGetStatus
 .text.RadioSetChannel
                0x0000000008003dbc        0x4 out/radio.o
                0x0000000008003dbc                RadioSetChannel
 .text.RadioRssi
                0x0000000008003dc0        0xa out/radio.o
                0x0000000008003dc0                RadioRssi
 .text.RadioRead
                0x0000000008003dca        0x4 out/radio.o
                0x0000000008003dca                RadioRead
 .text.RadioWrite
                0x0000000008003dce        0x4 out/radio.o
                0x0000000008003dce                RadioWrite
 *fill*         0x0000000008003dd2        0x2 
 .text.RadioSend
                0x0000000008003dd4       0x54 out/radio.o
                0x0000000008003dd4                RadioSend
 .text.RadioSleep
                0x0000000008003e28       0x14 out/radio.o
                0x0000000008003e28                RadioSleep
 .text.RadioSetRxDutyCycle
                0x0000000008003e3c        0x4 out/radio.o
                0x0000000008003e3c                RadioSetRxDutyCycle
 .text.RadioStartCad
                0x0000000008003e40       0x6c out/radio.o
                0x0000000008003e40                RadioStartCad
 .text.RadioSetTxContinuousWave
                0x0000000008003eac       0x4c out/radio.o
                0x0000000008003eac                RadioSetTxContinuousWave
 .text.RadioWriteBuffer
                0x0000000008003ef8        0x4 out/radio.o
                0x0000000008003ef8                RadioWriteBuffer
 .text.RadioReadBuffer
                0x0000000008003efc        0x4 out/radio.o
                0x0000000008003efc                RadioReadBuffer
 .text.RadioGetWakeupTime
                0x0000000008003f00        0xa out/radio.o
                0x0000000008003f00                RadioGetWakeupTime
 *fill*         0x0000000008003f0a        0x2 
 .text.RadioOnCadTimeoutIrq
                0x0000000008003f0c       0x20 out/radio.o
                0x0000000008003f0c                RadioOnCadTimeoutIrq
 .text.RadioGetFskBandwidthRegValue
                0x0000000008003f2c       0x34 out/radio.o
 .text.RadioSetMaxPayloadLength
                0x0000000008003f60       0x28 out/radio.o
                0x0000000008003f60                RadioSetMaxPayloadLength
 .text.RadioRx  0x0000000008003f88       0x44 out/radio.o
                0x0000000008003f88                RadioRx
 .text.RadioRxBoosted
                0x0000000008003fcc       0x40 out/radio.o
                0x0000000008003fcc                RadioRxBoosted
 .text.RadioIrqProcess
                0x000000000800400c      0x160 out/radio.o
                0x000000000800400c                RadioIrqProcess
 .text.RadioSetPublicNetwork
                0x000000000800416c       0x3c out/radio.o
                0x000000000800416c                RadioSetPublicNetwork
 .text.RadioSetModem.part.0
                0x00000000080041a8       0x24 out/radio.o
 .text.RadioSetModem
                0x00000000080041cc       0x20 out/radio.o
                0x00000000080041cc                RadioSetModem
 .text.RadioIsChannelFree
                0x00000000080041ec       0x4e out/radio.o
                0x00000000080041ec                RadioIsChannelFree
 .text.RadioRandom
                0x000000000800423a       0x3c out/radio.o
                0x000000000800423a                RadioRandom
 *fill*         0x0000000008004276        0x2 
 .text.RadioSymbTime
                0x0000000008004278       0x2c out/radio.o
                0x0000000008004278                RadioSymbTime
 *fill*         0x00000000080042a4        0x4 
 .text.RadioSetRxConfig
                0x00000000080042a8      0x21c out/radio.o
                0x00000000080042a8                RadioSetRxConfig
 *fill*         0x00000000080044c4        0x4 
 .text.RadioSetTxConfig
                0x00000000080044c8      0x198 out/radio.o
                0x00000000080044c8                RadioSetTxConfig
 .text.RadioTimeOnAir
                0x0000000008004660      0x190 out/radio.o
                0x0000000008004660                RadioTimeOnAir
 .text.RadioOnDioIrq
                0x00000000080047f0       0x24 out/radio.o
                0x00000000080047f0                RadioOnDioIrq
 .text.SX126xGetOperatingMode
                0x0000000008004814        0xc out/sx126x.o
                0x0000000008004814                SX126xGetOperatingMode
 .text.SX126xSetOperatingMode
                0x0000000008004820        0xc out/sx126x.o
                0x0000000008004820                SX126xSetOperatingMode
 .text.SX126xCheckDeviceReady
                0x000000000800482c       0x38 out/sx126x.o
                0x000000000800482c                SX126xCheckDeviceReady
 .text.SX126xSetPayload
                0x0000000008004864        0xa out/sx126x.o
                0x0000000008004864                SX126xSetPayload
 .text.SX126xSetSyncWord
                0x000000000800486e       0x12 out/sx126x.o
                0x000000000800486e                SX126xSetSyncWord
 .text.SX126xSetCrcSeed
                0x0000000008004880       0x24 out/sx126x.o
                0x0000000008004880                SX126xSetCrcSeed
 .text.SX126xSetCrcPolynomial
                0x00000000080048a4       0x24 out/sx126x.o
                0x00000000080048a4                SX126xSetCrcPolynomial
 .text.SX126xSetWhiteningSeed
                0x00000000080048c8       0x38 out/sx126x.o
                0x00000000080048c8                SX126xSetWhiteningSeed
 .text.SX126xSetSleep
                0x0000000008004900       0x24 out/sx126x.o
                0x0000000008004900                SX126xSetSleep
 .text.SX126xSetStandby
                0x0000000008004924       0x2c out/sx126x.o
                0x0000000008004924                SX126xSetStandby
 .text.SX126xSetTx
                0x0000000008004950       0x2c out/sx126x.o
                0x0000000008004950                SX126xSetTx
 .text.SX126xSendPayload
                0x000000000800497c       0x12 out/sx126x.o
                0x000000000800497c                SX126xSendPayload
 *fill*         0x000000000800498e        0x2 
 .text.SX126xSetRx
                0x0000000008004990       0x2c out/sx126x.o
                0x0000000008004990                SX126xSetRx
 .text.SX126xSetRxBoosted
                0x00000000080049bc       0x38 out/sx126x.o
                0x00000000080049bc                SX126xSetRxBoosted
 .text.SX126xSetRxDutyCycle
                0x00000000080049f4       0x38 out/sx126x.o
                0x00000000080049f4                SX126xSetRxDutyCycle
 .text.SX126xSetCad
                0x0000000008004a2c       0x18 out/sx126x.o
                0x0000000008004a2c                SX126xSetCad
 .text.SX126xSetTxContinuousWave
                0x0000000008004a44        0xa out/sx126x.o
                0x0000000008004a44                SX126xSetTxContinuousWave
 .text.SX126xSetStopRxTimerOnPreambleDetect
                0x0000000008004a4e       0x18 out/sx126x.o
                0x0000000008004a4e                SX126xSetStopRxTimerOnPreambleDetect
 .text.SX126xSetLoRaSymbNumTimeout
                0x0000000008004a66       0x18 out/sx126x.o
                0x0000000008004a66                SX126xSetLoRaSymbNumTimeout
 .text.SX126xSetRegulatorMode
                0x0000000008004a7e       0x18 out/sx126x.o
                0x0000000008004a7e                SX126xSetRegulatorMode
 *fill*         0x0000000008004a96        0x2 
 .text.SX126xCalibrateImage
                0x0000000008004a98       0x64 out/sx126x.o
                0x0000000008004a98                SX126xCalibrateImage
 .text.SX126xSetPaConfig
                0x0000000008004afc       0x24 out/sx126x.o
                0x0000000008004afc                SX126xSetPaConfig
 .text.SX126xSetDioIrqParams
                0x0000000008004b20       0x2a out/sx126x.o
                0x0000000008004b20                SX126xSetDioIrqParams
 .text.SX126xGetIrqStatus
                0x0000000008004b4a       0x1e out/sx126x.o
                0x0000000008004b4a                SX126xGetIrqStatus
 .text.SX126xSetDio2AsRfSwitchCtrl
                0x0000000008004b68       0x18 out/sx126x.o
                0x0000000008004b68                SX126xSetDio2AsRfSwitchCtrl
 .text.SX126xInit
                0x0000000008004b80       0x28 out/sx126x.o
                0x0000000008004b80                SX126xInit
 .text.SX126xSetRfFrequency
                0x0000000008004ba8       0x4c out/sx126x.o
                0x0000000008004ba8                SX126xSetRfFrequency
 .text.SX126xSetPacketType
                0x0000000008004bf4       0x20 out/sx126x.o
                0x0000000008004bf4                SX126xSetPacketType
 .text.SX126xGetPacketType
                0x0000000008004c14        0xc out/sx126x.o
                0x0000000008004c14                SX126xGetPacketType
 .text.SX126xSetTxParams
                0x0000000008004c20       0xbc out/sx126x.o
                0x0000000008004c20                SX126xSetTxParams
 *fill*         0x0000000008004cdc        0x4 
 .text.SX126xSetModulationParams
                0x0000000008004ce0       0xb4 out/sx126x.o
                0x0000000008004ce0                SX126xSetModulationParams
 .text.SX126xSetPacketParams
                0x0000000008004d94       0xac out/sx126x.o
                0x0000000008004d94                SX126xSetPacketParams
 .text.SX126xSetCadParams
                0x0000000008004e40       0x3c out/sx126x.o
                0x0000000008004e40                SX126xSetCadParams
 .text.SX126xSetBufferBaseAddress
                0x0000000008004e7c       0x1a out/sx126x.o
                0x0000000008004e7c                SX126xSetBufferBaseAddress
 .text.SX126xGetRssiInst
                0x0000000008004e96       0x1a out/sx126x.o
                0x0000000008004e96                SX126xGetRssiInst
 .text.SX126xGetRxBufferStatus
                0x0000000008004eb0       0x48 out/sx126x.o
                0x0000000008004eb0                SX126xGetRxBufferStatus
 .text.SX126xGetPayload
                0x0000000008004ef8       0x32 out/sx126x.o
                0x0000000008004ef8                SX126xGetPayload
 *fill*         0x0000000008004f2a        0x2 
 .text.SX126xGetPacketStatus
                0x0000000008004f2c       0x80 out/sx126x.o
                0x0000000008004f2c                SX126xGetPacketStatus
 .text.SX126xClearIrqStatus
                0x0000000008004fac       0x18 out/sx126x.o
                0x0000000008004fac                SX126xClearIrqStatus
 .text.rand1    0x0000000008004fc4       0x28 out/utilities.o
                0x0000000008004fc4                rand1
 .text.srand1   0x0000000008004fec        0xc out/utilities.o
                0x0000000008004fec                srand1
 .text.randr    0x0000000008004ff8       0x1a out/utilities.o
                0x0000000008004ff8                randr
 .text.memcpy1  0x0000000008005012       0x14 out/utilities.o
                0x0000000008005012                memcpy1
 .text.memcpyr  0x0000000008005026       0x14 out/utilities.o
                0x0000000008005026                memcpyr
 .text.memset1  0x000000000800503a        0xe out/utilities.o
                0x000000000800503a                memset1
 .text.RtcInit  0x0000000008005048       0x30 out/rtc-board.o
                0x0000000008005048                RtcInit
 .text.RtcSetTimeout
                0x0000000008005078       0x8c out/rtc-board.o
                0x0000000008005078                RtcSetTimeout
 .text.RtcStopTimeout
                0x0000000008005104       0x14 out/rtc-board.o
                0x0000000008005104                RtcStopTimeout
 .text.RtcGetTimerContext
                0x0000000008005118        0xc out/rtc-board.o
                0x0000000008005118                RtcGetTimerContext
 .text.RtcGetTimerValue
                0x0000000008005124      0x120 out/rtc-board.o
                0x0000000008005124                RtcGetTimerValue
 .text.RtcSetTimerContext
                0x0000000008005244       0x18 out/rtc-board.o
                0x0000000008005244                RtcSetTimerContext
 .text.RtcGetElapsedTime
                0x000000000800525c       0x18 out/rtc-board.o
                0x000000000800525c                RtcGetElapsedTime
 .text.RtcOnIrq
                0x0000000008005274       0x32 out/rtc-board.o
                0x0000000008005274                RtcOnIrq
 .text.BoardDisableIrq
                0x00000000080052a6        0x4 out/sx1262-board.o
                0x00000000080052a6                BoardDisableIrq
 .text.BoardEnableIrq
                0x00000000080052aa        0x4 out/sx1262-board.o
                0x00000000080052aa                BoardEnableIrq
 *fill*         0x00000000080052ae        0x2 
 .text.SpiInOut
                0x00000000080052b0       0x18 out/sx1262-board.o
                0x00000000080052b0                SpiInOut
 .text.SX126xLoracInit
                0x00000000080052c8       0x5c out/sx1262-board.o
                0x00000000080052c8                SX126xLoracInit
 .text.SX126xGetBoardTcxoWakeupTime
                0x0000000008005324        0x4 out/sx1262-board.o
                0x0000000008005324                SX126xGetBoardTcxoWakeupTime
 .text.SX126xReset
                0x0000000008005328       0x54 out/sx1262-board.o
                0x0000000008005328                SX126xReset
 .text.SX126xWaitOnBusy
                0x000000000800537c       0x18 out/sx1262-board.o
                0x000000000800537c                SX126xWaitOnBusy
 .text.SX126xWakeup
                0x0000000008005394       0x30 out/sx1262-board.o
                0x0000000008005394                SX126xWakeup
 .text.SX126xWriteCommand
                0x00000000080053c4       0x44 out/sx1262-board.o
                0x00000000080053c4                SX126xWriteCommand
 .text.SX126xReadCommand
                0x0000000008005408       0x48 out/sx1262-board.o
                0x0000000008005408                SX126xReadCommand
 .text.SX126xWriteRegisters
                0x0000000008005450       0x48 out/sx1262-board.o
                0x0000000008005450                SX126xWriteRegisters
 .text.SX126xWriteRegister
                0x0000000008005498       0x16 out/sx1262-board.o
                0x0000000008005498                SX126xWriteRegister
 *fill*         0x00000000080054ae        0x2 
 .text.SX126xReadRegisters
                0x00000000080054b0       0x50 out/sx1262-board.o
                0x00000000080054b0                SX126xReadRegisters
 .text.SX126xReadRegister
                0x0000000008005500       0x16 out/sx1262-board.o
                0x0000000008005500                SX126xReadRegister
 *fill*         0x0000000008005516        0x2 
 .text.SX126xWriteBuffer
                0x0000000008005518       0x48 out/sx1262-board.o
                0x0000000008005518                SX126xWriteBuffer
 .text.SX126xReadBuffer
                0x0000000008005560       0x50 out/sx1262-board.o
                0x0000000008005560                SX126xReadBuffer
 .text.SX126xSetRfTxPower
                0x00000000080055b0        0x6 out/sx1262-board.o
                0x00000000080055b0                SX126xSetRfTxPower
 .text.SX126xGetPaSelect
                0x00000000080055b6        0x4 out/sx1262-board.o
                0x00000000080055b6                SX126xGetPaSelect
 *fill*         0x00000000080055ba        0x2 
 .text.SX126xAntSwOn
                0x00000000080055bc       0x10 out/sx1262-board.o
                0x00000000080055bc                SX126xAntSwOn
 .text.SX126xAntSwOff
                0x00000000080055cc       0x10 out/sx1262-board.o
                0x00000000080055cc                SX126xAntSwOff
 .text.LoRaMacConfirmQueueInit
                0x00000000080055dc       0x34 out/LoRaMacConfirmQueue.o
                0x00000000080055dc                LoRaMacConfirmQueueInit
 .text.LoRaMacConfirmQueueAdd
                0x0000000008005610       0x44 out/LoRaMacConfirmQueue.o
                0x0000000008005610                LoRaMacConfirmQueueAdd
 .text.LoRaMacConfirmQueueRemoveLast
                0x0000000008005654       0x28 out/LoRaMacConfirmQueue.o
                0x0000000008005654                LoRaMacConfirmQueueRemoveLast
 .text.LoRaMacConfirmQueueRemoveFirst
                0x000000000800567c       0x28 out/LoRaMacConfirmQueue.o
                0x000000000800567c                LoRaMacConfirmQueueRemoveFirst
 .text.LoRaMacConfirmQueueSetStatus
                0x00000000080056a4       0x40 out/LoRaMacConfirmQueue.o
                0x00000000080056a4                LoRaMacConfirmQueueSetStatus
 .text.LoRaMacConfirmQueueGetStatus
                0x00000000080056e4       0x3c out/LoRaMacConfirmQueue.o
                0x00000000080056e4                LoRaMacConfirmQueueGetStatus
 .text.LoRaMacConfirmQueueSetStatusCmn
                0x0000000008005720       0x44 out/LoRaMacConfirmQueue.o
                0x0000000008005720                LoRaMacConfirmQueueSetStatusCmn
 .text.LoRaMacConfirmQueueGetStatusCmn
                0x0000000008005764        0xc out/LoRaMacConfirmQueue.o
                0x0000000008005764                LoRaMacConfirmQueueGetStatusCmn
 .text.LoRaMacConfirmQueueIsCmdActive
                0x0000000008005770       0x38 out/LoRaMacConfirmQueue.o
                0x0000000008005770                LoRaMacConfirmQueueIsCmdActive
 .text.LoRaMacConfirmQueueHandleCb
                0x00000000080057a8       0x60 out/LoRaMacConfirmQueue.o
                0x00000000080057a8                LoRaMacConfirmQueueHandleCb
 .text.LoRaMacConfirmQueueGetCnt
                0x0000000008005808        0xc out/LoRaMacConfirmQueue.o
                0x0000000008005808                LoRaMacConfirmQueueGetCnt
 .text.LoRaMacConfirmQueueIsFull
                0x0000000008005814       0x14 out/LoRaMacConfirmQueue.o
                0x0000000008005814                LoRaMacConfirmQueueIsFull
 .text.SetMlmeScheduleUplinkIndication
                0x0000000008005828       0x1c out/LoRaMac.o
 .text.AddMacCommand
                0x0000000008005844      0x17c out/LoRaMac.o
 .text.ResetMacParameters
                0x00000000080059c0       0x8c out/LoRaMac.o
 .text.ValidatePayloadLength
                0x0000000008005a4c       0x5c out/LoRaMac.o
 .text.OnAckTimeoutTimerEvent
                0x0000000008005aa8       0x44 out/LoRaMac.o
 .text.PrepareRxDoneAbort
                0x0000000008005aec       0x5c out/LoRaMac.o
 .text.ProcessMacCommands
                0x0000000008005b48      0x478 out/LoRaMac.o
 .text.OnRadioRxDone
                0x0000000008005fc0      0x5a8 out/LoRaMac.o
 .text.RxWindowSetup
                0x0000000008006568       0x14 out/LoRaMac.o
 .text.OnRxWindow1TimerEvent
                0x000000000800657c       0x74 out/LoRaMac.o
 .text.OnRxWindow2TimerEvent
                0x00000000080065f0       0x74 out/LoRaMac.o
 .text.OpenContinuousRx2Window
                0x0000000008006664       0x14 out/LoRaMac.o
 .text.OnRadioRxTimeout
                0x0000000008006678       0xe0 out/LoRaMac.o
 .text.OnRadioTxTimeout
                0x0000000008006758       0x3c out/LoRaMac.o
 .text.OnRadioRxError
                0x0000000008006794       0xe0 out/LoRaMac.o
 .text.OnRadioTxDone
                0x0000000008006874      0x128 out/LoRaMac.o
 .text.PrepareFrame
                0x000000000800699c      0x38c out/LoRaMac.o
                0x000000000800699c                PrepareFrame
 .text.SendFrameOnChannel
                0x0000000008006d28      0x114 out/LoRaMac.o
                0x0000000008006d28                SendFrameOnChannel
 .text.ScheduleTx
                0x0000000008006e3c      0x1a4 out/LoRaMac.o
 .text.Send     0x0000000008006fe0       0x44 out/LoRaMac.o
                0x0000000008006fe0                Send
 .text.OnTxDelayedTimerEvent
                0x0000000008007024       0x7c out/LoRaMac.o
 .text.OnMacStateCheckTimerEvent
                0x00000000080070a0      0x32c out/LoRaMac.o
 .text.SetTxContinuousWave
                0x00000000080073cc       0x60 out/LoRaMac.o
                0x00000000080073cc                SetTxContinuousWave
 .text.SetTxContinuousWave1
                0x000000000800742c       0x40 out/LoRaMac.o
                0x000000000800742c                SetTxContinuousWave1
 .text.LoRaMacInitialization
                0x000000000800746c      0x2f4 out/LoRaMac.o
                0x000000000800746c                LoRaMacInitialization
 .text.LoRaMacQueryTxPossible
                0x0000000008007760       0xdc out/LoRaMac.o
                0x0000000008007760                LoRaMacQueryTxPossible
 .text.LoRaMacMibGetRequestConfirm
                0x000000000800783c      0x150 out/LoRaMac.o
                0x000000000800783c                LoRaMacMibGetRequestConfirm
 .text.LoRaMacMulticastChannelLink
                0x000000000800798c       0x40 out/LoRaMac.o
                0x000000000800798c                LoRaMacMulticastChannelLink
 .text.LoRaMacMulticastChannelUnlink
                0x00000000080079cc       0x44 out/LoRaMac.o
                0x00000000080079cc                LoRaMacMulticastChannelUnlink
 .text.LoRaMacMibSetRequestConfirm
                0x0000000008007a10      0x350 out/LoRaMac.o
                0x0000000008007a10                LoRaMacMibSetRequestConfirm
 .text.LoRaMacMlmeRequest
                0x0000000008007d60      0x218 out/LoRaMac.o
                0x0000000008007d60                LoRaMacMlmeRequest
 .text.LoRaMacMcpsRequest
                0x0000000008007f78      0x130 out/LoRaMac.o
                0x0000000008007f78                LoRaMacMcpsRequest
 .text.LoRaMacClassBInit
                0x00000000080080a8        0x2 out/LoRaMacClassB.o
                0x00000000080080a8                LoRaMacClassBInit
 .text.LoRaMacClassBSetBeaconState
                0x00000000080080aa        0x2 out/LoRaMacClassB.o
                0x00000000080080aa                LoRaMacClassBSetBeaconState
 .text.LoRaMacClassBSetPingSlotState
                0x00000000080080ac        0x2 out/LoRaMacClassB.o
                0x00000000080080ac                LoRaMacClassBSetPingSlotState
 .text.LoRaMacClassBSetMulticastSlotState
                0x00000000080080ae        0x2 out/LoRaMacClassB.o
                0x00000000080080ae                LoRaMacClassBSetMulticastSlotState
 .text.LoRaMacClassBIsAcquisitionInProgress
                0x00000000080080b0        0x4 out/LoRaMacClassB.o
                0x00000000080080b0                LoRaMacClassBIsAcquisitionInProgress
 .text.LoRaMacClassBBeaconTimerEvent
                0x00000000080080b4        0x2 out/LoRaMacClassB.o
                0x00000000080080b4                LoRaMacClassBBeaconTimerEvent
 .text.LoRaMacClassBPingSlotTimerEvent
                0x00000000080080b6        0x2 out/LoRaMacClassB.o
                0x00000000080080b6                LoRaMacClassBPingSlotTimerEvent
 .text.LoRaMacClassBMulticastSlotTimerEvent
                0x00000000080080b8        0x2 out/LoRaMacClassB.o
                0x00000000080080b8                LoRaMacClassBMulticastSlotTimerEvent
 .text.LoRaMacClassBRxBeacon
                0x00000000080080ba        0x4 out/LoRaMacClassB.o
                0x00000000080080ba                LoRaMacClassBRxBeacon
 .text.LoRaMacClassBIsBeaconExpected
                0x00000000080080be        0x4 out/LoRaMacClassB.o
                0x00000000080080be                LoRaMacClassBIsBeaconExpected
 .text.LoRaMacClassBIsPingExpected
                0x00000000080080c2        0x4 out/LoRaMacClassB.o
                0x00000000080080c2                LoRaMacClassBIsPingExpected
 .text.LoRaMacClassBIsMulticastExpected
                0x00000000080080c6        0x4 out/LoRaMacClassB.o
                0x00000000080080c6                LoRaMacClassBIsMulticastExpected
 .text.LoRaMacClassBIsBeaconModeActive
                0x00000000080080ca        0x4 out/LoRaMacClassB.o
                0x00000000080080ca                LoRaMacClassBIsBeaconModeActive
 .text.LoRaMacClassBSetPingSlotInfo
                0x00000000080080ce        0x2 out/LoRaMacClassB.o
                0x00000000080080ce                LoRaMacClassBSetPingSlotInfo
 .text.LoRaMacClassBHaltBeaconing
                0x00000000080080d0        0x2 out/LoRaMacClassB.o
                0x00000000080080d0                LoRaMacClassBHaltBeaconing
 .text.LoRaMacClassBResumeBeaconing
                0x00000000080080d2        0x2 out/LoRaMacClassB.o
                0x00000000080080d2                LoRaMacClassBResumeBeaconing
 .text.LoRaMacClassBSwitchClass
                0x00000000080080d4        0x4 out/LoRaMacClassB.o
                0x00000000080080d4                LoRaMacClassBSwitchClass
 .text.LoRaMacClassBMibGetRequestConfirm
                0x00000000080080d8        0x4 out/LoRaMacClassB.o
                0x00000000080080d8                LoRaMacClassBMibGetRequestConfirm
 .text.LoRaMacMibClassBSetRequestConfirm
                0x00000000080080dc        0x4 out/LoRaMacClassB.o
                0x00000000080080dc                LoRaMacMibClassBSetRequestConfirm
 .text.LoRaMacClassBPingSlotInfoAns
                0x00000000080080e0        0x2 out/LoRaMacClassB.o
                0x00000000080080e0                LoRaMacClassBPingSlotInfoAns
 .text.LoRaMacClassBPingSlotChannelReq
                0x00000000080080e2        0x4 out/LoRaMacClassB.o
                0x00000000080080e2                LoRaMacClassBPingSlotChannelReq
 .text.LoRaMacClassBBeaconTimingAns
                0x00000000080080e6        0x2 out/LoRaMacClassB.o
                0x00000000080080e6                LoRaMacClassBBeaconTimingAns
 .text.LoRaMacClassBDeviceTimeAns
                0x00000000080080e8        0x2 out/LoRaMacClassB.o
                0x00000000080080e8                LoRaMacClassBDeviceTimeAns
 .text.LoRaMacClassBBeaconFreqReq
                0x00000000080080ea        0x4 out/LoRaMacClassB.o
                0x00000000080080ea                LoRaMacClassBBeaconFreqReq
 .text.LoRaMacClassBIsUplinkCollision
                0x00000000080080ee        0x6 out/LoRaMacClassB.o
                0x00000000080080ee                LoRaMacClassBIsUplinkCollision
 .text.LoRaMacClassBStopRxSlots
                0x00000000080080f4        0x2 out/LoRaMacClassB.o
                0x00000000080080f4                LoRaMacClassBStopRxSlots
 .text.LoRaMacClassBSetMulticastPeriodicity
                0x00000000080080f6        0x2 out/LoRaMacClassB.o
                0x00000000080080f6                LoRaMacClassBSetMulticastPeriodicity
 .text.LoRaMacComputeMic
                0x00000000080080f8       0x70 out/LoRaMacCrypto.o
                0x00000000080080f8                LoRaMacComputeMic
 .text.LoRaMacPayloadEncrypt
                0x0000000008008168       0xe0 out/LoRaMacCrypto.o
                0x0000000008008168                LoRaMacPayloadEncrypt
 .text.LoRaMacPayloadDecrypt
                0x0000000008008248       0x10 out/LoRaMacCrypto.o
                0x0000000008008248                LoRaMacPayloadDecrypt
 .text.LoRaMacJoinComputeMic
                0x0000000008008258       0x3c out/LoRaMacCrypto.o
                0x0000000008008258                LoRaMacJoinComputeMic
 .text.LoRaMacJoinDecrypt
                0x0000000008008294       0x3e out/LoRaMacCrypto.o
                0x0000000008008294                LoRaMacJoinDecrypt
 .text.LoRaMacJoinComputeSKeys
                0x00000000080082d2       0x86 out/LoRaMacCrypto.o
                0x00000000080082d2                LoRaMacJoinComputeSKeys
 .text.RegionIsActive
                0x0000000008008358        0x8 out/Region.o
                0x0000000008008358                RegionIsActive
 .text.RegionGetPhyParam
                0x0000000008008360       0x12 out/Region.o
                0x0000000008008360                RegionGetPhyParam
 .text.RegionSetBandTxDone
                0x0000000008008372        0xa out/Region.o
                0x0000000008008372                RegionSetBandTxDone
 .text.RegionInitDefaults
                0x000000000800837c        0xa out/Region.o
                0x000000000800837c                RegionInitDefaults
 .text.RegionVerify
                0x0000000008008386       0x10 out/Region.o
                0x0000000008008386                RegionVerify
 .text.RegionApplyCFList
                0x0000000008008396        0xa out/Region.o
                0x0000000008008396                RegionApplyCFList
 .text.RegionChanMaskSet
                0x00000000080083a0        0xc out/Region.o
                0x00000000080083a0                RegionChanMaskSet
 .text.RegionAdrNext
                0x00000000080083ac       0x1e out/Region.o
                0x00000000080083ac                RegionAdrNext
 .text.RegionComputeRxWindowParameters
                0x00000000080083ca       0x1c out/Region.o
                0x00000000080083ca                RegionComputeRxWindowParameters
 .text.RegionRxConfig
                0x00000000080083e6       0x10 out/Region.o
                0x00000000080083e6                RegionRxConfig
 .text.RegionTxConfig
                0x00000000080083f6       0x1c out/Region.o
                0x00000000080083f6                RegionTxConfig
 .text.RegionLinkAdrReq
                0x0000000008008412       0x1e out/Region.o
                0x0000000008008412                RegionLinkAdrReq
 .text.RegionRxParamSetupReq
                0x0000000008008430        0xc out/Region.o
                0x0000000008008430                RegionRxParamSetupReq
 .text.RegionNewChannelReq
                0x000000000800843c        0xc out/Region.o
                0x000000000800843c                RegionNewChannelReq
 .text.RegionTxParamSetupReq
                0x0000000008008448        0xc out/Region.o
                0x0000000008008448                RegionTxParamSetupReq
 .text.RegionDlChannelReq
                0x0000000008008454        0xc out/Region.o
                0x0000000008008454                RegionDlChannelReq
 .text.RegionAlternateDr
                0x0000000008008460        0xc out/Region.o
                0x0000000008008460                RegionAlternateDr
 .text.RegionCalcBackOff
                0x000000000800846c        0xa out/Region.o
                0x000000000800846c                RegionCalcBackOff
 .text.RegionNextChannel
                0x0000000008008476       0x1e out/Region.o
                0x0000000008008476                RegionNextChannel
 .text.RegionSetContinuousWave
                0x0000000008008494        0xa out/Region.o
                0x0000000008008494                RegionSetContinuousWave
 .text.RegionApplyDrOffset
                0x000000000800849e       0x1c out/Region.o
                0x000000000800849e                RegionApplyDrOffset
 *fill*         0x00000000080084ba        0x2 
 .text.RegionCommonGetJoinDc
                0x00000000080084bc       0x30 out/RegionCommon.o
                0x00000000080084bc                RegionCommonGetJoinDc
 .text.RegionCommonChanVerifyDr
                0x00000000080084ec       0x66 out/RegionCommon.o
                0x00000000080084ec                RegionCommonChanVerifyDr
 .text.RegionCommonValueInRange
                0x0000000008008552       0x12 out/RegionCommon.o
                0x0000000008008552                RegionCommonValueInRange
 .text.RegionCommonChanDisable
                0x0000000008008564       0x32 out/RegionCommon.o
                0x0000000008008564                RegionCommonChanDisable
 .text.RegionCommonCountChannels
                0x0000000008008596       0x3c out/RegionCommon.o
                0x0000000008008596                RegionCommonCountChannels
 .text.RegionCommonChanMaskCopy
                0x00000000080085d2       0x1e out/RegionCommon.o
                0x00000000080085d2                RegionCommonChanMaskCopy
 .text.RegionCommonSetBandTxDone
                0x00000000080085f0        0xe out/RegionCommon.o
                0x00000000080085f0                RegionCommonSetBandTxDone
 .text.RegionCommonUpdateBandTimeOff
                0x00000000080085fe      0x10a out/RegionCommon.o
                0x00000000080085fe                RegionCommonUpdateBandTimeOff
 .text.RegionCommonParseLinkAdrReq
                0x0000000008008708       0x34 out/RegionCommon.o
                0x0000000008008708                RegionCommonParseLinkAdrReq
 .text.RegionCommonComputeSymbolTimeLoRa
                0x000000000800873c       0x34 out/RegionCommon.o
                0x000000000800873c                RegionCommonComputeSymbolTimeLoRa
 .text.RegionCommonComputeSymbolTimeFsk
                0x0000000008008770       0x18 out/RegionCommon.o
                0x0000000008008770                RegionCommonComputeSymbolTimeFsk
 .text.RegionCommonComputeRxWindowParameters
                0x0000000008008788       0xac out/RegionCommon.o
                0x0000000008008788                RegionCommonComputeRxWindowParameters
 .text.RegionCommonComputeTxPower
                0x0000000008008834       0x30 out/RegionCommon.o
                0x0000000008008834                RegionCommonComputeTxPower
 .text.VerifyTxFreq
                0x0000000008008864       0x28 out/RegionAS923.o
 .text.RegionAS923GetPhyParam
                0x000000000800888c      0x130 out/RegionAS923.o
                0x000000000800888c                RegionAS923GetPhyParam
 .text.RegionAS923SetBandTxDone
                0x00000000080089bc       0x2c out/RegionAS923.o
                0x00000000080089bc                RegionAS923SetBandTxDone
 .text.RegionAS923InitDefaults
                0x00000000080089e8       0x50 out/RegionAS923.o
                0x00000000080089e8                RegionAS923InitDefaults
 .text.RegionAS923Verify
                0x0000000008008a38       0x56 out/RegionAS923.o
                0x0000000008008a38                RegionAS923Verify
 *fill*         0x0000000008008a8e        0x2 
 .text.RegionAS923ChanMaskSet
                0x0000000008008a90       0x34 out/RegionAS923.o
                0x0000000008008a90                RegionAS923ChanMaskSet
 .text.RegionAS923AdrNext
                0x0000000008008ac4       0xa8 out/RegionAS923.o
                0x0000000008008ac4                RegionAS923AdrNext
 .text.RegionAS923ComputeRxWindowParameters
                0x0000000008008b6c       0x84 out/RegionAS923.o
                0x0000000008008b6c                RegionAS923ComputeRxWindowParameters
 .text.RegionAS923RxConfig
                0x0000000008008bf0       0xec out/RegionAS923.o
                0x0000000008008bf0                RegionAS923RxConfig
 .text.RegionAS923TxConfig
                0x0000000008008cdc      0x10c out/RegionAS923.o
                0x0000000008008cdc                RegionAS923TxConfig
 .text.RegionAS923LinkAdrReq
                0x0000000008008de8      0x110 out/RegionAS923.o
                0x0000000008008de8                RegionAS923LinkAdrReq
 .text.RegionAS923RxParamSetupReq
                0x0000000008008ef8       0x44 out/RegionAS923.o
                0x0000000008008ef8                RegionAS923RxParamSetupReq
 .text.RegionAS923TxParamSetupReq
                0x0000000008008f3c        0x4 out/RegionAS923.o
                0x0000000008008f3c                RegionAS923TxParamSetupReq
 .text.RegionAS923DlChannelReq
                0x0000000008008f40       0x38 out/RegionAS923.o
                0x0000000008008f40                RegionAS923DlChannelReq
 .text.RegionAS923AlternateDr
                0x0000000008008f78        0x4 out/RegionAS923.o
                0x0000000008008f78                RegionAS923AlternateDr
 .text.RegionAS923CalcBackOff
                0x0000000008008f7c       0x98 out/RegionAS923.o
                0x0000000008008f7c                RegionAS923CalcBackOff
 .text.RegionAS923NextChannel
                0x0000000008009014      0x188 out/RegionAS923.o
                0x0000000008009014                RegionAS923NextChannel
 .text.RegionAS923ChannelAdd
                0x000000000800919c       0xd4 out/RegionAS923.o
                0x000000000800919c                RegionAS923ChannelAdd
 .text.RegionAS923ChannelsRemove
                0x0000000008009270       0x30 out/RegionAS923.o
                0x0000000008009270                RegionAS923ChannelsRemove
 .text.RegionAS923ApplyCFList
                0x00000000080092a0       0x78 out/RegionAS923.o
                0x00000000080092a0                RegionAS923ApplyCFList
 .text.RegionAS923NewChannelReq
                0x0000000008009318       0x40 out/RegionAS923.o
                0x0000000008009318                RegionAS923NewChannelReq
 .text.RegionAS923SetContinuousWave
                0x0000000008009358       0x4c out/RegionAS923.o
                0x0000000008009358                RegionAS923SetContinuousWave
 .text.RegionAS923ApplyDrOffset
                0x00000000080093a4       0x2c out/RegionAS923.o
                0x00000000080093a4                RegionAS923ApplyDrOffset
 .text.Reset_Handler
                0x00000000080093d0       0x48 out/startup_cm4.o
                0x00000000080093d0                Reset_Handler
 .text.Default_Handler
                0x0000000008009418        0x2 out/startup_cm4.o
                0x0000000008009418                SCC_IRQHandler
                0x0000000008009418                TIMER2_IRQHandler
                0x0000000008009418                EFC_IRQHandler
                0x0000000008009418                I2C0_IRQHandler
                0x0000000008009418                SAC_IRQHandler
                0x0000000008009418                I2C1_IRQHandler
                0x0000000008009418                UART1_IRQHandler
                0x0000000008009418                BSTIMER0_IRQHandler
                0x0000000008009418                TIMER3_IRQHandler
                0x0000000008009418                UART0_IRQHandler
                0x0000000008009418                SEC_IRQHandler
                0x0000000008009418                WDG_IRQHandler
                0x0000000008009418                LPTIMER1_IRQHandler
                0x0000000008009418                LPTIMER0_IRQHandler
                0x0000000008009418                SSP0_IRQHandler
                0x0000000008009418                I2S_IRQHandler
                0x0000000008009418                I2C2_IRQHandler
                0x0000000008009418                TIMER0_IRQHandler
                0x0000000008009418                LCD_IRQHandler
                0x0000000008009418                LPUART_IRQHandler
                0x0000000008009418                TIMER1_IRQHandler
                0x0000000008009418                UART2_IRQHandler
                0x0000000008009418                Default_Handler
                0x0000000008009418                ADC_IRQHandler
                0x0000000008009418                SSP1_IRQHandler
                0x0000000008009418                DMA0_IRQHandler
                0x0000000008009418                IWDG_IRQHandler
                0x0000000008009418                SSP2_IRQHandler
                0x0000000008009418                BSTIMER1_IRQHandler
                0x0000000008009418                DAC_IRQHandler
                0x0000000008009418                AFEC_IRQHandler
                0x0000000008009418                UART3_IRQHandler
                0x0000000008009418                QSPI_IRQHandler
                0x0000000008009418                DMA1_IRQHandler
 *fill*         0x000000000800941a        0x2 
 .text.startup  0x000000000800941c       0x14 /usr/lib/gcc/arm-none-eabi/9.2.1/../../../arm-none-eabi/lib/thumb/v7e-m/nofp/libc.a(lib_a-__call_atexit.o)
 *(.glue_7)
 .glue_7        0x0000000008009430        0x0 linker stubs
 *(.glue_7t)
 .glue_7t       0x0000000008009430        0x0 linker stubs
 *(.eh_frame)
 .eh_frame      0x0000000008009430        0x0 /usr/lib/gcc/arm-none-eabi/9.2.1/thumb/v7e-m/nofp/crtbegin.o
 *(.init)
 .init          0x0000000008009430        0x4 /usr/lib/gcc/arm-none-eabi/9.2.1/thumb/v7e-m/nofp/crti.o
                0x0000000008009430                _init
 .init          0x0000000008009434        0x8 /usr/lib/gcc/arm-none-eabi/9.2.1/thumb/v7e-m/nofp/crtn.o
 *(.fini)
 .fini          0x000000000800943c        0x4 /usr/lib/gcc/arm-none-eabi/9.2.1/thumb/v7e-m/nofp/crti.o
                0x000000000800943c                _fini
 .fini          0x0000000008009440        0x8 /usr/lib/gcc/arm-none-eabi/9.2.1/thumb/v7e-m/nofp/crtn.o
                0x0000000008009448                . = ALIGN (0x4)
                0x0000000008009448                _etext = .

.vfp11_veneer   0x0000000008009448        0x0
 .vfp11_veneer  0x0000000008009448        0x0 linker stubs

.v4_bx          0x0000000008009448        0x0
 .v4_bx         0x0000000008009448        0x0 linker stubs

.iplt           0x0000000008009448        0x0
 .iplt          0x0000000008009448        0x0 /usr/lib/gcc/arm-none-eabi/9.2.1/thumb/v7e-m/nofp/crtbegin.o

.rodata         0x0000000008009448      0x418
                0x0000000008009448                . = ALIGN (0x4)
 *(.rodata)
 .rodata        0x0000000008009448       0x50 out/printf-stdarg.o
 .rodata        0x0000000008009498        0xc out/tremo_uart.o
 *fill*         0x00000000080094a4        0x4 
 .rodata        0x00000000080094a8      0x188 out/radio.o
                0x00000000080094a8                FskBandwidths
                0x00000000080095b8                Bandwidths
                0x00000000080095c4                Radio
 .rodata        0x0000000008009630       0x11 out/sx126x.o
 .rodata        0x0000000008009641       0x18 out/rtc-board.o
 .rodata        0x0000000008009659       0x10 out/LoRaMac.o
 *fill*         0x0000000008009669        0x3 
 .rodata        0x000000000800966c       0x67 out/RegionAS923.o
 *fill*         0x00000000080096d3        0x1 
 .rodata        0x00000000080096d4       0x10 /home/hung382/MET/drivers/crypto/lib/libcrypto.a(aes.o)
 .rodata        0x00000000080096e4        0x4 /usr/lib/gcc/arm-none-eabi/9.2.1/../../../arm-none-eabi/lib/thumb/v7e-m/nofp/libc.a(lib_a-impure.o)
                0x00000000080096e4                _global_impure_ptr
 .rodata        0x00000000080096e8       0x10 /usr/lib/gcc/arm-none-eabi/9.2.1/../../../arm-none-eabi/lib/thumb/v7e-m/nofp/libm.a(lib_a-s_rint.o)
 *(.rodata*)
 .rodata.str1.1
                0x00000000080096f8      0x14e out/classA.o
 .rodata.str1.1
                0x0000000008009846       0x19 out/printf-stdarg.o
                0x0000000008009860                . = ALIGN (0x4)
 *fill*         0x000000000800985f        0x1 

.ARM.extab
 *(.ARM.extab* .gnu.linkonce.armextab.*)

.ARM            0x0000000008009860        0x8
                0x0000000008009860                __exidx_start = .
 *(.ARM.exidx*)
 .ARM.exidx     0x0000000008009860        0x8 /usr/lib/gcc/arm-none-eabi/9.2.1/thumb/v7e-m/nofp/libgcc.a(_udivmoddi4.o)
                0x0000000008009868                __exidx_end = .

.rel.dyn        0x0000000008009868        0x0
 .rel.iplt      0x0000000008009868        0x0 /usr/lib/gcc/arm-none-eabi/9.2.1/thumb/v7e-m/nofp/crtbegin.o

.preinit_array  0x0000000008009868        0x0
                0x0000000008009868                PROVIDE (__preinit_array_start = .)
 *(.preinit_array*)
                0x0000000008009868                PROVIDE (__preinit_array_end = .)

.init_array     0x0000000008009868        0x8
                0x0000000008009868                PROVIDE (__init_array_start = .)
 *(SORT_BY_NAME(.init_array.*))
 .init_array.00000
                0x0000000008009868        0x4 /usr/lib/gcc/arm-none-eabi/9.2.1/../../../arm-none-eabi/lib/thumb/v7e-m/nofp/libc.a(lib_a-__call_atexit.o)
 *(.init_array*)
 .init_array    0x000000000800986c        0x4 /usr/lib/gcc/arm-none-eabi/9.2.1/thumb/v7e-m/nofp/crtbegin.o
                0x0000000008009870                PROVIDE (__init_array_end = .)

.fini_array     0x0000000008009870        0x4
                0x0000000008009870                PROVIDE (__fini_array_start = .)
 *(SORT_BY_NAME(.fini_array.*))
 *(.fini_array*)
 .fini_array    0x0000000008009870        0x4 /usr/lib/gcc/arm-none-eabi/9.2.1/thumb/v7e-m/nofp/crtbegin.o
                0x0000000008009874                PROVIDE (__fini_array_end = .)
                0x0000000008009874                _sidata = LOADADDR (.data)

.data           0x0000000020000000      0x4b0 load address 0x0000000008009874
                0x0000000020000000                . = ALIGN (0x4)
                0x0000000020000000                _sdata = .
 *(.data)
 .data          0x0000000020000000       0x28 out/classA.o
 .data          0x0000000020000028        0x9 out/main.o
                0x0000000020000028                ir_pin
                0x000000002000002c                GPIO_USING
                0x0000000020000030                Signal_LED
 .data          0x0000000020000031        0x1 out/radio.o
                0x0000000020000031                MaxPayloadLength
 *fill*         0x0000000020000032        0x2 
 .data          0x0000000020000034        0x4 out/utilities.o
 .data          0x0000000020000038        0x3 out/LoRaMac.o
 .data          0x000000002000003b       0x20 out/LoRaMacCrypto.o
 *fill*         0x000000002000005b        0x5 
 .data          0x0000000020000060       0x20 out/RegionAS923.o
 .data          0x0000000020000080      0x430 /usr/lib/gcc/arm-none-eabi/9.2.1/../../../arm-none-eabi/lib/thumb/v7e-m/nofp/libc.a(lib_a-impure.o)
                0x0000000020000080                _impure_ptr
 *(.data*)
                0x00000000200004b0                . = ALIGN (0x4)
                0x00000000200004b0                _edata = .

.tm_clone_table
                0x00000000200004b0        0x0 load address 0x0000000008009d24
 .tm_clone_table
                0x00000000200004b0        0x0 /usr/lib/gcc/arm-none-eabi/9.2.1/thumb/v7e-m/nofp/crtbegin.o
 .tm_clone_table
                0x00000000200004b0        0x0 /usr/lib/gcc/arm-none-eabi/9.2.1/thumb/v7e-m/nofp/crtend.o

.igot.plt       0x00000000200004b0        0x0 load address 0x0000000008009d24
 .igot.plt      0x00000000200004b0        0x0 /usr/lib/gcc/arm-none-eabi/9.2.1/thumb/v7e-m/nofp/crtbegin.o
                0x00000000200004b0                . = ALIGN (0x4)

.bss            0x00000000200004b0      0x8c0 load address 0x0000000008009d24
                0x00000000200004b0                _sbss = .
                0x00000000200004b0                __bss_start__ = _sbss
 *(.bss)
 .bss           0x00000000200004b0       0x1c /usr/lib/gcc/arm-none-eabi/9.2.1/thumb/v7e-m/nofp/crtbegin.o
 .bss           0x00000000200004cc       0x2a out/classA.o
                0x00000000200004e4                count
                0x00000000200004e5                connection_state
 .bss           0x00000000200004f6        0x1 out/main.o
                0x00000000200004f6                interrupt_flag
 .bss           0x00000000200004f7        0x1 out/tremo_delay.o
 .bss           0x00000000200004f8       0x11 out/timer.o
                0x0000000020000508                HasLoopedThroughMain
 *fill*         0x0000000020000509        0x3 
 .bss           0x000000002000050c       0x16 out/radio.o
                0x0000000020000510                IrqFired
                0x0000000020000514                TxTimeout
                0x0000000020000518                RxContinuous
                0x000000002000051c                RxTimeout
 *fill*         0x0000000020000522        0x2 
 .bss           0x0000000020000524        0x8 out/sx126x.o
                0x0000000020000528                FrequencyError
 .bss           0x000000002000052c        0x9 out/rtc-board.o
                0x0000000020000530                McuWakeUpTime
                0x0000000020000534                NonScheduledWakeUp
 .bss           0x0000000020000535        0x1 out/sx1262-board.o
                0x0000000020000535                gPaOptSetting
 *fill*         0x0000000020000536        0x2 
 .bss           0x0000000020000538       0x19 out/LoRaMacConfirmQueue.o
 *fill*         0x0000000020000551        0x7 
 .bss           0x0000000020000558      0x4d9 out/LoRaMac.o
                0x0000000020000628                LoRaMacState
                0x00000000200009d0                TxTimeOnAir
 *fill*         0x0000000020000a31        0x3 
 .bss           0x0000000020000a34       0x44 out/LoRaMacCrypto.o
 .bss           0x0000000020000a78       0xc4 out/RegionAS923.o
 *(.bss*)
 *(COMMON)
 COMMON         0x0000000020000b3c        0x1 out/classA.o
                0x0000000020000b3c                last_ir_state
 *fill*         0x0000000020000b3d        0x3 
 COMMON         0x0000000020000b40      0x190 out/radio.o
                0x0000000020000b40                irqRegs
                0x0000000020000b44                SX126x
                0x0000000020000b80                TxTimeoutTimer
                0x0000000020000b94                RadioRxPayload
                0x0000000020000c94                CadTimeoutTimer
                0x0000000020000ca8                RadioPktStatus
                0x0000000020000cbc                RxTimeoutTimer
 COMMON         0x0000000020000cd0       0x18 out/rtc-board.o
                0x0000000020000cd0                RtcCalendarContext
                0x0000000020000ce0                RtcTimerContext
 COMMON         0x0000000020000ce8        0xc out/LoRaMacConfirmQueue.o
                0x0000000020000ce8                CommonStatus
                0x0000000020000cec                BufferStart
                0x0000000020000cf0                BufferEnd
 COMMON         0x0000000020000cf4       0x7c out/LoRaMac.o
                0x0000000020000cf4                LoRaMacFlags
                0x0000000020000cf8                LoRaMacParamsDefaults
                0x0000000020000d34                LoRaMacParams
                0x0000000020000d70                . = ALIGN (0x4)
                0x0000000020000d70                _ebss = .
                0x0000000020000d70                __bss_end__ = _ebss

.heap           0x0000000020000d70        0x0 load address 0x0000000008009d24
                0x0000000020000d70                . = ALIGN (0x4)
                0x0000000020000d70                _heap_bottom = .
                0x0000000020000d70                end = _heap_bottom
                0x0000000020000d70                _end = end
                0x0000000020000d70                __end = end
                0x0000000020000d70                . = (. + _HEAP_SIZE)
                0x0000000020000d70                _heap_top = .

.stack          0x0000000020000d70     0x1000 load address 0x0000000008009d24
                0x0000000020000d70                . = ALIGN (0x4)
                0x0000000020000d70                _stack_bottom = .
                0x0000000020001d70                . = (. + _STACK_SIZE)
 *fill*         0x0000000020000d70     0x1000 
                0x0000000020001d70                _stack_top = .

/DISCARD/
 libc.a(*)
 libm.a(*)
 libgcc.a(*)

.ARM.attributes
                0x0000000000000000       0x2e
 *(.ARM.attributes)
 .ARM.attributes
                0x0000000000000000       0x1e /usr/lib/gcc/arm-none-eabi/9.2.1/thumb/v7e-m/nofp/crti.o
 .ARM.attributes
                0x000000000000001e       0x2e /usr/lib/gcc/arm-none-eabi/9.2.1/thumb/v7e-m/nofp/crtbegin.o
 .ARM.attributes
                0x000000000000004c       0x32 out/tremo_it.o
 .ARM.attributes
                0x000000000000007e       0x32 out/classA.o
 .ARM.attributes
                0x00000000000000b0       0x32 out/main.o
 .ARM.attributes
                0x00000000000000e2       0x32 out/printf-stdarg.o
 .ARM.attributes
                0x0000000000000114       0x32 out/system_cm4.o
 .ARM.attributes
                0x0000000000000146       0x32 out/tremo_uart.o
 .ARM.attributes
                0x0000000000000178       0x32 out/tremo_gpio.o
 .ARM.attributes
                0x00000000000001aa       0x32 out/tremo_delay.o
 .ARM.attributes
                0x00000000000001dc       0x32 out/tremo_rtc.o
 .ARM.attributes
                0x000000000000020e       0x32 out/tremo_pwr.o
 .ARM.attributes
                0x0000000000000240       0x32 out/tremo_rcc.o
 .ARM.attributes
                0x0000000000000272       0x32 out/delay.o
 .ARM.attributes
                0x00000000000002a4       0x32 out/timer.o
 .ARM.attributes
                0x00000000000002d6       0x32 out/cmac.o
 .ARM.attributes
                0x0000000000000308       0x32 out/radio.o
 .ARM.attributes
                0x000000000000033a       0x32 out/sx126x.o
 .ARM.attributes
                0x000000000000036c       0x32 out/utilities.o
 .ARM.attributes
                0x000000000000039e       0x32 out/rtc-board.o
 .ARM.attributes
                0x00000000000003d0       0x32 out/sx1262-board.o
 .ARM.attributes
                0x0000000000000402       0x32 out/LoRaMacConfirmQueue.o
 .ARM.attributes
                0x0000000000000434       0x32 out/LoRaMac.o
 .ARM.attributes
                0x0000000000000466       0x32 out/LoRaMacClassB.o
 .ARM.attributes
                0x0000000000000498       0x32 out/LoRaMacCrypto.o
 .ARM.attributes
                0x00000000000004ca       0x32 out/Region.o
 .ARM.attributes
                0x00000000000004fc       0x32 out/RegionCommon.o
 .ARM.attributes
                0x000000000000052e       0x32 out/RegionAS923.o
 .ARM.attributes
                0x0000000000000560       0x21 out/startup_cm4.o
 .ARM.attributes
                0x0000000000000581       0x2e /home/hung382/MET/drivers/crypto/lib/libcrypto.a(aes.o)
 .ARM.attributes
                0x00000000000005af       0x1e /usr/lib/gcc/arm-none-eabi/9.2.1/thumb/v7e-m/nofp/libgcc.a(_arm_addsubdf3.o)
 .ARM.attributes
                0x00000000000005cd       0x1e /usr/lib/gcc/arm-none-eabi/9.2.1/thumb/v7e-m/nofp/libgcc.a(_arm_muldivdf3.o)
 .ARM.attributes
                0x00000000000005eb       0x1e /usr/lib/gcc/arm-none-eabi/9.2.1/thumb/v7e-m/nofp/libgcc.a(_arm_cmpdf2.o)
 .ARM.attributes
                0x0000000000000609       0x1e /usr/lib/gcc/arm-none-eabi/9.2.1/thumb/v7e-m/nofp/libgcc.a(_arm_fixdfsi.o)
 .ARM.attributes
                0x0000000000000627       0x1e /usr/lib/gcc/arm-none-eabi/9.2.1/thumb/v7e-m/nofp/libgcc.a(_arm_fixunsdfsi.o)
 .ARM.attributes
                0x0000000000000645       0x1e /usr/lib/gcc/arm-none-eabi/9.2.1/thumb/v7e-m/nofp/libgcc.a(_aeabi_uldivmod.o)
 .ARM.attributes
                0x0000000000000663       0x2e /usr/lib/gcc/arm-none-eabi/9.2.1/thumb/v7e-m/nofp/libgcc.a(_fixunsdfdi.o)
 .ARM.attributes
                0x0000000000000691       0x2e /usr/lib/gcc/arm-none-eabi/9.2.1/thumb/v7e-m/nofp/libgcc.a(_udivmoddi4.o)
 .ARM.attributes
                0x00000000000006bf       0x1e /usr/lib/gcc/arm-none-eabi/9.2.1/thumb/v7e-m/nofp/libgcc.a(_dvmd_tls.o)
 .ARM.attributes
                0x00000000000006dd       0x2e /usr/lib/gcc/arm-none-eabi/9.2.1/../../../arm-none-eabi/lib/thumb/v7e-m/nofp/libc.a(lib_a-atexit.o)
 .ARM.attributes
                0x000000000000070b       0x2e /usr/lib/gcc/arm-none-eabi/9.2.1/../../../arm-none-eabi/lib/thumb/v7e-m/nofp/libc.a(lib_a-fini.o)
 .ARM.attributes
                0x0000000000000739       0x2e /usr/lib/gcc/arm-none-eabi/9.2.1/../../../arm-none-eabi/lib/thumb/v7e-m/nofp/libc.a(lib_a-impure.o)
 .ARM.attributes
                0x0000000000000767       0x2e /usr/lib/gcc/arm-none-eabi/9.2.1/../../../arm-none-eabi/lib/thumb/v7e-m/nofp/libc.a(lib_a-init.o)
 .ARM.attributes
                0x0000000000000795       0x1c /usr/lib/gcc/arm-none-eabi/9.2.1/../../../arm-none-eabi/lib/thumb/v7e-m/nofp/libc.a(lib_a-memcpy.o)
 .ARM.attributes
                0x00000000000007b1       0x2e /usr/lib/gcc/arm-none-eabi/9.2.1/../../../arm-none-eabi/lib/thumb/v7e-m/nofp/libc.a(lib_a-memset.o)
 .ARM.attributes
                0x00000000000007df       0x2e /usr/lib/gcc/arm-none-eabi/9.2.1/../../../arm-none-eabi/lib/thumb/v7e-m/nofp/libc.a(lib_a-__atexit.o)
 .ARM.attributes
                0x000000000000080d       0x2e /usr/lib/gcc/arm-none-eabi/9.2.1/../../../arm-none-eabi/lib/thumb/v7e-m/nofp/libc.a(lib_a-__call_atexit.o)
 .ARM.attributes
                0x000000000000083b       0x2e /usr/lib/gcc/arm-none-eabi/9.2.1/thumb/v7e-m/nofp/crtend.o
 .ARM.attributes
                0x0000000000000869       0x1e /usr/lib/gcc/arm-none-eabi/9.2.1/thumb/v7e-m/nofp/crtn.o
OUTPUT(out/lorawan_node_parkinglotbackup.elf elf32-littlearm)
LOAD linker stubs
LOAD /usr/lib/gcc/arm-none-eabi/9.2.1/../../../arm-none-eabi/lib/thumb/v7e-m/nofp/libc.a
LOAD /usr/lib/gcc/arm-none-eabi/9.2.1/../../../arm-none-eabi/lib/thumb/v7e-m/nofp/libm.a
LOAD /usr/lib/gcc/arm-none-eabi/9.2.1/thumb/v7e-m/nofp/libgcc.a

.comment        0x0000000000000000      0x120
 .comment       0x0000000000000000       0x59 /usr/lib/gcc/arm-none-eabi/9.2.1/thumb/v7e-m/nofp/crtbegin.o
                                         0x5a (size before relaxing)
 .comment       0x0000000000000059       0x5a out/tremo_it.o
 .comment       0x0000000000000059       0x5a out/classA.o
 .comment       0x0000000000000059       0x5a out/main.o
 .comment       0x0000000000000059       0x5a out/printf-stdarg.o
 .comment       0x0000000000000059       0x5a out/system_cm4.o
 .comment       0x0000000000000059       0x5a out/tremo_uart.o
 .comment       0x0000000000000059       0x5a out/tremo_gpio.o
 .comment       0x0000000000000059       0x5a out/tremo_delay.o
 .comment       0x0000000000000059       0x5a out/tremo_rtc.o
 .comment       0x0000000000000059       0x5a out/tremo_pwr.o
 .comment       0x0000000000000059       0x5a out/tremo_rcc.o
 .comment       0x0000000000000059       0x5a out/delay.o
 .comment       0x0000000000000059       0x5a out/timer.o
 .comment       0x0000000000000059       0x5a out/cmac.o
 .comment       0x0000000000000059       0x5a out/radio.o
 .comment       0x0000000000000059       0x5a out/sx126x.o
 .comment       0x0000000000000059       0x5a out/utilities.o
 .comment       0x0000000000000059       0x5a out/rtc-board.o
 .comment       0x0000000000000059       0x5a out/sx1262-board.o
 .comment       0x0000000000000059       0x5a out/LoRaMacConfirmQueue.o
 .comment       0x0000000000000059       0x5a out/LoRaMac.o
 .comment       0x0000000000000059       0x5a out/LoRaMacClassB.o
 .comment       0x0000000000000059       0x5a out/LoRaMacCrypto.o
 .comment       0x0000000000000059       0x5a out/Region.o
 .comment       0x0000000000000059       0x5a out/RegionCommon.o
 .comment       0x0000000000000059       0x5a out/RegionAS923.o
 .comment       0x0000000000000059       0x79 /home/hung382/MET/drivers/crypto/lib/libcrypto.a(aes.o)
                                         0x7a (size before relaxing)
 .comment       0x00000000000000d2       0x5a /usr/lib/gcc/arm-none-eabi/9.2.1/thumb/v7e-m/nofp/libgcc.a(_fixunsdfdi.o)
 .comment       0x00000000000000d2       0x5a /usr/lib/gcc/arm-none-eabi/9.2.1/thumb/v7e-m/nofp/libgcc.a(_udivmoddi4.o)
 .comment       0x00000000000000d2       0x4e /usr/lib/gcc/arm-none-eabi/9.2.1/../../../arm-none-eabi/lib/thumb/v7e-m/nofp/libc.a(lib_a-atexit.o)
                                         0x4f (size before relaxing)
 .comment       0x0000000000000120       0x4f /usr/lib/gcc/arm-none-eabi/9.2.1/../../../arm-none-eabi/lib/thumb/v7e-m/nofp/libc.a(lib_a-fini.o)
 .comment       0x0000000000000120       0x4f /usr/lib/gcc/arm-none-eabi/9.2.1/../../../arm-none-eabi/lib/thumb/v7e-m/nofp/libc.a(lib_a-impure.o)
 .comment       0x0000000000000120       0x4f /usr/lib/gcc/arm-none-eabi/9.2.1/../../../arm-none-eabi/lib/thumb/v7e-m/nofp/libc.a(lib_a-init.o)
 .comment       0x0000000000000120       0x4f /usr/lib/gcc/arm-none-eabi/9.2.1/../../../arm-none-eabi/lib/thumb/v7e-m/nofp/libc.a(lib_a-memset.o)
 .comment       0x0000000000000120       0x4f /usr/lib/gcc/arm-none-eabi/9.2.1/../../../arm-none-eabi/lib/thumb/v7e-m/nofp/libc.a(lib_a-__atexit.o)
 .comment       0x0000000000000120       0x4f /usr/lib/gcc/arm-none-eabi/9.2.1/../../../arm-none-eabi/lib/thumb/v7e-m/nofp/libc.a(lib_a-__call_atexit.o)
 .comment       0x0000000000000120       0x5a /usr/lib/gcc/arm-none-eabi/9.2.1/thumb/v7e-m/nofp/crtend.o

.debug_info     0x0000000000000000     0x5c7a
 .debug_info    0x0000000000000000      0xc3a /home/hung382/MET/drivers/crypto/lib/libcrypto.a(aes.o)
 .debug_info    0x0000000000000c3a       0x26 /usr/lib/gcc/arm-none-eabi/9.2.1/thumb/v7e-m/nofp/libgcc.a(_arm_addsubdf3.o)
 .debug_info    0x0000000000000c60       0x26 /usr/lib/gcc/arm-none-eabi/9.2.1/thumb/v7e-m/nofp/libgcc.a(_arm_muldivdf3.o)
 .debug_info    0x0000000000000c86       0x26 /usr/lib/gcc/arm-none-eabi/9.2.1/thumb/v7e-m/nofp/libgcc.a(_arm_cmpdf2.o)
 .debug_info    0x0000000000000cac       0x26 /usr/lib/gcc/arm-none-eabi/9.2.1/thumb/v7e-m/nofp/libgcc.a(_arm_fixdfsi.o)
 .debug_info    0x0000000000000cd2       0x26 /usr/lib/gcc/arm-none-eabi/9.2.1/thumb/v7e-m/nofp/libgcc.a(_arm_fixunsdfsi.o)
 .debug_info    0x0000000000000cf8       0x26 /usr/lib/gcc/arm-none-eabi/9.2.1/thumb/v7e-m/nofp/libgcc.a(_aeabi_uldivmod.o)
 .debug_info    0x0000000000000d1e      0x96d /usr/lib/gcc/arm-none-eabi/9.2.1/thumb/v7e-m/nofp/libgcc.a(_fixunsdfdi.o)
 .debug_info    0x000000000000168b      0xd7c /usr/lib/gcc/arm-none-eabi/9.2.1/thumb/v7e-m/nofp/libgcc.a(_udivmoddi4.o)
 .debug_info    0x0000000000002407       0x26 /usr/lib/gcc/arm-none-eabi/9.2.1/thumb/v7e-m/nofp/libgcc.a(_dvmd_tls.o)
 .debug_info    0x000000000000242d      0x995 /usr/lib/gcc/arm-none-eabi/9.2.1/../../../arm-none-eabi/lib/thumb/v7e-m/nofp/libc.a(lib_a-atexit.o)
 .debug_info    0x0000000000002dc2      0x102 /usr/lib/gcc/arm-none-eabi/9.2.1/../../../arm-none-eabi/lib/thumb/v7e-m/nofp/libc.a(lib_a-fini.o)
 .debug_info    0x0000000000002ec4      0x92a /usr/lib/gcc/arm-none-eabi/9.2.1/../../../arm-none-eabi/lib/thumb/v7e-m/nofp/libc.a(lib_a-impure.o)
 .debug_info    0x00000000000037ee      0x11a /usr/lib/gcc/arm-none-eabi/9.2.1/../../../arm-none-eabi/lib/thumb/v7e-m/nofp/libc.a(lib_a-init.o)
 .debug_info    0x0000000000003908       0x26 /usr/lib/gcc/arm-none-eabi/9.2.1/../../../arm-none-eabi/lib/thumb/v7e-m/nofp/libc.a(lib_a-memcpy.o)
 .debug_info    0x000000000000392e      0xf21 /usr/lib/gcc/arm-none-eabi/9.2.1/../../../arm-none-eabi/lib/thumb/v7e-m/nofp/libc.a(lib_a-memset.o)
 .debug_info    0x000000000000484f      0x9d5 /usr/lib/gcc/arm-none-eabi/9.2.1/../../../arm-none-eabi/lib/thumb/v7e-m/nofp/libc.a(lib_a-__atexit.o)
 .debug_info    0x0000000000005224      0xa56 /usr/lib/gcc/arm-none-eabi/9.2.1/../../../arm-none-eabi/lib/thumb/v7e-m/nofp/libc.a(lib_a-__call_atexit.o)

.debug_abbrev   0x0000000000000000     0x1279
 .debug_abbrev  0x0000000000000000      0x228 /home/hung382/MET/drivers/crypto/lib/libcrypto.a(aes.o)
 .debug_abbrev  0x0000000000000228       0x14 /usr/lib/gcc/arm-none-eabi/9.2.1/thumb/v7e-m/nofp/libgcc.a(_arm_addsubdf3.o)
 .debug_abbrev  0x000000000000023c       0x14 /usr/lib/gcc/arm-none-eabi/9.2.1/thumb/v7e-m/nofp/libgcc.a(_arm_muldivdf3.o)
 .debug_abbrev  0x0000000000000250       0x14 /usr/lib/gcc/arm-none-eabi/9.2.1/thumb/v7e-m/nofp/libgcc.a(_arm_cmpdf2.o)
 .debug_abbrev  0x0000000000000264       0x14 /usr/lib/gcc/arm-none-eabi/9.2.1/thumb/v7e-m/nofp/libgcc.a(_arm_fixdfsi.o)
 .debug_abbrev  0x0000000000000278       0x14 /usr/lib/gcc/arm-none-eabi/9.2.1/thumb/v7e-m/nofp/libgcc.a(_arm_fixunsdfsi.o)
 .debug_abbrev  0x000000000000028c       0x14 /usr/lib/gcc/arm-none-eabi/9.2.1/thumb/v7e-m/nofp/libgcc.a(_aeabi_uldivmod.o)
 .debug_abbrev  0x00000000000002a0      0x14f /usr/lib/gcc/arm-none-eabi/9.2.1/thumb/v7e-m/nofp/libgcc.a(_fixunsdfdi.o)
 .debug_abbrev  0x00000000000003ef      0x1c2 /usr/lib/gcc/arm-none-eabi/9.2.1/thumb/v7e-m/nofp/libgcc.a(_udivmoddi4.o)
 .debug_abbrev  0x00000000000005b1       0x14 /usr/lib/gcc/arm-none-eabi/9.2.1/thumb/v7e-m/nofp/libgcc.a(_dvmd_tls.o)
 .debug_abbrev  0x00000000000005c5      0x232 /usr/lib/gcc/arm-none-eabi/9.2.1/../../../arm-none-eabi/lib/thumb/v7e-m/nofp/libc.a(lib_a-atexit.o)
 .debug_abbrev  0x00000000000007f7       0xcf /usr/lib/gcc/arm-none-eabi/9.2.1/../../../arm-none-eabi/lib/thumb/v7e-m/nofp/libc.a(lib_a-fini.o)
 .debug_abbrev  0x00000000000008c6      0x1b8 /usr/lib/gcc/arm-none-eabi/9.2.1/../../../arm-none-eabi/lib/thumb/v7e-m/nofp/libc.a(lib_a-impure.o)
 .debug_abbrev  0x0000000000000a7e       0xcc /usr/lib/gcc/arm-none-eabi/9.2.1/../../../arm-none-eabi/lib/thumb/v7e-m/nofp/libc.a(lib_a-init.o)
 .debug_abbrev  0x0000000000000b4a       0x14 /usr/lib/gcc/arm-none-eabi/9.2.1/../../../arm-none-eabi/lib/thumb/v7e-m/nofp/libc.a(lib_a-memcpy.o)
 .debug_abbrev  0x0000000000000b5e      0x217 /usr/lib/gcc/arm-none-eabi/9.2.1/../../../arm-none-eabi/lib/thumb/v7e-m/nofp/libc.a(lib_a-memset.o)
 .debug_abbrev  0x0000000000000d75      0x252 /usr/lib/gcc/arm-none-eabi/9.2.1/../../../arm-none-eabi/lib/thumb/v7e-m/nofp/libc.a(lib_a-__atexit.o)
 .debug_abbrev  0x0000000000000fc7      0x2b2 /usr/lib/gcc/arm-none-eabi/9.2.1/../../../arm-none-eabi/lib/thumb/v7e-m/nofp/libc.a(lib_a-__call_atexit.o)

.debug_loc      0x0000000000000000     0x1722
 .debug_loc     0x0000000000000000       0xe4 /home/hung382/MET/drivers/crypto/lib/libcrypto.a(aes.o)
 .debug_loc     0x00000000000000e4       0xad /usr/lib/gcc/arm-none-eabi/9.2.1/thumb/v7e-m/nofp/libgcc.a(_fixunsdfdi.o)
 .debug_loc     0x0000000000000191      0xf8a /usr/lib/gcc/arm-none-eabi/9.2.1/thumb/v7e-m/nofp/libgcc.a(_udivmoddi4.o)
 .debug_loc     0x000000000000111b       0x32 /usr/lib/gcc/arm-none-eabi/9.2.1/../../../arm-none-eabi/lib/thumb/v7e-m/nofp/libc.a(lib_a-atexit.o)
 .debug_loc     0x000000000000114d       0x68 /usr/lib/gcc/arm-none-eabi/9.2.1/../../../arm-none-eabi/lib/thumb/v7e-m/nofp/libc.a(lib_a-fini.o)
 .debug_loc     0x00000000000011b5       0xba /usr/lib/gcc/arm-none-eabi/9.2.1/../../../arm-none-eabi/lib/thumb/v7e-m/nofp/libc.a(lib_a-init.o)
 .debug_loc     0x000000000000126f      0x231 /usr/lib/gcc/arm-none-eabi/9.2.1/../../../arm-none-eabi/lib/thumb/v7e-m/nofp/libc.a(lib_a-memset.o)
 .debug_loc     0x00000000000014a0      0x138 /usr/lib/gcc/arm-none-eabi/9.2.1/../../../arm-none-eabi/lib/thumb/v7e-m/nofp/libc.a(lib_a-__atexit.o)
 .debug_loc     0x00000000000015d8      0x14a /usr/lib/gcc/arm-none-eabi/9.2.1/../../../arm-none-eabi/lib/thumb/v7e-m/nofp/libc.a(lib_a-__call_atexit.o)

.debug_aranges  0x0000000000000000      0x240
 .debug_aranges
                0x0000000000000000       0x20 /home/hung382/MET/drivers/crypto/lib/libcrypto.a(aes.o)
 .debug_aranges
                0x0000000000000020       0x20 /usr/lib/gcc/arm-none-eabi/9.2.1/thumb/v7e-m/nofp/libgcc.a(_arm_addsubdf3.o)
 .debug_aranges
                0x0000000000000040       0x20 /usr/lib/gcc/arm-none-eabi/9.2.1/thumb/v7e-m/nofp/libgcc.a(_arm_muldivdf3.o)
 .debug_aranges
                0x0000000000000060       0x20 /usr/lib/gcc/arm-none-eabi/9.2.1/thumb/v7e-m/nofp/libgcc.a(_arm_cmpdf2.o)
 .debug_aranges
                0x0000000000000080       0x20 /usr/lib/gcc/arm-none-eabi/9.2.1/thumb/v7e-m/nofp/libgcc.a(_arm_fixdfsi.o)
 .debug_aranges
                0x00000000000000a0       0x20 /usr/lib/gcc/arm-none-eabi/9.2.1/thumb/v7e-m/nofp/libgcc.a(_arm_fixunsdfsi.o)
 .debug_aranges
                0x00000000000000c0       0x20 /usr/lib/gcc/arm-none-eabi/9.2.1/thumb/v7e-m/nofp/libgcc.a(_aeabi_uldivmod.o)
 .debug_aranges
                0x00000000000000e0       0x20 /usr/lib/gcc/arm-none-eabi/9.2.1/thumb/v7e-m/nofp/libgcc.a(_fixunsdfdi.o)
 .debug_aranges
                0x0000000000000100       0x20 /usr/lib/gcc/arm-none-eabi/9.2.1/thumb/v7e-m/nofp/libgcc.a(_udivmoddi4.o)
 .debug_aranges
                0x0000000000000120       0x20 /usr/lib/gcc/arm-none-eabi/9.2.1/thumb/v7e-m/nofp/libgcc.a(_dvmd_tls.o)
 .debug_aranges
                0x0000000000000140       0x20 /usr/lib/gcc/arm-none-eabi/9.2.1/../../../arm-none-eabi/lib/thumb/v7e-m/nofp/libc.a(lib_a-atexit.o)
 .debug_aranges
                0x0000000000000160       0x20 /usr/lib/gcc/arm-none-eabi/9.2.1/../../../arm-none-eabi/lib/thumb/v7e-m/nofp/libc.a(lib_a-fini.o)
 .debug_aranges
                0x0000000000000180       0x18 /usr/lib/gcc/arm-none-eabi/9.2.1/../../../arm-none-eabi/lib/thumb/v7e-m/nofp/libc.a(lib_a-impure.o)
 .debug_aranges
                0x0000000000000198       0x20 /usr/lib/gcc/arm-none-eabi/9.2.1/../../../arm-none-eabi/lib/thumb/v7e-m/nofp/libc.a(lib_a-init.o)
 .debug_aranges
                0x00000000000001b8       0x20 /usr/lib/gcc/arm-none-eabi/9.2.1/../../../arm-none-eabi/lib/thumb/v7e-m/nofp/libc.a(lib_a-memcpy.o)
 .debug_aranges
                0x00000000000001d8       0x20 /usr/lib/gcc/arm-none-eabi/9.2.1/../../../arm-none-eabi/lib/thumb/v7e-m/nofp/libc.a(lib_a-memset.o)
 .debug_aranges
                0x00000000000001f8       0x20 /usr/lib/gcc/arm-none-eabi/9.2.1/../../../arm-none-eabi/lib/thumb/v7e-m/nofp/libc.a(lib_a-__atexit.o)
 .debug_aranges
                0x0000000000000218       0x28 /usr/lib/gcc/arm-none-eabi/9.2.1/../../../arm-none-eabi/lib/thumb/v7e-m/nofp/libc.a(lib_a-__call_atexit.o)

.debug_line     0x0000000000000000     0x1a8a
 .debug_line    0x0000000000000000      0x268 /home/hung382/MET/drivers/crypto/lib/libcrypto.a(aes.o)
 .debug_line    0x0000000000000268      0x186 /usr/lib/gcc/arm-none-eabi/9.2.1/thumb/v7e-m/nofp/libgcc.a(_arm_addsubdf3.o)
 .debug_line    0x00000000000003ee      0x19b /usr/lib/gcc/arm-none-eabi/9.2.1/thumb/v7e-m/nofp/libgcc.a(_arm_muldivdf3.o)
 .debug_line    0x0000000000000589       0xbd /usr/lib/gcc/arm-none-eabi/9.2.1/thumb/v7e-m/nofp/libgcc.a(_arm_cmpdf2.o)
 .debug_line    0x0000000000000646       0x79 /usr/lib/gcc/arm-none-eabi/9.2.1/thumb/v7e-m/nofp/libgcc.a(_arm_fixdfsi.o)
 .debug_line    0x00000000000006bf       0x75 /usr/lib/gcc/arm-none-eabi/9.2.1/thumb/v7e-m/nofp/libgcc.a(_arm_fixunsdfsi.o)
 .debug_line    0x0000000000000734       0x60 /usr/lib/gcc/arm-none-eabi/9.2.1/thumb/v7e-m/nofp/libgcc.a(_aeabi_uldivmod.o)
 .debug_line    0x0000000000000794      0x133 /usr/lib/gcc/arm-none-eabi/9.2.1/thumb/v7e-m/nofp/libgcc.a(_fixunsdfdi.o)
 .debug_line    0x00000000000008c7      0x610 /usr/lib/gcc/arm-none-eabi/9.2.1/thumb/v7e-m/nofp/libgcc.a(_udivmoddi4.o)
 .debug_line    0x0000000000000ed7       0x60 /usr/lib/gcc/arm-none-eabi/9.2.1/thumb/v7e-m/nofp/libgcc.a(_dvmd_tls.o)
 .debug_line    0x0000000000000f37      0x14a /usr/lib/gcc/arm-none-eabi/9.2.1/../../../arm-none-eabi/lib/thumb/v7e-m/nofp/libc.a(lib_a-atexit.o)
 .debug_line    0x0000000000001081       0xd7 /usr/lib/gcc/arm-none-eabi/9.2.1/../../../arm-none-eabi/lib/thumb/v7e-m/nofp/libc.a(lib_a-fini.o)
 .debug_line    0x0000000000001158       0xe3 /usr/lib/gcc/arm-none-eabi/9.2.1/../../../arm-none-eabi/lib/thumb/v7e-m/nofp/libc.a(lib_a-impure.o)
 .debug_line    0x000000000000123b      0x10d /usr/lib/gcc/arm-none-eabi/9.2.1/../../../arm-none-eabi/lib/thumb/v7e-m/nofp/libc.a(lib_a-init.o)
 .debug_line    0x0000000000001348       0xbe /usr/lib/gcc/arm-none-eabi/9.2.1/../../../arm-none-eabi/lib/thumb/v7e-m/nofp/libc.a(lib_a-memcpy.o)
 .debug_line    0x0000000000001406      0x26b /usr/lib/gcc/arm-none-eabi/9.2.1/../../../arm-none-eabi/lib/thumb/v7e-m/nofp/libc.a(lib_a-memset.o)
 .debug_line    0x0000000000001671      0x1e1 /usr/lib/gcc/arm-none-eabi/9.2.1/../../../arm-none-eabi/lib/thumb/v7e-m/nofp/libc.a(lib_a-__atexit.o)
 .debug_line    0x0000000000001852      0x238 /usr/lib/gcc/arm-none-eabi/9.2.1/../../../arm-none-eabi/lib/thumb/v7e-m/nofp/libc.a(lib_a-__call_atexit.o)

.debug_str      0x0000000000000000     0x217d
 .debug_str     0x0000000000000000      0x6d3 /home/hung382/MET/drivers/crypto/lib/libcrypto.a(aes.o)
                                        0x74e (size before relaxing)
 .debug_str     0x00000000000006d3       0xa5 /usr/lib/gcc/arm-none-eabi/9.2.1/thumb/v7e-m/nofp/libgcc.a(_arm_addsubdf3.o)
 .debug_str     0x0000000000000778       0xa5 /usr/lib/gcc/arm-none-eabi/9.2.1/thumb/v7e-m/nofp/libgcc.a(_arm_muldivdf3.o)
 .debug_str     0x0000000000000778       0xa5 /usr/lib/gcc/arm-none-eabi/9.2.1/thumb/v7e-m/nofp/libgcc.a(_arm_cmpdf2.o)
 .debug_str     0x0000000000000778       0xa5 /usr/lib/gcc/arm-none-eabi/9.2.1/thumb/v7e-m/nofp/libgcc.a(_arm_fixdfsi.o)
 .debug_str     0x0000000000000778       0xa5 /usr/lib/gcc/arm-none-eabi/9.2.1/thumb/v7e-m/nofp/libgcc.a(_arm_fixunsdfsi.o)
 .debug_str     0x0000000000000778       0x2c /usr/lib/gcc/arm-none-eabi/9.2.1/thumb/v7e-m/nofp/libgcc.a(_aeabi_uldivmod.o)
                                         0xa0 (size before relaxing)
 .debug_str     0x00000000000007a4     0x10ab /usr/lib/gcc/arm-none-eabi/9.2.1/thumb/v7e-m/nofp/libgcc.a(_fixunsdfdi.o)
                                       0x1193 (size before relaxing)
 .debug_str     0x000000000000184f      0x11c /usr/lib/gcc/arm-none-eabi/9.2.1/thumb/v7e-m/nofp/libgcc.a(_udivmoddi4.o)
                                       0x11e0 (size before relaxing)
 .debug_str     0x000000000000196b       0x30 /usr/lib/gcc/arm-none-eabi/9.2.1/thumb/v7e-m/nofp/libgcc.a(_dvmd_tls.o)
                                         0xa4 (size before relaxing)
 .debug_str     0x000000000000199b      0x17c /usr/lib/gcc/arm-none-eabi/9.2.1/../../../arm-none-eabi/lib/thumb/v7e-m/nofp/libc.a(lib_a-atexit.o)