Archive member included to satisfy reference by file (symbol)

/home/hung382/MET/drivers/crypto/lib/libcrypto.a(aes.o)
                              out/cmac.o (aes_init)
/usr/lib/gcc/arm-none-eabi/9.2.1/thumb/v7e-m/nofp/libgcc.a(_arm_muldf3.o)
                              out/printf-stdarg.o (__aeabi_dmul)
/usr/lib/gcc/arm-none-eabi/9.2.1/thumb/v7e-m/nofp/libgcc.a(_arm_addsubdf3.o)
                              out/printf-stdarg.o (__aeabi_dsub)
/usr/lib/gcc/arm-none-eabi/9.2.1/thumb/v7e-m/nofp/libgcc.a(_arm_muldivdf3.o)
                              out/printf-stdarg.o (__aeabi_ddiv)
/usr/lib/gcc/arm-none-eabi/9.2.1/thumb/v7e-m/nofp/libgcc.a(_arm_cmpdf2.o)
                              out/printf-stdarg.o (__aeabi_dcmpeq)
/usr/lib/gcc/arm-none-eabi/9.2.1/thumb/v7e-m/nofp/libgcc.a(_arm_fixdfsi.o)
                              out/printf-stdarg.o (__aeabi_d2iz)
/usr/lib/gcc/arm-none-eabi/9.2.1/thumb/v7e-m/nofp/libgcc.a(_arm_fixunsdfsi.o)
                              out/printf-stdarg.o (__aeabi_d2uiz)
/usr/lib/gcc/arm-none-eabi/9.2.1/thumb/v7e-m/nofp/libgcc.a(_aeabi_uldivmod.o)
                              out/printf-stdarg.o (__aeabi_uldivmod)
/usr/lib/gcc/arm-none-eabi/9.2.1/thumb/v7e-m/nofp/libgcc.a(_fixunsdfdi.o)
                              out/rtc-board.o (__aeabi_d2ulz)
/usr/lib/gcc/arm-none-eabi/9.2.1/thumb/v7e-m/nofp/libgcc.a(_udivmoddi4.o)
                              /usr/lib/gcc/arm-none-eabi/9.2.1/thumb/v7e-m/nofp/libgcc.a(_aeabi_uldivmod.o) (__udivmoddi4)
/usr/lib/gcc/arm-none-eabi/9.2.1/thumb/v7e-m/nofp/libgcc.a(_dvmd_tls.o)
                              /usr/lib/gcc/arm-none-eabi/9.2.1/thumb/v7e-m/nofp/libgcc.a(_aeabi_uldivmod.o) (__aeabi_ldiv0)
/usr/lib/gcc/arm-none-eabi/9.2.1/../../../arm-none-eabi/lib/thumb/v7e-m/nofp/libc.a(lib_a-atexit.o)
                              /usr/lib/gcc/arm-none-eabi/9.2.1/../../../arm-none-eabi/lib/thumb/v7e-m/nofp/crt0.o (atexit)
/usr/lib/gcc/arm-none-eabi/9.2.1/../../../arm-none-eabi/lib/thumb/v7e-m/nofp/libc.a(lib_a-exit.o)
                              /usr/lib/gcc/arm-none-eabi/9.2.1/../../../arm-none-eabi/lib/thumb/v7e-m/nofp/crt0.o (exit)
/usr/lib/gcc/arm-none-eabi/9.2.1/../../../arm-none-eabi/lib/thumb/v7e-m/nofp/libc.a(lib_a-fini.o)
                              /usr/lib/gcc/arm-none-eabi/9.2.1/../../../arm-none-eabi/lib/thumb/v7e-m/nofp/crt0.o (__libc_fini_array)
/usr/lib/gcc/arm-none-eabi/9.2.1/../../../arm-none-eabi/lib/thumb/v7e-m/nofp/libc.a(lib_a-impure.o)
                              /usr/lib/gcc/arm-none-eabi/9.2.1/../../../arm-none-eabi/lib/thumb/v7e-m/nofp/libc.a(lib_a-exit.o) (_global_impure_ptr)
/usr/lib/gcc/arm-none-eabi/9.2.1/../../../arm-none-eabi/lib/thumb/v7e-m/nofp/libc.a(lib_a-init.o)
                              /usr/lib/gcc/arm-none-eabi/9.2.1/../../../arm-none-eabi/lib/thumb/v7e-m/nofp/crt0.o (__libc_init_array)
/usr/lib/gcc/arm-none-eabi/9.2.1/../../../arm-none-eabi/lib/thumb/v7e-m/nofp/libc.a(lib_a-memcpy.o)
                              /home/hung382/MET/drivers/crypto/lib/libcrypto.a(aes.o) (memcpy)
/usr/lib/gcc/arm-none-eabi/9.2.1/../../../arm-none-eabi/lib/thumb/v7e-m/nofp/libc.a(lib_a-memset.o)
                              /usr/lib/gcc/arm-none-eabi/9.2.1/../../../arm-none-eabi/lib/thumb/v7e-m/nofp/crt0.o (memset)
/usr/lib/gcc/arm-none-eabi/9.2.1/../../../arm-none-eabi/lib/thumb/v7e-m/nofp/libc.a(lib_a-__atexit.o)
                              /usr/lib/gcc/arm-none-eabi/9.2.1/../../../arm-none-eabi/lib/thumb/v7e-m/nofp/libc.a(lib_a-atexit.o) (__register_exitproc)
/usr/lib/gcc/arm-none-eabi/9.2.1/../../../arm-none-eabi/lib/thumb/v7e-m/nofp/libc.a(lib_a-__call_atexit.o)
                              /usr/lib/gcc/arm-none-eabi/9.2.1/../../../arm-none-eabi/lib/thumb/v7e-m/nofp/libc.a(lib_a-exit.o) (__call_exitprocs)
/usr/lib/gcc/arm-none-eabi/9.2.1/../../../arm-none-eabi/lib/thumb/v7e-m/nofp/libm.a(lib_a-s_ceil.o)
                              out/radio.o (ceil)
/usr/lib/gcc/arm-none-eabi/9.2.1/../../../arm-none-eabi/lib/thumb/v7e-m/nofp/libm.a(lib_a-s_floor.o)
                              out/radio.o (floor)
/usr/lib/gcc/arm-none-eabi/9.2.1/../../../arm-none-eabi/lib/thumb/v7e-m/nofp/libm.a(lib_a-s_rint.o)
                              out/radio.o (rint)
/usr/lib/gcc/arm-none-eabi/9.2.1/../../../arm-none-eabi/lib/thumb/v7e-m/nofp/libm.a(lib_a-s_round.o)
                              out/rtc-board.o (round)

Allocating common symbols
Common symbol       size              file

irqRegs             0x2               out/radio.o
SX126x              0x3c              out/radio.o
RtcCalendarContext  0xc               out/rtc-board.o
CommonStatus        0x1               out/LoRaMacConfirmQueue.o
RtcTimerContext     0x8               out/rtc-board.o
g_dma_callback_handler
                    0x20              out/tremo_dma.o
last_ir_state       0x1               out/classA.o
BufferStart         0x4               out/LoRaMacConfirmQueue.o
LoRaMacFlags        0x1               out/LoRaMac.o
LoRaMacParamsDefaults
[...]
Memory Configuration

Name             Origin             Length             Attributes
FLASH            0x0000000008000000 0x0000000000020000 xr
RAM              0x0000000020000000 0x0000000000004000 xrw
*default*        0x0000000000000000 0xffffffffffffffff

Linker script and memory map

LOAD /usr/lib/gcc/arm-none-eabi/9.2.1/thumb/v7e-m/nofp/crti.o
LOAD /usr/lib/gcc/arm-none-eabi/9.2.1/thumb/v7e-m/nofp/crtbegin.o
LOAD /usr/lib/gcc/arm-none-eabi/9.2.1/../../../arm-none-eabi/lib/thumb/v7e-m/nofp/crt0.o
LOAD out/tremo_it.o
LOAD out/classA.o
LOAD out/main.o
LOAD out/printf-stdarg.o
LOAD out/system_cm4.o
LOAD out/tremo_crc.o
LOAD out/tremo_lcd.o
LOAD out/tremo_lpuart.o
LOAD out/tremo_wdg.o
LOAD out/tremo_uart.o
LOAD out/tremo_spi.o
LOAD out/tremo_i2s.o
LOAD out/tremo_gpio.o
LOAD out/tremo_bstimer.o
LOAD out/tremo_system.o
LOAD out/tremo_iwdg.o
LOAD out/tremo_lptimer.o
LOAD out/tremo_timer.o
LOAD out/tremo_dma.o
LOAD out/tremo_delay.o
LOAD out/tremo_dac.o
LOAD out/tremo_rtc.o
LOAD out/tremo_pwr.o
LOAD out/tremo_i2c.o
LOAD out/tremo_rcc.o
LOAD out/tremo_flash.o
LOAD out/tremo_adc.o
LOAD out/delay.o
LOAD out/timer.o
LOAD out/cmac.o
LOAD out/radio.o
LOAD out/sx126x.o
LOAD out/utilities.o
LOAD out/rtc-board.o
LOAD out/sx1262-board.o
LOAD out/LoRaMacConfirmQueue.o
LOAD out/LoRaMac.o
LOAD out/LoRaMacClassB.o
LOAD out/LoRaMacCrypto.o
LOAD out/Region.o
LOAD out/RegionCommon.o
LOAD out/RegionAS923.o
LOAD out/startup_cm4.o
LOAD /home/hung382/MET/drivers/crypto/lib/libcrypto.a
START GROUP
LOAD /usr/lib/gcc/arm-none-eabi/9.2.1/thumb/v7e-m/nofp/libgcc.a
LOAD /usr/lib/gcc/arm-none-eabi/9.2.1/../../../arm-none-eabi/lib/thumb/v7e-m/nofp/libc.a
END GROUP
LOAD /usr/lib/gcc/arm-none-eabi/9.2.1/thumb/v7e-m/nofp/crtend.o
LOAD /usr/lib/gcc/arm-none-eabi/9.2.1/thumb/v7e-m/nofp/crtn.o
                0x0000000020004000                _estack = 0x20004000
                0x0000000000000000                _HEAP_SIZE = 0x0
                0x0000000000001000                _STACK_SIZE = 0x1000

.isr_vector     0x0000000008000000       0xd4
                0x0000000008000000                . = ALIGN (0x4)
 *(.isr_vector)
 .isr_vector    0x0000000008000000       0xd4 out/startup_cm4.o
                0x0000000008000000                g_pfnVectors
                0x00000000080000d4                . = ALIGN (0x4)

.text           0x00000000080000d8     0x9368
                0x00000000080000d8                . = ALIGN (0x4)
 *(.text)
 .text          0x00000000080000d8       0x88 /usr/lib/gcc/arm-none-eabi/9.2.1/thumb/v7e-m/nofp/crtbegin.o
 .text          0x0000000008000160      0x1ec /home/hung382/MET/drivers/crypto/lib/libcrypto.a(aes.o)
                0x0000000008000160                aes_init
                0x0000000008000270                aes_crypto
                0x0000000008000314                aes_close
 .text          0x000000000800034c      0x378 /usr/lib/gcc/arm-none-eabi/9.2.1/thumb/v7e-m/nofp/libgcc.a(_arm_addsubdf3.o)
                0x000000000800034c                __aeabi_drsub
                0x0000000008000354                __aeabi_dsub
                0x0000000008000354                __subdf3
                0x0000000008000358                __adddf3
                0x0000000008000358                __aeabi_dadd
                0x00000000080005d0                __aeabi_ui2d
                0x00000000080005d0                __floatunsidf
                0x00000000080005f0                __floatsidf
                0x00000000080005f0                __aeabi_i2d
                0x0000000008000614                __extendsfdf2
                0x0000000008000614                __aeabi_f2d
                0x0000000008000658                __aeabi_ul2d
                0x0000000008000658                __floatundidf
                0x0000000008000668                __floatdidf
                0x0000000008000668                __aeabi_l2d
 .text          0x00000000080006c4      0x424 /usr/lib/gcc/arm-none-eabi/9.2.1/thumb/v7e-m/nofp/libgcc.a(_arm_muldivdf3.o)
                0x00000000080006c4                __aeabi_dmul
                0x00000000080006c4                __muldf3
                0x0000000008000918                __aeabi_ddiv
                0x0000000008000918                __divdf3
 .text          0x0000000008000ae8      0x110 /usr/lib/gcc/arm-none-eabi/9.2.1/thumb/v7e-m/nofp/libgcc.a(_arm_cmpdf2.o)
                0x0000000008000ae8                __gtdf2
                0x0000000008000ae8                __gedf2
                0x0000000008000af0                __ltdf2
                0x0000000008000af0                __ledf2
                0x0000000008000af8                __cmpdf2
                0x0000000008000af8                __eqdf2
                0x0000000008000af8                __nedf2
                0x0000000008000b74                __aeabi_cdrcmple
                0x0000000008000b84                __aeabi_cdcmple
                0x0000000008000b84                __aeabi_cdcmpeq
                0x0000000008000b94                __aeabi_dcmpeq
                0x0000000008000ba8                __aeabi_dcmplt
                0x0000000008000bbc                __aeabi_dcmple
                0x0000000008000bd0                __aeabi_dcmpge
                0x0000000008000be4                __aeabi_dcmpgt
 .text          0x0000000008000bf8       0x50 /usr/lib/gcc/arm-none-eabi/9.2.1/thumb/v7e-m/nofp/libgcc.a(_arm_fixdfsi.o)
                0x0000000008000bf8                __fixdfsi
                0x0000000008000bf8                __aeabi_d2iz
 .text          0x0000000008000c48       0x40 /usr/lib/gcc/arm-none-eabi/9.2.1/thumb/v7e-m/nofp/libgcc.a(_arm_fixunsdfsi.o)
                0x0000000008000c48                __fixunsdfsi
                0x0000000008000c48                __aeabi_d2uiz
 .text          0x0000000008000c88       0x30 /usr/lib/gcc/arm-none-eabi/9.2.1/thumb/v7e-m/nofp/libgcc.a(_aeabi_uldivmod.o)
                0x0000000008000c88                __aeabi_uldivmod
 .text          0x0000000008000cb8       0x3c /usr/lib/gcc/arm-none-eabi/9.2.1/thumb/v7e-m/nofp/libgcc.a(_fixunsdfdi.o)
                0x0000000008000cb8                __aeabi_d2ulz
                0x0000000008000cb8                __fixunsdfdi
 .text          0x0000000008000cf4      0x2c0 /usr/lib/gcc/arm-none-eabi/9.2.1/thumb/v7e-m/nofp/libgcc.a(_udivmoddi4.o)
                0x0000000008000cf4                __udivmoddi4
 .text          0x0000000008000fb4        0x4 /usr/lib/gcc/arm-none-eabi/9.2.1/thumb/v7e-m/nofp/libgcc.a(_dvmd_tls.o)
                0x0000000008000fb4                __aeabi_ldiv0
                0x0000000008000fb4                __aeabi_idiv0
 .text          0x0000000008000fb8        0xc /usr/lib/gcc/arm-none-eabi/9.2.1/../../../arm-none-eabi/lib/thumb/v7e-m/nofp/libc.a(lib_a-atexit.o)
                0x0000000008000fb8                atexit
 .text          0x0000000008000fc4       0x34 /usr/lib/gcc/arm-none-eabi/9.2.1/../../../arm-none-eabi/lib/thumb/v7e-m/nofp/libc.a(lib_a-fini.o)
                0x0000000008000fc4                __libc_fini_array
 .text          0x0000000008000ff8       0x48 /usr/lib/gcc/arm-none-eabi/9.2.1/../../../arm-none-eabi/lib/thumb/v7e-m/nofp/libc.a(lib_a-init.o)
                0x0000000008000ff8                __libc_init_array
 .text          0x0000000008001040      0x134 /usr/lib/gcc/arm-none-eabi/9.2.1/../../../arm-none-eabi/lib/thumb/v7e-m/nofp/libc.a(lib_a-memcpy.o)
                0x0000000008001040                memcpy
 .text          0x0000000008001174       0xa0 /usr/lib/gcc/arm-none-eabi/9.2.1/../../../arm-none-eabi/lib/thumb/v7e-m/nofp/libc.a(lib_a-memset.o)
                0x0000000008001174                memset
 .text          0x0000000008001214       0x68 /usr/lib/gcc/arm-none-eabi/9.2.1/../../../arm-none-eabi/lib/thumb/v7e-m/nofp/libc.a(lib_a-__atexit.o)
                0x0000000008001214                __register_exitproc
 *fill*         0x000000000800127c        0x4 
 .text          0x0000000008001280      0x108 /usr/lib/gcc/arm-none-eabi/9.2.1/../../../arm-none-eabi/lib/thumb/v7e-m/nofp/libm.a(lib_a-s_ceil.o)
                0x0000000008001280                ceil
 .text          0x0000000008001388      0x108 /usr/lib/gcc/arm-none-eabi/9.2.1/../../../arm-none-eabi/lib/thumb/v7e-m/nofp/libm.a(lib_a-s_floor.o)
                0x0000000008001388                floor
 .text          0x0000000008001490      0x118 /usr/lib/gcc/arm-none-eabi/9.2.1/../../../arm-none-eabi/lib/thumb/v7e-m/nofp/libm.a(lib_a-s_rint.o)
                0x0000000008001490                rint
 .text          0x00000000080015a8       0x90 /usr/lib/gcc/arm-none-eabi/9.2.1/../../../arm-none-eabi/lib/thumb/v7e-m/nofp/libm.a(lib_a-s_round.o)
                0x00000000080015a8                round
 *(.text*)
 .text.NMI_Handler
                0x0000000008001638        0x2 out/tremo_it.o
                0x0000000008001638                NMI_Handler
 .text.HardFault_Handler
                0x000000000800163a        0x2 out/tremo_it.o
                0x000000000800163a                HardFault_Handler
 .text.MemManage_Handler
                0x000000000800163c        0x2 out/tremo_it.o
                0x000000000800163c                MemManage_Handler
 .text.BusFault_Handler
                0x000000000800163e        0x2 out/tremo_it.o
                0x000000000800163e                BusFault_Handler
 .text.UsageFault_Handler
                0x0000000008001640        0x2 out/tremo_it.o
                0x0000000008001640                UsageFault_Handler
 .text.SVC_Handler
                0x0000000008001642        0x2 out/tremo_it.o
                0x0000000008001642                SVC_Handler
 .text.PendSV_Handler
                0x0000000008001644        0x2 out/tremo_it.o
                0x0000000008001644                PendSV_Handler
 .text.SysTick_Handler
                0x0000000008001646        0x2 out/tremo_it.o
                0x0000000008001646                SysTick_Handler
 .text.PWR_IRQHandler
                0x0000000008001648        0x2 out/tremo_it.o
                0x0000000008001648                PWR_IRQHandler
 .text.LORA_IRQHandler
                0x000000000800164a        0x4 out/tremo_it.o
                0x000000000800164a                LORA_IRQHandler
 .text.RTC_IRQHandler
                0x000000000800164e        0x4 out/tremo_it.o
                0x000000000800164e                RTC_IRQHandler
 *fill*         0x0000000008001652        0x2 
 .text.GPIO_IRQHandler
                0x0000000008001654       0x30 out/tremo_it.o
                0x0000000008001654                GPIO_IRQHandler
 .text.McpsConfirm
                0x0000000008001684        0xc out/classA.o
 .text.BoardGetBatteryLevel
                0x0000000008001690        0x4 out/classA.o
                0x0000000008001690                BoardGetBatteryLevel
 .text.MlmeConfirm
                0x0000000008001694       0x64 out/classA.o
 .text.OnTxNextPacketTimerEvent
                0x00000000080016f8       0x7c out/classA.o
 .text.MlmeIndication
                0x0000000008001774        0xc out/classA.o
 .text.McpsIndication
                0x0000000008001780       0xc0 out/classA.o
 .text.app_start
                0x0000000008001840      0x22c out/classA.o
                0x0000000008001840                app_start
 .text.uart_log_init
                0x0000000008001a6c       0x40 out/main.o
                0x0000000008001a6c                uart_log_init
 .text.interrupt_configuration
                0x0000000008001aac       0x30 out/main.o
                0x0000000008001aac                interrupt_configuration
 .text.board_init
                0x0000000008001adc       0x88 out/main.o
                0x0000000008001adc                board_init
 .text.startup.main
                0x0000000008001b64        0xe out/main.o
                0x0000000008001b64                main
 .text._out_null
                0x0000000008001b72        0x2 out/printf-stdarg.o
 .text._out_rev
                0x0000000008001b74       0x96 out/printf-stdarg.o
 .text._ntoa_format
                0x0000000008001c0a      0x10a out/printf-stdarg.o
 .text._ntoa_long
                0x0000000008001d14       0x82 out/printf-stdarg.o
 .text._ntoa_long_long
                0x0000000008001d96       0xa6 out/printf-stdarg.o
 .text._out_char
                0x0000000008001e3c       0x10 out/printf-stdarg.o
 *fill*         0x0000000008001e4c        0x4 
 .text._ftoa    0x0000000008001e50      0x32c out/printf-stdarg.o
 *fill*         0x000000000800217c        0x4 
 .text._etoa    0x0000000008002180      0x3b8 out/printf-stdarg.o
 .text._vsnprintf
                0x0000000008002538      0x550 out/printf-stdarg.o
 .text.__wrap_printf
                0x0000000008002a88       0x28 out/printf-stdarg.o
                0x0000000008002a88                __wrap_printf
 .text.nvic_init
                0x0000000008002ab0       0x24 out/system_cm4.o
                0x0000000008002ab0                nvic_init
 .text.system_init
                0x0000000008002ad4       0x44 out/system_cm4.o
                0x0000000008002ad4                system_init
 .text.uart_send_data
                0x0000000008002b18        0xa out/tremo_uart.o
                0x0000000008002b18                uart_send_data
 .text.uart_config_init
                0x0000000008002b22       0x16 out/tremo_uart.o
                0x0000000008002b22                uart_config_init
 .text.uart_cmd
                0x0000000008002b38       0x12 out/tremo_uart.o
                0x0000000008002b38                uart_cmd
 *fill*         0x0000000008002b4a        0x2 
 .text.uart_init
                0x0000000008002b4c      0x140 out/tremo_uart.o
                0x0000000008002b4c                uart_init
 .text.gpio_init
                0x0000000008002c8c      0x124 out/tremo_gpio.o
                0x0000000008002c8c                gpio_init
 .text.gpio_write
                0x0000000008002db0       0xb4 out/tremo_gpio.o
                0x0000000008002db0                gpio_write
 .text.gpio_read
                0x0000000008002e64       0x12 out/tremo_gpio.o
                0x0000000008002e64                gpio_read
 .text.gpio_toggle
                0x0000000008002e76        0xe out/tremo_gpio.o
                0x0000000008002e76                gpio_toggle
 .text.gpio_clear_interrupt
                0x0000000008002e84       0x10 out/tremo_gpio.o
                0x0000000008002e84                gpio_clear_interrupt
 .text.gpio_config_interrupt
                0x0000000008002e94       0x20 out/tremo_gpio.o
                0x0000000008002e94                gpio_config_interrupt
 .text.gpio_get_interrupt_status
                0x0000000008002eb4       0x14 out/tremo_gpio.o
                0x0000000008002eb4                gpio_get_interrupt_status
 .text.gpio_set_iomux
                0x0000000008002ec8       0x40 out/tremo_gpio.o
                0x0000000008002ec8                gpio_set_iomux
 .text.delay_init
                0x0000000008002f08       0x48 out/tremo_delay.o
                0x0000000008002f08                delay_init
 .text.delay_us
                0x0000000008002f50       0x30 out/tremo_delay.o
                0x0000000008002f50                delay_us
 .text.delay_ms
                0x0000000008002f80        0xa out/tremo_delay.o
                0x0000000008002f80                delay_ms
 .text.rtc_deinit
                0x0000000008002f8a       0x1e out/tremo_rtc.o
                0x0000000008002f8a                rtc_deinit
 .text.rtc_check_syn
                0x0000000008002fa8       0x14 out/tremo_rtc.o
                0x0000000008002fa8                rtc_check_syn
 .text.rtc_calendar_cmd
                0x0000000008002fbc       0x20 out/tremo_rtc.o
                0x0000000008002fbc                rtc_calendar_cmd
 .text.rtc_cyc_cmd
                0x0000000008002fdc       0x20 out/tremo_rtc.o
                0x0000000008002fdc                rtc_cyc_cmd
 .text.rtc_config_cyc_wakeup
                0x0000000008002ffc       0x24 out/tremo_rtc.o
                0x0000000008002ffc                rtc_config_cyc_wakeup
 .text.rtc_get_calendar
                0x0000000008003020       0xdc out/tremo_rtc.o
                0x0000000008003020                rtc_get_calendar
 .text.rtc_set_status
                0x00000000080030fc       0x30 out/tremo_rtc.o
                0x00000000080030fc                rtc_set_status
 .text.rtc_get_status
                0x000000000800312c       0x38 out/tremo_rtc.o
                0x000000000800312c                rtc_get_status
 .text.rtc_config_interrupt
                0x0000000008003164       0x38 out/tremo_rtc.o
                0x0000000008003164                rtc_config_interrupt
 .text.rtc_config_cyc_max
                0x000000000800319c       0x14 out/tremo_rtc.o
                0x000000000800319c                rtc_config_cyc_max
 .text.pwr_xo32k_lpm_cmd
                0x00000000080031b0       0x18 out/tremo_pwr.o
                0x00000000080031b0                pwr_xo32k_lpm_cmd
 .text.rcc_get_clk_freq
                0x00000000080031c8       0x9c out/tremo_rcc.o
                0x00000000080031c8                rcc_get_clk_freq
 .text.rcc_get_uart0_clk_source
                0x0000000008003264        0xc out/tremo_rcc.o
                0x0000000008003264                rcc_get_uart0_clk_source
 .text.rcc_get_uart1_clk_source
                0x0000000008003270        0xc out/tremo_rcc.o
                0x0000000008003270                rcc_get_uart1_clk_source
 .text.rcc_get_uart2_clk_source
                0x000000000800327c        0xc out/tremo_rcc.o
                0x000000000800327c                rcc_get_uart2_clk_source
 .text.rcc_get_uart3_clk_source
                0x0000000008003288        0xc out/tremo_rcc.o
                0x0000000008003288                rcc_get_uart3_clk_source
 .text.rcc_get_rtc_clk_source
                0x0000000008003294        0xc out/tremo_rcc.o
                0x0000000008003294                rcc_get_rtc_clk_source
 .text.rcc_enable_peripheral_clk
                0x00000000080032a0      0x4b4 out/tremo_rcc.o
                0x00000000080032a0                rcc_enable_peripheral_clk
 .text.rcc_enable_oscillator
                0x0000000008003754       0xfc out/tremo_rcc.o
                0x0000000008003754                rcc_enable_oscillator
 .text.rcc_rst_peripheral
                0x0000000008003850       0x4a out/tremo_rcc.o
                0x0000000008003850                rcc_rst_peripheral
 .text.DelayMs  0x000000000800389a        0x4 out/delay.o
                0x000000000800389a                DelayMs
 *fill*         0x000000000800389e        0x2 
 .text.TimeStampsUpdate
                0x00000000080038a0       0x2c out/timer.o
 .text.TimerInsertNewHeadTimer
                0x00000000080038cc       0x1c out/timer.o
 .text.TimerSetSysTime
                0x00000000080038e8       0x30 out/timer.o
                0x00000000080038e8                TimerSetSysTime
 .text.TimerInit
                0x0000000008003918        0xe out/timer.o
                0x0000000008003918                TimerInit
 *fill*         0x0000000008003926        0x2 
 .text.TimerStart
                0x0000000008003928       0x78 out/timer.o
                0x0000000008003928                TimerStart
 .text.TimerIrqHandler
                0x00000000080039a0       0x68 out/timer.o
                0x00000000080039a0                TimerIrqHandler
 .text.TimerStop
                0x0000000008003a08       0x60 out/timer.o
                0x0000000008003a08                TimerStop
 .text.TimerSetValue
                0x0000000008003a68       0x10 out/timer.o
                0x0000000008003a68                TimerSetValue
 .text.TimerGetCurrentTime
                0x0000000008003a78       0x18 out/timer.o
                0x0000000008003a78                TimerGetCurrentTime
 .text.TimerGetSysTime
                0x0000000008003a90       0x2c out/timer.o
                0x0000000008003a90                TimerGetSysTime
 .text.TimerGetElapsedTime
                0x0000000008003abc       0x12 out/timer.o
                0x0000000008003abc                TimerGetElapsedTime
 .text.AES_CMAC_Init
                0x0000000008003ace       0x14 out/cmac.o
                0x0000000008003ace                AES_CMAC_Init
 .text.AES_CMAC_SetKey
                0x0000000008003ae2        0xc out/cmac.o
                0x0000000008003ae2                AES_CMAC_SetKey
 .text.AES_CMAC_Update
                0x0000000008003aee       0xb0 out/cmac.o
                0x0000000008003aee                AES_CMAC_Update
 .text.AES_CMAC_Final
                0x0000000008003b9e      0x15e out/cmac.o
                0x0000000008003b9e                AES_CMAC_Final
 .text.RadioCheckRfFrequency
                0x0000000008003cfc        0x4 out/radio.o
                0x0000000008003cfc                RadioCheckRfFrequency
 .text.RadioOnTxTimeoutIrq
                0x0000000008003d00       0x14 out/radio.o
                0x0000000008003d00                RadioOnTxTimeoutIrq
 .text.RadioOnRxTimeoutIrq
                0x0000000008003d14       0x14 out/radio.o
                0x0000000008003d14                RadioOnRxTimeoutIrq
 .text.RadioStandby
                0x0000000008003d28        0x6 out/radio.o
                0x0000000008003d28                RadioStandby
 *fill*         0x0000000008003d2e        0x2 
 .text.RadioInit
                0x0000000008003d30       0x6c out/radio.o
                0x0000000008003d30                RadioInit
 .text.RadioGetStatus
                0x0000000008003d9c       0x18 out/radio.o
                0x0000000008003d9c                RadioGetStatus
 .text.RadioSetChannel
                0x0000000008003db4        0x4 out/radio.o
                0x0000000008003db4                RadioSetChannel
 .text.RadioRssi
                0x0000000008003db8        0xa out/radio.o
                0x0000000008003db8                RadioRssi
 .text.RadioRead
                0x0000000008003dc2        0x4 out/radio.o
                0x0000000008003dc2                RadioRead
 .text.RadioWrite
                0x0000000008003dc6        0x4 out/radio.o
                0x0000000008003dc6                RadioWrite
 *fill*         0x0000000008003dca        0x2 
 .text.RadioSend
                0x0000000008003dcc       0x54 out/radio.o
                0x0000000008003dcc                RadioSend
 .text.RadioSleep
                0x0000000008003e20       0x14 out/radio.o
                0x0000000008003e20                RadioSleep
 .text.RadioSetRxDutyCycle
                0x0000000008003e34        0x4 out/radio.o
                0x0000000008003e34                RadioSetRxDutyCycle
 .text.RadioStartCad
                0x0000000008003e38       0x6c out/radio.o
                0x0000000008003e38                RadioStartCad
 .text.RadioSetTxContinuousWave
                0x0000000008003ea4       0x4c out/radio.o
                0x0000000008003ea4                RadioSetTxContinuousWave
 .text.RadioWriteBuffer
                0x0000000008003ef0        0x4 out/radio.o
                0x0000000008003ef0                RadioWriteBuffer
 .text.RadioReadBuffer
                0x0000000008003ef4        0x4 out/radio.o
                0x0000000008003ef4                RadioReadBuffer
 .text.RadioGetWakeupTime
                0x0000000008003ef8        0xa out/radio.o
                0x0000000008003ef8                RadioGetWakeupTime
 *fill*         0x0000000008003f02        0x2 
 .text.RadioOnCadTimeoutIrq
                0x0000000008003f04       0x20 out/radio.o
                0x0000000008003f04                RadioOnCadTimeoutIrq
 .text.RadioGetFskBandwidthRegValue
                0x0000000008003f24       0x34 out/radio.o
 .text.RadioSetMaxPayloadLength
                0x0000000008003f58       0x28 out/radio.o
                0x0000000008003f58                RadioSetMaxPayloadLength
 .text.RadioRx  0x0000000008003f80       0x44 out/radio.o
                0x0000000008003f80                RadioRx
 .text.RadioRxBoosted
                0x0000000008003fc4       0x40 out/radio.o
                0x0000000008003fc4                RadioRxBoosted
 .text.RadioIrqProcess
                0x0000000008004004      0x160 out/radio.o
                0x0000000008004004                RadioIrqProcess
 .text.RadioSetPublicNetwork
                0x0000000008004164       0x3c out/radio.o
                0x0000000008004164                RadioSetPublicNetwork
 .text.RadioSetModem.part.0
                0x00000000080041a0       0x24 out/radio.o
 .text.RadioSetModem
                0x00000000080041c4       0x20 out/radio.o
                0x00000000080041c4                RadioSetModem
 .text.RadioIsChannelFree
                0x00000000080041e4       0x4e out/radio.o
                0x00000000080041e4                RadioIsChannelFree
 .text.RadioRandom
                0x0000000008004232       0x3c out/radio.o
                0x0000000008004232                RadioRandom
 *fill*         0x000000000800426e        0x2 
 .text.RadioSymbTime
                0x0000000008004270       0x2c out/radio.o
                0x0000000008004270                RadioSymbTime
 *fill*         0x000000000800429c        0x4 
 .text.RadioSetRxConfig
                0x00000000080042a0      0x21c out/radio.o
                0x00000000080042a0                RadioSetRxConfig
 *fill*         0x00000000080044bc        0x4 
 .text.RadioSetTxConfig
                0x00000000080044c0      0x198 out/radio.o
                0x00000000080044c0                RadioSetTxConfig
 .text.RadioTimeOnAir
                0x0000000008004658      0x190 out/radio.o
                0x0000000008004658                RadioTimeOnAir
 .text.RadioOnDioIrq
                0x00000000080047e8       0x24 out/radio.o
                0x00000000080047e8                RadioOnDioIrq
 .text.SX126xGetOperatingMode
                0x000000000800480c        0xc out/sx126x.o
                0x000000000800480c                SX126xGetOperatingMode
 .text.SX126xSetOperatingMode
                0x0000000008004818        0xc out/sx126x.o
                0x0000000008004818                SX126xSetOperatingMode
 .text.SX126xCheckDeviceReady
                0x0000000008004824       0x38 out/sx126x.o
                0x0000000008004824                SX126xCheckDeviceReady
 .text.SX126xSetPayload
                0x000000000800485c        0xa out/sx126x.o
                0x000000000800485c                SX126xSetPayload
 .text.SX126xSetSyncWord
                0x0000000008004866       0x12 out/sx126x.o
                0x0000000008004866                SX126xSetSyncWord
 .text.SX126xSetCrcSeed
                0x0000000008004878       0x24 out/sx126x.o
                0x0000000008004878                SX126xSetCrcSeed
 .text.SX126xSetCrcPolynomial
                0x000000000800489c       0x24 out/sx126x.o
                0x000000000800489c                SX126xSetCrcPolynomial
 .text.SX126xSetWhiteningSeed
                0x00000000080048c0       0x38 out/sx126x.o
                0x00000000080048c0                SX126xSetWhiteningSeed
 .text.SX126xSetSleep
                0x00000000080048f8       0x24 out/sx126x.o
                0x00000000080048f8                SX126xSetSleep
 .text.SX126xSetStandby
                0x000000000800491c       0x2c out/sx126x.o
                0x000000000800491c                SX126xSetStandby
 .text.SX126xSetTx
                0x0000000008004948       0x2c out/sx126x.o
                0x0000000008004948                SX126xSetTx
 .text.SX126xSendPayload
                0x0000000008004974       0x12 out/sx126x.o
                0x0000000008004974                SX126xSendPayload
 *fill*         0x0000000008004986        0x2 
 .text.SX126xSetRx
                0x0000000008004988       0x2c out/sx126x.o
                0x0000000008004988                SX126xSetRx
 .text.SX126xSetRxBoosted
                0x00000000080049b4       0x38 out/sx126x.o
                0x00000000080049b4                SX126xSetRxBoosted
 .text.SX126xSetRxDutyCycle
                0x00000000080049ec       0x38 out/sx126x.o
                0x00000000080049ec                SX126xSetRxDutyCycle
 .text.SX126xSetCad
                0x0000000008004a24       0x18 out/sx126x.o
                0x0000000008004a24                SX126xSetCad
 .text.SX126xSetTxContinuousWave
                0x0000000008004a3c        0xa out/sx126x.o
                0x0000000008004a3c                SX126xSetTxContinuousWave
 .text.SX126xSetStopRxTimerOnPreambleDetect
                0x0000000008004a46       0x18 out/sx126x.o
                0x0000000008004a46                SX126xSetStopRxTimerOnPreambleDetect
 .text.SX126xSetLoRaSymbNumTimeout
                0x0000000008004a5e       0x18 out/sx126x.o
                0x0000000008004a5e                SX126xSetLoRaSymbNumTimeout
 .text.SX126xSetRegulatorMode
                0x0000000008004a76       0x18 out/sx126x.o
                0x0000000008004a76                SX126xSetRegulatorMode
 *fill*         0x0000000008004a8e        0x2 
 .text.SX126xCalibrateImage
                0x0000000008004a90       0x64 out/sx126x.o
                0x0000000008004a90                SX126xCalibrateImage
 .text.SX126xSetPaConfig
                0x0000000008004af4       0x24 out/sx126x.o
                0x0000000008004af4                SX126xSetPaConfig
 .text.SX126xSetDioIrqParams
                0x0000000008004b18       0x2a out/sx126x.o
                0x0000000008004b18                SX126xSetDioIrqParams
 .text.SX126xGetIrqStatus
                0x0000000008004b42       0x1e out/sx126x.o
                0x0000000008004b42                SX126xGetIrqStatus
 .text.SX126xSetDio2AsRfSwitchCtrl
                0x0000000008004b60       0x18 out/sx126x.o
                0x0000000008004b60                SX126xSetDio2AsRfSwitchCtrl
 .text.SX126xInit
                0x0000000008004b78       0x28 out/sx126x.o
                0x0000000008004b78                SX126xInit
 .text.SX126xSetRfFrequency
                0x0000000008004ba0       0x4c out/sx126x.o
                0x0000000008004ba0                SX126xSetRfFrequency
 .text.SX126xSetPacketType
                0x0000000008004bec       0x20 out/sx126x.o
                0x0000000008004bec                SX126xSetPacketType
 .text.SX126xGetPacketType
                0x0000000008004c0c        0xc out/sx126x.o
                0x0000000008004c0c                SX126xGetPacketType
 .text.SX126xSetTxParams
                0x0000000008004c18       0xbc out/sx126x.o
                0x0000000008004c18                SX126xSetTxParams
 *fill*         0x0000000008004cd4        0x4 
 .text.SX126xSetModulationParams
                0x0000000008004cd8       0xb4 out/sx126x.o
                0x0000000008004cd8                SX126xSetModulationParams
 .text.SX126xSetPacketParams
                0x0000000008004d8c       0xac out/sx126x.o
                0x0000000008004d8c                SX126xSetPacketParams
 .text.SX126xSetCadParams
                0x0000000008004e38       0x3c out/sx126x.o
                0x0000000008004e38                SX126xSetCadParams
 .text.SX126xSetBufferBaseAddress
                0x0000000008004e74       0x1a out/sx126x.o
                0x0000000008004e74                SX126xSetBufferBaseAddress
 .text.SX126xGetRssiInst
                0x0000000008004e8e       0x1a out/sx126x.o
                0x0000000008004e8e                SX126xGetRssiInst
 .text.SX126xGetRxBufferStatus
                0x0000000008004ea8       0x48 out/sx126x.o
                0x0000000008004ea8                SX126xGetRxBufferStatus
 .text.SX126xGetPayload
                0x0000000008004ef0       0x32 out/sx126x.o
                0x0000000008004ef0                SX126xGetPayload
 *fill*         0x0000000008004f22        0x2 
 .text.SX126xGetPacketStatus
                0x0000000008004f24       0x80 out/sx126x.o
                0x0000000008004f24                SX126xGetPacketStatus
 .text.SX126xClearIrqStatus
                0x0000000008004fa4       0x18 out/sx126x.o
                0x0000000008004fa4                SX126xClearIrqStatus
 .text.rand1    0x0000000008004fbc       0x28 out/utilities.o
                0x0000000008004fbc                rand1
 .text.srand1   0x0000000008004fe4        0xc out/utilities.o
                0x0000000008004fe4                srand1
 .text.randr    0x0000000008004ff0       0x1a out/utilities.o
                0x0000000008004ff0                randr
 .text.memcpy1  0x000000000800500a       0x14 out/utilities.o
                0x000000000800500a                memcpy1
 .text.memcpyr  0x000000000800501e       0x14 out/utilities.o
                0x000000000800501e                memcpyr
 .text.memset1  0x0000000008005032        0xe out/utilities.o
                0x0000000008005032                memset1
 .text.RtcInit  0x0000000008005040       0x30 out/rtc-board.o
                0x0000000008005040                RtcInit
 .text.RtcSetTimeout
                0x0000000008005070       0x8c out/rtc-board.o
                0x0000000008005070                RtcSetTimeout
 .text.RtcStopTimeout
                0x00000000080050fc       0x14 out/rtc-board.o
                0x00000000080050fc                RtcStopTimeout
 .text.RtcGetTimerContext
                0x0000000008005110        0xc out/rtc-board.o
                0x0000000008005110                RtcGetTimerContext
 .text.RtcGetTimerValue
                0x000000000800511c      0x120 out/rtc-board.o
                0x000000000800511c                RtcGetTimerValue
 .text.RtcSetTimerContext
                0x000000000800523c       0x18 out/rtc-board.o
                0x000000000800523c                RtcSetTimerContext
 .text.RtcGetElapsedTime
                0x0000000008005254       0x18 out/rtc-board.o
                0x0000000008005254                RtcGetElapsedTime
 .text.RtcOnIrq
                0x000000000800526c       0x32 out/rtc-board.o
                0x000000000800526c                RtcOnIrq
 .text.BoardDisableIrq
                0x000000000800529e        0x4 out/sx1262-board.o
                0x000000000800529e                BoardDisableIrq
 .text.BoardEnableIrq
                0x00000000080052a2        0x4 out/sx1262-board.o
                0x00000000080052a2                BoardEnableIrq
 *fill*         0x00000000080052a6        0x2 
 .text.SpiInOut
                0x00000000080052a8       0x18 out/sx1262-board.o
                0x00000000080052a8                SpiInOut
 .text.SX126xLoracInit
                0x00000000080052c0       0x5c out/sx1262-board.o
                0x00000000080052c0                SX126xLoracInit
 .text.SX126xGetBoardTcxoWakeupTime
                0x000000000800531c        0x4 out/sx1262-board.o
                0x000000000800531c                SX126xGetBoardTcxoWakeupTime
 .text.SX126xReset
                0x0000000008005320       0x54 out/sx1262-board.o
                0x0000000008005320                SX126xReset
 .text.SX126xWaitOnBusy
                0x0000000008005374       0x18 out/sx1262-board.o
                0x0000000008005374                SX126xWaitOnBusy
 .text.SX126xWakeup
                0x000000000800538c       0x30 out/sx1262-board.o
                0x000000000800538c                SX126xWakeup
 .text.SX126xWriteCommand
                0x00000000080053bc       0x44 out/sx1262-board.o
                0x00000000080053bc                SX126xWriteCommand
 .text.SX126xReadCommand
                0x0000000008005400       0x48 out/sx1262-board.o
                0x0000000008005400                SX126xReadCommand
 .text.SX126xWriteRegisters
                0x0000000008005448       0x48 out/sx1262-board.o
                0x0000000008005448                SX126xWriteRegisters
 .text.SX126xWriteRegister
                0x0000000008005490       0x16 out/sx1262-board.o
                0x0000000008005490                SX126xWriteRegister
 *fill*         0x00000000080054a6        0x2 
 .text.SX126xReadRegisters
                0x00000000080054a8       0x50 out/sx1262-board.o
                0x00000000080054a8                SX126xReadRegisters
 .text.SX126xReadRegister
                0x00000000080054f8       0x16 out/sx1262-board.o
                0x00000000080054f8                SX126xReadRegister
 *fill*         0x000000000800550e        0x2 
 .text.SX126xWriteBuffer
                0x0000000008005510       0x48 out/sx1262-board.o
                0x0000000008005510                SX126xWriteBuffer
 .text.SX126xReadBuffer
                0x0000000008005558       0x50 out/sx1262-board.o
                0x0000000008005558                SX126xReadBuffer
 .text.SX126xSetRfTxPower
                0x00000000080055a8        0x6 out/sx1262-board.o
                0x00000000080055a8                SX126xSetRfTxPower
 .text.SX126xGetPaSelect
                0x00000000080055ae        0x4 out/sx1262-board.o
                0x00000000080055ae                SX126xGetPaSelect
 *fill*         0x00000000080055b2        0x2 
 .text.SX126xAntSwOn
                0x00000000080055b4       0x10 out/sx1262-board.o
                0x00000000080055b4                SX126xAntSwOn
 .text.SX126xAntSwOff
                0x00000000080055c4       0x10 out/sx1262-board.o
                0x00000000080055c4                SX126xAntSwOff
 .text.LoRaMacConfirmQueueInit
                0x00000000080055d4       0x34 out/LoRaMacConfirmQueue.o
                0x00000000080055d4                LoRaMacConfirmQueueInit
 .text.LoRaMacConfirmQueueAdd
                0x0000000008005608       0x44 out/LoRaMacConfirmQueue.o
                0x0000000008005608                LoRaMacConfirmQueueAdd
 .text.LoRaMacConfirmQueueRemoveLast
                0x000000000800564c       0x28 out/LoRaMacConfirmQueue.o
                0x000000000800564c                LoRaMacConfirmQueueRemoveLast
 .text.LoRaMacConfirmQueueRemoveFirst
                0x0000000008005674       0x28 out/LoRaMacConfirmQueue.o
                0x0000000008005674                LoRaMacConfirmQueueRemoveFirst
 .text.LoRaMacConfirmQueueSetStatus
                0x000000000800569c       0x40 out/LoRaMacConfirmQueue.o
                0x000000000800569c                LoRaMacConfirmQueueSetStatus
 .text.LoRaMacConfirmQueueGetStatus
                0x00000000080056dc       0x3c out/LoRaMacConfirmQueue.o
                0x00000000080056dc                LoRaMacConfirmQueueGetStatus
 .text.LoRaMacConfirmQueueSetStatusCmn
                0x0000000008005718       0x44 out/LoRaMacConfirmQueue.o
                0x0000000008005718                LoRaMacConfirmQueueSetStatusCmn
 .text.LoRaMacConfirmQueueGetStatusCmn
                0x000000000800575c        0xc out/LoRaMacConfirmQueue.o
                0x000000000800575c                LoRaMacConfirmQueueGetStatusCmn
 .text.LoRaMacConfirmQueueIsCmdActive
                0x0000000008005768       0x38 out/LoRaMacConfirmQueue.o
                0x0000000008005768                LoRaMacConfirmQueueIsCmdActive
 .text.LoRaMacConfirmQueueHandleCb
                0x00000000080057a0       0x60 out/LoRaMacConfirmQueue.o
                0x00000000080057a0                LoRaMacConfirmQueueHandleCb
 .text.LoRaMacConfirmQueueGetCnt
                0x0000000008005800        0xc out/LoRaMacConfirmQueue.o
                0x0000000008005800                LoRaMacConfirmQueueGetCnt
 .text.LoRaMacConfirmQueueIsFull
                0x000000000800580c       0x14 out/LoRaMacConfirmQueue.o
                0x000000000800580c                LoRaMacConfirmQueueIsFull
 .text.SetMlmeScheduleUplinkIndication
                0x0000000008005820       0x1c out/LoRaMac.o
 .text.AddMacCommand
                0x000000000800583c      0x17c out/LoRaMac.o
 .text.ResetMacParameters
                0x00000000080059b8       0x8c out/LoRaMac.o
 .text.ValidatePayloadLength
                0x0000000008005a44       0x5c out/LoRaMac.o
 .text.OnAckTimeoutTimerEvent
                0x0000000008005aa0       0x44 out/LoRaMac.o
 .text.PrepareRxDoneAbort
                0x0000000008005ae4       0x5c out/LoRaMac.o
 .text.ProcessMacCommands
                0x0000000008005b40      0x478 out/LoRaMac.o
 .text.OnRadioRxDone
                0x0000000008005fb8      0x5a8 out/LoRaMac.o
 .text.RxWindowSetup
                0x0000000008006560       0x14 out/LoRaMac.o
 .text.OnRxWindow1TimerEvent
                0x0000000008006574       0x74 out/LoRaMac.o
 .text.OnRxWindow2TimerEvent
                0x00000000080065e8       0x74 out/LoRaMac.o
 .text.OpenContinuousRx2Window
                0x000000000800665c       0x14 out/LoRaMac.o
 .text.OnRadioRxTimeout
                0x0000000008006670       0xe0 out/LoRaMac.o
 .text.OnRadioTxTimeout
                0x0000000008006750       0x3c out/LoRaMac.o
 .text.OnRadioRxError
                0x000000000800678c       0xe0 out/LoRaMac.o
 .text.OnRadioTxDone
                0x000000000800686c      0x128 out/LoRaMac.o
 .text.PrepareFrame
                0x0000000008006994      0x38c out/LoRaMac.o
                0x0000000008006994                PrepareFrame
 .text.SendFrameOnChannel
                0x0000000008006d20      0x114 out/LoRaMac.o
                0x0000000008006d20                SendFrameOnChannel
 .text.ScheduleTx
                0x0000000008006e34      0x1a4 out/LoRaMac.o
 .text.Send     0x0000000008006fd8       0x44 out/LoRaMac.o
                0x0000000008006fd8                Send
 .text.OnTxDelayedTimerEvent
                0x000000000800701c       0x7c out/LoRaMac.o
 .text.OnMacStateCheckTimerEvent
                0x0000000008007098      0x32c out/LoRaMac.o
 .text.SetTxContinuousWave
                0x00000000080073c4       0x60 out/LoRaMac.o
                0x00000000080073c4                SetTxContinuousWave
 .text.SetTxContinuousWave1
                0x0000000008007424       0x40 out/LoRaMac.o
                0x0000000008007424                SetTxContinuousWave1
 .text.LoRaMacInitialization
                0x0000000008007464      0x2f4 out/LoRaMac.o
                0x0000000008007464                LoRaMacInitialization
 .text.LoRaMacQueryTxPossible
                0x0000000008007758       0xdc out/LoRaMac.o
                0x0000000008007758                LoRaMacQueryTxPossible
 .text.LoRaMacMibGetRequestConfirm
                0x0000000008007834      0x150 out/LoRaMac.o
                0x0000000008007834                LoRaMacMibGetRequestConfirm
 .text.LoRaMacMulticastChannelLink
                0x0000000008007984       0x40 out/LoRaMac.o
                0x0000000008007984                LoRaMacMulticastChannelLink
 .text.LoRaMacMulticastChannelUnlink
                0x00000000080079c4       0x44 out/LoRaMac.o
                0x00000000080079c4                LoRaMacMulticastChannelUnlink
 .text.LoRaMacMibSetRequestConfirm
                0x0000000008007a08      0x350 out/LoRaMac.o
                0x0000000008007a08                LoRaMacMibSetRequestConfirm
 .text.LoRaMacMlmeRequest
                0x0000000008007d58      0x218 out/LoRaMac.o
                0x0000000008007d58                LoRaMacMlmeRequest
 .text.LoRaMacMcpsRequest
                0x0000000008007f70      0x130 out/LoRaMac.o
                0x0000000008007f70                LoRaMacMcpsRequest
 .text.LoRaMacClassBInit
                0x00000000080080a0        0x2 out/LoRaMacClassB.o
                0x00000000080080a0                LoRaMacClassBInit
 .text.LoRaMacClassBSetBeaconState
                0x00000000080080a2        0x2 out/LoRaMacClassB.o
                0x00000000080080a2                LoRaMacClassBSetBeaconState
 .text.LoRaMacClassBSetPingSlotState
                0x00000000080080a4        0x2 out/LoRaMacClassB.o
                0x00000000080080a4                LoRaMacClassBSetPingSlotState
 .text.LoRaMacClassBSetMulticastSlotState
                0x00000000080080a6        0x2 out/LoRaMacClassB.o
                0x00000000080080a6                LoRaMacClassBSetMulticastSlotState
 .text.LoRaMacClassBIsAcquisitionInProgress
                0x00000000080080a8        0x4 out/LoRaMacClassB.o
                0x00000000080080a8                LoRaMacClassBIsAcquisitionInProgress
 .text.LoRaMacClassBBeaconTimerEvent
                0x00000000080080ac        0x2 out/LoRaMacClassB.o
                0x00000000080080ac                LoRaMacClassBBeaconTimerEvent
 .text.LoRaMacClassBPingSlotTimerEvent
                0x00000000080080ae        0x2 out/LoRaMacClassB.o
                0x00000000080080ae                LoRaMacClassBPingSlotTimerEvent
 .text.LoRaMacClassBMulticastSlotTimerEvent
                0x00000000080080b0        0x2 out/LoRaMacClassB.o
                0x00000000080080b0                LoRaMacClassBMulticastSlotTimerEvent
 .text.LoRaMacClassBRxBeacon
                0x00000000080080b2        0x4 out/LoRaMacClassB.o
                0x00000000080080b2                LoRaMacClassBRxBeacon
 .text.LoRaMacClassBIsBeaconExpected
                0x00000000080080b6        0x4 out/LoRaMacClassB.o
                0x00000000080080b6                LoRaMacClassBIsBeaconExpected
 .text.LoRaMacClassBIsPingExpected
                0x00000000080080ba        0x4 out/LoRaMacClassB.o
                0x00000000080080ba                LoRaMacClassBIsPingExpected
 .text.LoRaMacClassBIsMulticastExpected
                0x00000000080080be        0x4 out/LoRaMacClassB.o
                0x00000000080080be                LoRaMacClassBIsMulticastExpected
 .text.LoRaMacClassBIsBeaconModeActive
                0x00000000080080c2        0x4 out/LoRaMacClassB.o
                0x00000000080080c2                LoRaMacClassBIsBeaconModeActive
 .text.LoRaMacClassBSetPingSlotInfo
                0x00000000080080c6        0x2 out/LoRaMacClassB.o
                0x00000000080080c6                LoRaMacClassBSetPingSlotInfo
 .text.LoRaMacClassBHaltBeaconing
                0x00000000080080c8        0x2 out/LoRaMacClassB.o
                0x00000000080080c8                LoRaMacClassBHaltBeaconing
 .text.LoRaMacClassBResumeBeaconing
                0x00000000080080ca        0x2 out/LoRaMacClassB.o
                0x00000000080080ca                LoRaMacClassBResumeBeaconing
 .text.LoRaMacClassBSwitchClass
                0x00000000080080cc        0x4 out/LoRaMacClassB.o
                0x00000000080080cc                LoRaMacClassBSwitchClass
 .text.LoRaMacClassBMibGetRequestConfirm
                0x00000000080080d0        0x4 out/LoRaMacClassB.o
                0x00000000080080d0                LoRaMacClassBMibGetRequestConfirm
 .text.LoRaMacMibClassBSetRequestConfirm
                0x00000000080080d4        0x4 out/LoRaMacClassB.o
                0x00000000080080d4                LoRaMacMibClassBSetRequestConfirm
 .text.LoRaMacClassBPingSlotInfoAns
                0x00000000080080d8        0x2 out/LoRaMacClassB.o
                0x00000000080080d8                LoRaMacClassBPingSlotInfoAns
 .text.LoRaMacClassBPingSlotChannelReq
                0x00000000080080da        0x4 out/LoRaMacClassB.o
                0x00000000080080da                LoRaMacClassBPingSlotChannelReq
 .text.LoRaMacClassBBeaconTimingAns
                0x00000000080080de        0x2 out/LoRaMacClassB.o
                0x00000000080080de                LoRaMacClassBBeaconTimingAns
 .text.LoRaMacClassBDeviceTimeAns
                0x00000000080080e0        0x2 out/LoRaMacClassB.o
                0x00000000080080e0                LoRaMacClassBDeviceTimeAns
 .text.LoRaMacClassBBeaconFreqReq
                0x00000000080080e2        0x4 out/LoRaMacClassB.o
                0x00000000080080e2                LoRaMacClassBBeaconFreqReq
 .text.LoRaMacClassBIsUplinkCollision
                0x00000000080080e6        0x6 out/LoRaMacClassB.o
                0x00000000080080e6                LoRaMacClassBIsUplinkCollision
 .text.LoRaMacClassBStopRxSlots
                0x00000000080080ec        0x2 out/LoRaMacClassB.o
                0x00000000080080ec                LoRaMacClassBStopRxSlots
 .text.LoRaMacClassBSetMulticastPeriodicity
                0x00000000080080ee        0x2 out/LoRaMacClassB.o
                0x00000000080080ee                LoRaMacClassBSetMulticastPeriodicity
 .text.LoRaMacComputeMic
                0x00000000080080f0       0x70 out/LoRaMacCrypto.o
                0x00000000080080f0                LoRaMacComputeMic
 .text.LoRaMacPayloadEncrypt
                0x0000000008008160       0xe0 out/LoRaMacCrypto.o
                0x0000000008008160                LoRaMacPayloadEncrypt
 .text.LoRaMacPayloadDecrypt
                0x0000000008008240       0x10 out/LoRaMacCrypto.o
                0x0000000008008240                LoRaMacPayloadDecrypt
 .text.LoRaMacJoinComputeMic
                0x0000000008008250       0x3c out/LoRaMacCrypto.o
                0x0000000008008250                LoRaMacJoinComputeMic
 .text.LoRaMacJoinDecrypt
                0x000000000800828c       0x3e out/LoRaMacCrypto.o
                0x000000000800828c                LoRaMacJoinDecrypt
 .text.LoRaMacJoinComputeSKeys
                0x00000000080082ca       0x86 out/LoRaMacCrypto.o
                0x00000000080082ca                LoRaMacJoinComputeSKeys
 .text.RegionIsActive
                0x0000000008008350        0x8 out/Region.o
                0x0000000008008350                RegionIsActive
 .text.RegionGetPhyParam
                0x0000000008008358       0x12 out/Region.o
                0x0000000008008358                RegionGetPhyParam
 .text.RegionSetBandTxDone
                0x000000000800836a        0xa out/Region.o
                0x000000000800836a                RegionSetBandTxDone
 .text.RegionInitDefaults
                0x0000000008008374        0xa out/Region.o
                0x0000000008008374                RegionInitDefaults
 .text.RegionVerify
                0x000000000800837e       0x10 out/Region.o
                0x000000000800837e                RegionVerify
 .text.RegionApplyCFList
                0x000000000800838e        0xa out/Region.o
                0x000000000800838e                RegionApplyCFList
 .text.RegionChanMaskSet
                0x0000000008008398        0xc out/Region.o
                0x0000000008008398                RegionChanMaskSet
 .text.RegionAdrNext
                0x00000000080083a4       0x1e out/Region.o
                0x00000000080083a4                RegionAdrNext
 .text.RegionComputeRxWindowParameters
                0x00000000080083c2       0x1c out/Region.o
                0x00000000080083c2                RegionComputeRxWindowParameters
 .text.RegionRxConfig
                0x00000000080083de       0x10 out/Region.o
                0x00000000080083de                RegionRxConfig
 .text.RegionTxConfig
                0x00000000080083ee       0x1c out/Region.o
                0x00000000080083ee                RegionTxConfig
 .text.RegionLinkAdrReq
                0x000000000800840a       0x1e out/Region.o
                0x000000000800840a                RegionLinkAdrReq
 .text.RegionRxParamSetupReq
                0x0000000008008428        0xc out/Region.o
                0x0000000008008428                RegionRxParamSetupReq
 .text.RegionNewChannelReq
                0x0000000008008434        0xc out/Region.o
                0x0000000008008434                RegionNewChannelReq
 .text.RegionTxParamSetupReq
                0x0000000008008440        0xc out/Region.o
                0x0000000008008440                RegionTxParamSetupReq
 .text.RegionDlChannelReq
                0x000000000800844c        0xc out/Region.o
                0x000000000800844c                RegionDlChannelReq
 .text.RegionAlternateDr
                0x0000000008008458        0xc out/Region.o
                0x0000000008008458                RegionAlternateDr
 .text.RegionCalcBackOff
                0x0000000008008464        0xa out/Region.o
                0x0000000008008464                RegionCalcBackOff
 .text.RegionNextChannel
                0x000000000800846e       0x1e out/Region.o
                0x000000000800846e                RegionNextChannel
 .text.RegionSetContinuousWave
                0x000000000800848c        0xa out/Region.o
                0x000000000800848c                RegionSetContinuousWave
 .text.RegionApplyDrOffset
                0x0000000008008496       0x1c out/Region.o
                0x0000000008008496                RegionApplyDrOffset
 *fill*         0x00000000080084b2        0x2 
 .text.RegionCommonGetJoinDc
                0x00000000080084b4       0x30 out/RegionCommon.o
                0x00000000080084b4                RegionCommonGetJoinDc
 .text.RegionCommonChanVerifyDr
                0x00000000080084e4       0x66 out/RegionCommon.o
                0x00000000080084e4                RegionCommonChanVerifyDr
 .text.RegionCommonValueInRange
                0x000000000800854a       0x12 out/RegionCommon.o
                0x000000000800854a                RegionCommonValueInRange
 .text.RegionCommonChanDisable
                0x000000000800855c       0x32 out/RegionCommon.o
                0x000000000800855c                RegionCommonChanDisable
 .text.RegionCommonCountChannels
                0x000000000800858e       0x3c out/RegionCommon.o
                0x000000000800858e                RegionCommonCountChannels
 .text.RegionCommonChanMaskCopy
                0x00000000080085ca       0x1e out/RegionCommon.o
                0x00000000080085ca                RegionCommonChanMaskCopy
 .text.RegionCommonSetBandTxDone
                0x00000000080085e8        0xe out/RegionCommon.o
                0x00000000080085e8                RegionCommonSetBandTxDone
 .text.RegionCommonUpdateBandTimeOff
                0x00000000080085f6      0x10a out/RegionCommon.o
                0x00000000080085f6                RegionCommonUpdateBandTimeOff
 .text.RegionCommonParseLinkAdrReq
                0x0000000008008700       0x34 out/RegionCommon.o
                0x0000000008008700                RegionCommonParseLinkAdrReq
 .text.RegionCommonComputeSymbolTimeLoRa
                0x0000000008008734       0x34 out/RegionCommon.o
                0x0000000008008734                RegionCommonComputeSymbolTimeLoRa
 .text.RegionCommonComputeSymbolTimeFsk
                0x0000000008008768       0x18 out/RegionCommon.o
                0x0000000008008768                RegionCommonComputeSymbolTimeFsk
 .text.RegionCommonComputeRxWindowParameters
                0x0000000008008780       0xac out/RegionCommon.o
                0x0000000008008780                RegionCommonComputeRxWindowParameters
 .text.RegionCommonComputeTxPower
                0x000000000800882c       0x30 out/RegionCommon.o
                0x000000000800882c                RegionCommonComputeTxPower
 .text.VerifyTxFreq
                0x000000000800885c       0x28 out/RegionAS923.o
 .text.RegionAS923GetPhyParam
                0x0000000008008884      0x130 out/RegionAS923.o
                0x0000000008008884                RegionAS923GetPhyParam
 .text.RegionAS923SetBandTxDone
                0x00000000080089b4       0x2c out/RegionAS923.o
                0x00000000080089b4                RegionAS923SetBandTxDone
 .text.RegionAS923InitDefaults
                0x00000000080089e0       0x50 out/RegionAS923.o
                0x00000000080089e0                RegionAS923InitDefaults
 .text.RegionAS923Verify
                0x0000000008008a30       0x56 out/RegionAS923.o
                0x0000000008008a30                RegionAS923Verify
 *fill*         0x0000000008008a86        0x2 
 .text.RegionAS923ChanMaskSet
                0x0000000008008a88       0x34 out/RegionAS923.o
                0x0000000008008a88                RegionAS923ChanMaskSet
 .text.RegionAS923AdrNext
                0x0000000008008abc       0xa8 out/RegionAS923.o
                0x0000000008008abc                RegionAS923AdrNext
 .text.RegionAS923ComputeRxWindowParameters
                0x0000000008008b64       0x84 out/RegionAS923.o
                0x0000000008008b64                RegionAS923ComputeRxWindowParameters
 .text.RegionAS923RxConfig
                0x0000000008008be8       0xec out/RegionAS923.o
                0x0000000008008be8                RegionAS923RxConfig
 .text.RegionAS923TxConfig
                0x0000000008008cd4      0x10c out/RegionAS923.o
                0x0000000008008cd4                RegionAS923TxConfig
 .text.RegionAS923LinkAdrReq
                0x0000000008008de0      0x110 out/RegionAS923.o
                0x0000000008008de0                RegionAS923LinkAdrReq
 .text.RegionAS923RxParamSetupReq
                0x0000000008008ef0       0x44 out/RegionAS923.o
                0x0000000008008ef0                RegionAS923RxParamSetupReq
 .text.RegionAS923TxParamSetupReq
                0x0000000008008f34        0x4 out/RegionAS923.o
                0x0000000008008f34                RegionAS923TxParamSetupReq
 .text.RegionAS923DlChannelReq
                0x0000000008008f38       0x38 out/RegionAS923.o
                0x0000000008008f38                RegionAS923DlChannelReq
 .text.RegionAS923AlternateDr
                0x0000000008008f70        0x4 out/RegionAS923.o
                0x0000000008008f70                RegionAS923AlternateDr
 .text.RegionAS923CalcBackOff
                0x0000000008008f74       0x98 out/RegionAS923.o
                0x0000000008008f74                RegionAS923CalcBackOff
 .text.RegionAS923NextChannel
                0x000000000800900c      0x188 out/RegionAS923.o
                0x000000000800900c                RegionAS923NextChannel
 .text.RegionAS923ChannelAdd
                0x0000000008009194       0xd4 out/RegionAS923.o
                0x0000000008009194                RegionAS923ChannelAdd
 .text.RegionAS923ChannelsRemove
                0x0000000008009268       0x30 out/RegionAS923.o
                0x0000000008009268                RegionAS923ChannelsRemove
 .text.RegionAS923ApplyCFList
                0x0000000008009298       0x78 out/RegionAS923.o
                0x0000000008009298                RegionAS923ApplyCFList
 .text.RegionAS923NewChannelReq
                0x0000000008009310       0x40 out/RegionAS923.o
                0x0000000008009310                RegionAS923NewChannelReq
 .text.RegionAS923SetContinuousWave
                0x0000000008009350       0x4c out/RegionAS923.o
                0x0000000008009350                RegionAS923SetContinuousWave
 .text.RegionAS923ApplyDrOffset
                0x000000000800939c       0x2c out/RegionAS923.o
                0x000000000800939c                RegionAS923ApplyDrOffset
 .text.Reset_Handler
                0x00000000080093c8       0x48 out/startup_cm4.o
                0x00000000080093c8                Reset_Handler
 .text.Default_Handler
                0x0000000008009410        0x2 out/startup_cm4.o
                0x0000000008009410                SCC_IRQHandler
                0x0000000008009410                TIMER2_IRQHandler
                0x0000000008009410                EFC_IRQHandler
                0x0000000008009410                I2C0_IRQHandler
                0x0000000008009410                SAC_IRQHandler
                0x0000000008009410                I2C1_IRQHandler
                0x0000000008009410                UART1_IRQHandler
                0x0000000008009410                BSTIMER0_IRQHandler
                0x0000000008009410                TIMER3_IRQHandler
                0x0000000008009410                UART0_IRQHandler
                0x0000000008009410                SEC_IRQHandler
                0x0000000008009410                WDG_IRQHandler
                0x0000000008009410                LPTIMER1_IRQHandler
                0x0000000008009410                LPTIMER0_IRQHandler
                0x0000000008009410                SSP0_IRQHandler
                0x0000000008009410                I2S_IRQHandler
                0x0000000008009410                I2C2_IRQHandler
                0x0000000008009410                TIMER0_IRQHandler
                0x0000000008009410                LCD_IRQHandler
                0x0000000008009410                LPUART_IRQHandler
                0x0000000008009410                TIMER1_IRQHandler
                0x0000000008009410                UART2_IRQHandler
                0x0000000008009410                Default_Handler
                0x0000000008009410                ADC_IRQHandler
                0x0000000008009410                SSP1_IRQHandler
                0x0000000008009410                DMA0_IRQHandler
                0x0000000008009410                IWDG_IRQHandler
                0x0000000008009410                SSP2_IRQHandler
                0x0000000008009410                BSTIMER1_IRQHandler
                0x0000000008009410                DAC_IRQHandler
                0x0000000008009410                AFEC_IRQHandler
                0x0000000008009410                UART3_IRQHandler
                0x0000000008009410                QSPI_IRQHandler
                0x0000000008009410                DMA1_IRQHandler
 *fill*         0x0000000008009412        0x2 
 .text.startup  0x0000000008009414       0x14 /usr/lib/gcc/arm-none-eabi/9.2.1/../../../arm-none-eabi/lib/thumb/v7e-m/nofp/libc.a(lib_a-__call_atexit.o)
 *(.glue_7)
 .glue_7        0x0000000008009428        0x0 linker stubs
 *(.glue_7t)
 .glue_7t       0x0000000008009428        0x0 linker stubs
 *(.eh_frame)
 .eh_frame      0x0000000008009428        0x0 /usr/lib/gcc/arm-none-eabi/9.2.1/thumb/v7e-m/nofp/crtbegin.o
 *(.init)
 .init          0x0000000008009428        0x4 /usr/lib/gcc/arm-none-eabi/9.2.1/thumb/v7e-m/nofp/crti.o
                0x0000000008009428                _init
 .init          0x000000000800942c        0x8 /usr/lib/gcc/arm-none-eabi/9.2.1/thumb/v7e-m/nofp/crtn.o
 *(.fini)
 .fini          0x0000000008009434        0x4 /usr/lib/gcc/arm-none-eabi/9.2.1/thumb/v7e-m/nofp/crti.o
                0x0000000008009434                _fini
 .fini          0x0000000008009438        0x8 /usr/lib/gcc/arm-none-eabi/9.2.1/thumb/v7e-m/nofp/crtn.o
                0x0000000008009440                . = ALIGN (0x4)
                0x0000000008009440                _etext = .

.vfp11_veneer   0x0000000008009440        0x0
 .vfp11_veneer  0x0000000008009440        0x0 linker stubs

.v4_bx          0x0000000008009440        0x0
 .v4_bx         0x0000000008009440        0x0 linker stubs

.iplt           0x0000000008009440        0x0
 .iplt          0x0000000008009440        0x0 /usr/lib/gcc/arm-none-eabi/9.2.1/thumb/v7e-m/nofp/crtbegin.o

.rodata         0x0000000008009440      0x428
                0x0000000008009440                . = ALIGN (0x4)
 *(.rodata)
 .rodata        0x0000000008009440       0x50 out/printf-stdarg.o
 .rodata        0x0000000008009490        0xc out/tremo_uart.o
 *fill*         0x000000000800949c        0x4 
 .rodata        0x00000000080094a0      0x188 out/radio.o
                0x00000000080094a0                FskBandwidths
                0x00000000080095b0                Bandwidths
                0x00000000080095bc                Radio
 .rodata        0x0000000008009628       0x11 out/sx126x.o
 .rodata        0x0000000008009639       0x18 out/rtc-board.o
 .rodata        0x0000000008009651       0x10 out/LoRaMac.o
 *fill*         0x0000000008009661        0x3 
 .rodata        0x0000000008009664       0x67 out/RegionAS923.o
 *fill*         0x00000000080096cb        0x1 
 .rodata        0x00000000080096cc       0x10 /home/hung382/MET/drivers/crypto/lib/libcrypto.a(aes.o)
 .rodata        0x00000000080096dc        0x4 /usr/lib/gcc/arm-none-eabi/9.2.1/../../../arm-none-eabi/lib/thumb/v7e-m/nofp/libc.a(lib_a-impure.o)
                0x00000000080096dc                _global_impure_ptr
 .rodata        0x00000000080096e0       0x10 /usr/lib/gcc/arm-none-eabi/9.2.1/../../../arm-none-eabi/lib/thumb/v7e-m/nofp/libm.a(lib_a-s_rint.o)
 *(.rodata*)
 .rodata.str1.1
                0x00000000080096f0      0x15f out/classA.o
 .rodata.str1.1
                0x000000000800984f       0x19 out/printf-stdarg.o
                0x0000000008009868                . = ALIGN (0x4)

.ARM.extab
 *(.ARM.extab* .gnu.linkonce.armextab.*)

.ARM            0x0000000008009868        0x8
                0x0000000008009868                __exidx_start = .
 *(.ARM.exidx*)
 .ARM.exidx     0x0000000008009868        0x8 /usr/lib/gcc/arm-none-eabi/9.2.1/thumb/v7e-m/nofp/libgcc.a(_udivmoddi4.o)
                0x0000000008009870                __exidx_end = .

.rel.dyn        0x0000000008009870        0x0
 .rel.iplt      0x0000000008009870        0x0 /usr/lib/gcc/arm-none-eabi/9.2.1/thumb/v7e-m/nofp/crtbegin.o

.preinit_array  0x0000000008009870        0x0
                0x0000000008009870                PROVIDE (__preinit_array_start = .)
 *(.preinit_array*)
                0x0000000008009870                PROVIDE (__preinit_array_end = .)

.init_array     0x0000000008009870        0x8
                0x0000000008009870                PROVIDE (__init_array_start = .)
 *(SORT_BY_NAME(.init_array.*))
 .init_array.00000
                0x0000000008009870        0x4 /usr/lib/gcc/arm-none-eabi/9.2.1/../../../arm-none-eabi/lib/thumb/v7e-m/nofp/libc.a(lib_a-__call_atexit.o)
 *(.init_array*)
 .init_array    0x0000000008009874        0x4 /usr/lib/gcc/arm-none-eabi/9.2.1/thumb/v7e-m/nofp/crtbegin.o
                0x0000000008009878                PROVIDE (__init_array_end = .)

.fini_array     0x0000000008009878        0x4
                0x0000000008009878                PROVIDE (__fini_array_start = .)
 *(SORT_BY_NAME(.fini_array.*))
 *(.fini_array*)
 .fini_array    0x0000000008009878        0x4 /usr/lib/gcc/arm-none-eabi/9.2.1/thumb/v7e-m/nofp/crtbegin.o
                0x000000000800987c                PROVIDE (__fini_array_end = .)
                0x000000000800987c                _sidata = LOADADDR (.data)

.data           0x0000000020000000      0x4b0 load address 0x000000000800987c
                0x0000000020000000                . = ALIGN (0x4)
                0x0000000020000000                _sdata = .
 *(.data)
 .data          0x0000000020000000       0x28 out/classA.o
 .data          0x0000000020000028        0x9 out/main.o
                0x0000000020000028                ir_pin
                0x000000002000002c                GPIO_USING
                0x0000000020000030                Signal_LED
 .data          0x0000000020000031        0x1 out/radio.o
                0x0000000020000031                MaxPayloadLength
 *fill*         0x0000000020000032        0x2 
 .data          0x0000000020000034        0x4 out/utilities.o
 .data          0x0000000020000038        0x3 out/LoRaMac.o
 .data          0x000000002000003b       0x20 out/LoRaMacCrypto.o
 *fill*         0x000000002000005b        0x5 
 .data          0x0000000020000060       0x20 out/RegionAS923.o
 .data          0x0000000020000080      0x430 /usr/lib/gcc/arm-none-eabi/9.2.1/../../../arm-none-eabi/lib/thumb/v7e-m/nofp/libc.a(lib_a-impure.o)
                0x0000000020000080                _impure_ptr
 *(.data*)
                0x00000000200004b0                . = ALIGN (0x4)
                0x00000000200004b0                _edata = .

.tm_clone_table
                0x00000000200004b0        0x0 load address 0x0000000008009d2c
 .tm_clone_table
                0x00000000200004b0        0x0 /usr/lib/gcc/arm-none-eabi/9.2.1/thumb/v7e-m/nofp/crtbegin.o
 .tm_clone_table
                0x00000000200004b0        0x0 /usr/lib/gcc/arm-none-eabi/9.2.1/thumb/v7e-m/nofp/crtend.o

.igot.plt       0x00000000200004b0        0x0 load address 0x0000000008009d2c
 .igot.plt      0x00000000200004b0        0x0 /usr/lib/gcc/arm-none-eabi/9.2.1/thumb/v7e-m/nofp/crtbegin.o
                0x00000000200004b0                . = ALIGN (0x4)

.bss            0x00000000200004b0      0x8c0 load address 0x0000000008009d2c
                0x00000000200004b0                _sbss = .
                0x00000000200004b0                __bss_start__ = _sbss
 *(.bss)
 .bss           0x00000000200004b0       0x1c /usr/lib/gcc/arm-none-eabi/9.2.1/thumb/v7e-m/nofp/crtbegin.o
 .bss           0x00000000200004cc       0x2a out/classA.o
                0x00000000200004e4                count
                0x00000000200004e5                connection_state
 .bss           0x00000000200004f6        0x1 out/main.o
                0x00000000200004f6                interrupt_flag
 .bss           0x00000000200004f7        0x1 out/tremo_delay.o
 .bss           0x00000000200004f8       0x11 out/timer.o
                0x0000000020000508                HasLoopedThroughMain
 *fill*         0x0000000020000509        0x3 
 .bss           0x000000002000050c       0x16 out/radio.o
                0x0000000020000510                IrqFired
                0x0000000020000514                TxTimeout
                0x0000000020000518                RxContinuous
                0x000000002000051c                RxTimeout
 *fill*         0x0000000020000522        0x2 
 .bss           0x0000000020000524        0x8 out/sx126x.o
                0x0000000020000528                FrequencyError
 .bss           0x000000002000052c        0x9 out/rtc-board.o
                0x0000000020000530                McuWakeUpTime
                0x0000000020000534                NonScheduledWakeUp
 .bss           0x0000000020000535        0x1 out/sx1262-board.o
                0x0000000020000535                gPaOptSetting
 *fill*         0x0000000020000536        0x2 
 .bss           0x0000000020000538       0x19 out/LoRaMacConfirmQueue.o
 *fill*         0x0000000020000551        0x7 
 .bss           0x0000000020000558      0x4d9 out/LoRaMac.o
                0x0000000020000628                LoRaMacState
                0x00000000200009d0                TxTimeOnAir
 *fill*         0x0000000020000a31        0x3 
 .bss           0x0000000020000a34       0x44 out/LoRaMacCrypto.o
 .bss           0x0000000020000a78       0xc4 out/RegionAS923.o
 *(.bss*)
 *(COMMON)
 COMMON         0x0000000020000b3c        0x1 out/classA.o
                0x0000000020000b3c                last_ir_state
 *fill*         0x0000000020000b3d        0x3 
 COMMON         0x0000000020000b40      0x190 out/radio.o
                0x0000000020000b40                irqRegs
                0x0000000020000b44                SX126x
                0x0000000020000b80                TxTimeoutTimer
                0x0000000020000b94                RadioRxPayload
                0x0000000020000c94                CadTimeoutTimer
                0x0000000020000ca8                RadioPktStatus
                0x0000000020000cbc                RxTimeoutTimer
 COMMON         0x0000000020000cd0       0x18 out/rtc-board.o
                0x0000000020000cd0                RtcCalendarContext
                0x0000000020000ce0                RtcTimerContext
 COMMON         0x0000000020000ce8        0xc out/LoRaMacConfirmQueue.o
                0x0000000020000ce8                CommonStatus
                0x0000000020000cec                BufferStart
                0x0000000020000cf0                BufferEnd
 COMMON         0x0000000020000cf4       0x7c out/LoRaMac.o
                0x0000000020000cf4                LoRaMacFlags
                0x0000000020000cf8                LoRaMacParamsDefaults
                0x0000000020000d34                LoRaMacParams
                0x0000000020000d70                . = ALIGN (0x4)
                0x0000000020000d70                _ebss = .
                0x0000000020000d70                __bss_end__ = _ebss

.heap           0x0000000020000d70        0x0 load address 0x0000000008009d2c
                0x0000000020000d70                . = ALIGN (0x4)
                0x0000000020000d70                _heap_bottom = .
                0x0000000020000d70                end = _heap_bottom
                0x0000000020000d70                _end = end
                0x0000000020000d70                __end = end
                0x0000000020000d70                . = (. + _HEAP_SIZE)
                0x0000000020000d70                _heap_top = .

.stack          0x0000000020000d70     0x1000 load address 0x0000000008009d2c
                0x0000000020000d70                . = ALIGN (0x4)
                0x0000000020000d70                _stack_bottom = .
                0x0000000020001d70                . = (. + _STACK_SIZE)
 *fill*         0x0000000020000d70     0x1000 
                0x0000000020001d70                _stack_top = .

/DISCARD/
 libc.a(*)
 libm.a(*)
 libgcc.a(*)

.ARM.attributes
                0x0000000000000000       0x2e
 *(.ARM.attributes)
 .ARM.attributes
                0x0000000000000000       0x1e /usr/lib/gcc/arm-none-eabi/9.2.1/thumb/v7e-m/nofp/crti.o
 .ARM.attributes
                0x000000000000001e       0x2e /usr/lib/gcc/arm-none-eabi/9.2.1/thumb/v7e-m/nofp/crtbegin.o
 .ARM.attributes
                0x000000000000004c       0x32 out/tremo_it.o
 .ARM.attributes
                0x000000000000007e       0x32 out/classA.o
 .ARM.attributes
                0x00000000000000b0       0x32 out/main.o
 .ARM.attributes
                0x00000000000000e2       0x32 out/printf-stdarg.o
 .ARM.attributes
                0x0000000000000114       0x32 out/system_cm4.o
 .ARM.attributes
                0x0000000000000146       0x32 out/tremo_uart.o
 .ARM.attributes
                0x0000000000000178       0x32 out/tremo_gpio.o
 .ARM.attributes
                0x00000000000001aa       0x32 out/tremo_delay.o
 .ARM.attributes
                0x00000000000001dc       0x32 out/tremo_rtc.o
 .ARM.attributes
                0x000000000000020e       0x32 out/tremo_pwr.o
 .ARM.attributes
                0x0000000000000240       0x32 out/tremo_rcc.o
 .ARM.attributes
                0x0000000000000272       0x32 out/delay.o
 .ARM.attributes
                0x00000000000002a4       0x32 out/timer.o
 .ARM.attributes
                0x00000000000002d6       0x32 out/cmac.o
 .ARM.attributes
                0x0000000000000308       0x32 out/radio.o
 .ARM.attributes
                0x000000000000033a       0x32 out/sx126x.o
 .ARM.attributes
                0x000000000000036c       0x32 out/utilities.o
 .ARM.attributes
                0x000000000000039e       0x32 out/rtc-board.o
 .ARM.attributes
                0x00000000000003d0       0x32 out/sx1262-board.o
 .ARM.attributes
                0x0000000000000402       0x32 out/LoRaMacConfirmQueue.o
 .ARM.attributes
                0x0000000000000434       0x32 out/LoRaMac.o
 .ARM.attributes
                0x0000000000000466       0x32 out/LoRaMacClassB.o
 .ARM.attributes
                0x0000000000000498       0x32 out/LoRaMacCrypto.o
 .ARM.attributes
                0x00000000000004ca       0x32 out/Region.o
 .ARM.attributes
                0x00000000000004fc       0x32 out/RegionCommon.o
 .ARM.attributes
                0x000000000000052e       0x32 out/RegionAS923.o
 .ARM.attributes
                0x0000000000000560       0x21 out/startup_cm4.o
 .ARM.attributes
                0x0000000000000581       0x2e /home/hung382/MET/drivers/crypto/lib/libcrypto.a(aes.o)
 .ARM.attributes
                0x00000000000005af       0x1e /usr/lib/gcc/arm-none-eabi/9.2.1/thumb/v7e-m/nofp/libgcc.a(_arm_addsubdf3.o)
 .ARM.attributes
                0x00000000000005cd       0x1e /usr/lib/gcc/arm-none-eabi/9.2.1/thumb/v7e-m/nofp/libgcc.a(_arm_muldivdf3.o)
 .ARM.attributes
                0x00000000000005eb       0x1e /usr/lib/gcc/arm-none-eabi/9.2.1/thumb/v7e-m/nofp/libgcc.a(_arm_cmpdf2.o)
 .ARM.attributes
                0x0000000000000609       0x1e /usr/lib/gcc/arm-none-eabi/9.2.1/thumb/v7e-m/nofp/libgcc.a(_arm_fixdfsi.o)
 .ARM.attributes
                0x0000000000000627       0x1e /usr/lib/gcc/arm-none-eabi/9.2.1/thumb/v7e-m/nofp/libgcc.a(_arm_fixunsdfsi.o)
 .ARM.attributes
                0x0000000000000645       0x1e /usr/lib/gcc/arm-none-eabi/9.2.1/thumb/v7e-m/nofp/libgcc.a(_aeabi_uldivmod.o)
 .ARM.attributes
                0x0000000000000663       0x2e /usr/lib/gcc/arm-none-eabi/9.2.1/thumb/v7e-m/nofp/libgcc.a(_fixunsdfdi.o)
 .ARM.attributes
                0x0000000000000691       0x2e /usr/lib/gcc/arm-none-eabi/9.2.1/thumb/v7e-m/nofp/libgcc.a(_udivmoddi4.o)
 .ARM.attributes
                0x00000000000006bf       0x1e /usr/lib/gcc/arm-none-eabi/9.2.1/thumb/v7e-m/nofp/libgcc.a(_dvmd_tls.o)
 .ARM.attributes
                0x00000000000006dd       0x2e /usr/lib/gcc/arm-none-eabi/9.2.1/../../../arm-none-eabi/lib/thumb/v7e-m/nofp/libc.a(lib_a-atexit.o)
 .ARM.attributes
                0x000000000000070b       0x2e /usr/lib/gcc/arm-none-eabi/9.2.1/../../../arm-none-eabi/lib/thumb/v7e-m/nofp/libc.a(lib_a-fini.o)
 .ARM.attributes
                0x0000000000000739       0x2e /usr/lib/gcc/arm-none-eabi/9.2.1/../../../arm-none-eabi/lib/thumb/v7e-m/nofp/libc.a(lib_a-impure.o)
 .ARM.attributes
                0x0000000000000767       0x2e /usr/lib/gcc/arm-none-eabi/9.2.1/../../../arm-none-eabi/lib/thumb/v7e-m/nofp/libc.a(lib_a-init.o)
 .ARM.attributes
                0x0000000000000795       0x1c /usr/lib/gcc/arm-none-eabi/9.2.1/../../../arm-none-eabi/lib/thumb/v7e-m/nofp/libc.a(lib_a-memcpy.o)
 .ARM.attributes
                0x00000000000007b1       0x2e /usr/lib/gcc/arm-none-eabi/9.2.1/../../../arm-none-eabi/lib/thumb/v7e-m/nofp/libc.a(lib_a-memset.o)
 .ARM.attributes
                0x00000000000007df       0x2e /usr/lib/gcc/arm-none-eabi/9.2.1/../../../arm-none-eabi/lib/thumb/v7e-m/nofp/libc.a(lib_a-__atexit.o)
 .ARM.attributes
                0x000000000000080d       0x2e /usr/lib/gcc/arm-none-eabi/9.2.1/../../../arm-none-eabi/lib/thumb/v7e-m/nofp/libc.a(lib_a-__call_atexit.o)
 .ARM.attributes
                0x000000000000083b       0x2e /usr/lib/gcc/arm-none-eabi/9.2.1/thumb/v7e-m/nofp/crtend.o
 .ARM.attributes
                0x0000000000000869       0x1e /usr/lib/gcc/arm-none-eabi/9.2.1/thumb/v7e-m/nofp/crtn.o
OUTPUT(out/lorawan_node_parkinglot_slot1.elf elf32-littlearm)
LOAD linker stubs
LOAD /usr/lib/gcc/arm-none-eabi/9.2.1/../../../arm-none-eabi/lib/thumb/v7e-m/nofp/libc.a
LOAD /usr/lib/gcc/arm-none-eabi/9.2.1/../../../arm-none-eabi/lib/thumb/v7e-m/nofp/libm.a
LOAD /usr/lib/gcc/arm-none-eabi/9.2.1/thumb/v7e-m/nofp/libgcc.a

.comment        0x0000000000000000      0x120
 .comment       0x0000000000000000       0x59 /usr/lib/gcc/arm-none-eabi/9.2.1/thumb/v7e-m/nofp/crtbegin.o
                                         0x5a (size before relaxing)
 .comment       0x0000000000000059       0x5a out/tremo_it.o
 .comment       0x0000000000000059       0x5a out/classA.o
 .comment       0x0000000000000059       0x5a out/main.o
 .comment       0x0000000000000059       0x5a out/printf-stdarg.o
 .comment       0x0000000000000059       0x5a out/system_cm4.o
 .comment       0x0000000000000059       0x5a out/tremo_uart.o
 .comment       0x0000000000000059       0x5a out/tremo_gpio.o
 .comment       0x0000000000000059       0x5a out/tremo_delay.o
 .comment       0x0000000000000059       0x5a out/tremo_rtc.o
 .comment       0x0000000000000059       0x5a out/tremo_pwr.o
 .comment       0x0000000000000059       0x5a out/tremo_rcc.o
 .comment       0x0000000000000059       0x5a out/delay.o
 .comment       0x0000000000000059       0x5a out/timer.o
 .comment       0x0000000000000059       0x5a out/cmac.o
 .comment       0x0000000000000059       0x5a out/radio.o
 .comment       0x0000000000000059       0x5a out/sx126x.o
 .comment       0x0000000000000059       0x5a out/utilities.o
 .comment       0x0000000000000059       0x5a out/rtc-board.o
 .comment       0x0000000000000059       0x5a out/sx1262-board.o
 .comment       0x0000000000000059       0x5a out/LoRaMacConfirmQueue.o
 .comment       0x0000000000000059       0x5a out/LoRaMac.o
 .comment       0x0000000000000059       0x5a out/LoRaMacClassB.o
 .comment       0x0000000000000059       0x5a out/LoRaMacCrypto.o
 .comment       0x0000000000000059       0x5a out/Region.o
 .comment       0x0000000000000059       0x5a out/RegionCommon.o
 .comment       0x0000000000000059       0x5a out/RegionAS923.o
 .comment       0x0000000000000059       0x79 /home/hung382/MET/drivers/crypto/lib/libcrypto.a(aes.o)
                                         0x7a (size before relaxing)
 .comment       0x00000000000000d2       0x5a /usr/lib/gcc/arm-none-eabi/9.2.1/thumb/v7e-m/nofp/libgcc.a(_fixunsdfdi.o)
 .comment       0x00000000000000d2       0x5a /usr/lib/gcc/arm-none-eabi/9.2.1/thumb/v7e-m/nofp/libgcc.a(_udivmoddi4.o)
 .comment       0x00000000000000d2       0x4e /usr/lib/gcc/arm-none-eabi/9.2.1/../../../arm-none-eabi/lib/thumb/v7e-m/nofp/libc.a(lib_a-atexit.o)
                                         0x4f (size before relaxing)
 .comment       0x0000000000000120       0x4f /usr/lib/gcc/arm-none-eabi/9.2.1/../../../arm-none-eabi/lib/thumb/v7e-m/nofp/libc.a(lib_a-fini.o)
 .comment       0x0000000000000120       0x4f /usr/lib/gcc/arm-none-eabi/9.2.1/../../../arm-none-eabi/lib/thumb/v7e-m/nofp/libc.a(lib_a-impure.o)
 .comment       0x0000000000000120       0x4f /usr/lib/gcc/arm-none-eabi/9.2.1/../../../arm-none-eabi/lib/thumb/v7e-m/nofp/libc.a(lib_a-init.o)
 .comment       0x0000000000000120       0x4f /usr/lib/gcc/arm-none-eabi/9.2.1/../../../arm-none-eabi/lib/thumb/v7e-m/nofp/libc.a(lib_a-memset.o)
 .comment       0x0000000000000120       0x4f /usr/lib/gcc/arm-none-eabi/9.2.1/../../../arm-none-eabi/lib/thumb/v7e-m/nofp/libc.a(lib_a-__atexit.o)
 .comment       0x0000000000000120       0x4f /usr/lib/gcc/arm-none-eabi/9.2.1/../../../arm-none-eabi/lib/thumb/v7e-m/nofp/libc.a(lib_a-__call_atexit.o)
 .comment       0x0000000000000120       0x5a /usr/lib/gcc/arm-none-eabi/9.2.1/thumb/v7e-m/nofp/crtend.o

.debug_info     0x0000000000000000     0x5c7a
 .debug_info    0x0000000000000000      0xc3a /home/hung382/MET/drivers/crypto/lib/libcrypto.a(aes.o)
 .debug_info    0x0000000000000c3a       0x26 /usr/lib/gcc/arm-none-eabi/9.2.1/thumb/v7e-m/nofp/libgcc.a(_arm_addsubdf3.o)
 .debug_info    0x0000000000000c60       0x26 /usr/lib/gcc/arm-none-eabi/9.2.1/thumb/v7e-m/nofp/libgcc.a(_arm_muldivdf3.o)
 .debug_info    0x0000000000000c86       0x26 /usr/lib/gcc/arm-none-eabi/9.2.1/thumb/v7e-m/nofp/libgcc.a(_arm_cmpdf2.o)
 .debug_info    0x0000000000000cac       0x26 /usr/lib/gcc/arm-none-eabi/9.2.1/thumb/v7e-m/nofp/libgcc.a(_arm_fixdfsi.o)
 .debug_info    0x0000000000000cd2       0x26 /usr/lib/gcc/arm-none-eabi/9.2.1/thumb/v7e-m/nofp/libgcc.a(_arm_fixunsdfsi.o)
 .debug_info    0x0000000000000cf8       0x26 /usr/lib/gcc/arm-none-eabi/9.2.1/thumb/v7e-m/nofp/libgcc.a(_aeabi_uldivmod.o)
 .debug_info    0x0000000000000d1e      0x96d /usr/lib/gcc/arm-none-eabi/9.2.1/thumb/v7e-m/nofp/libgcc.a(_fixunsdfdi.o)
 .debug_info    0x000000000000168b      0xd7c /usr/lib/gcc/arm-none-eabi/9.2.1/thumb/v7e-m/nofp/libgcc.a(_udivmoddi4.o)
 .debug_info    0x0000000000002407       0x26 /usr/lib/gcc/arm-none-eabi/9.2.1/thumb/v7e-m/nofp/libgcc.a(_dvmd_tls.o)
 .debug_info    0x000000000000242d      0x995 /usr/lib/gcc/arm-none-eabi/9.2.1/../../../arm-none-eabi/lib/thumb/v7e-m/nofp/libc.a(lib_a-atexit.o)
 .debug_info    0x0000000000002dc2      0x102 /usr/lib/gcc/arm-none-eabi/9.2.1/../../../arm-none-eabi/lib/thumb/v7e-m/nofp/libc.a(lib_a-fini.o)
 .debug_info    0x0000000000002ec4      0x92a /usr/lib/gcc/arm-none-eabi/9.2.1/../../../arm-none-eabi/lib/thumb/v7e-m/nofp/libc.a(lib_a-impure.o)
 .debug_info    0x00000000000037ee      0x11a /usr/lib/gcc/arm-none-eabi/9.2.1/../../../arm-none-eabi/lib/thumb/v7e-m/nofp/libc.a(lib_a-init.o)
 .debug_info    0x0000000000003908       0x26 /usr/lib/gcc/arm-none-eabi/9.2.1/../../../arm-none-eabi/lib/thumb/v7e-m/nofp/libc.a(lib_a-memcpy.o)
 .debug_info    0x000000000000392e      0xf21 /usr/lib/gcc/arm-none-eabi/9.2.1/../../../arm-none-eabi/lib/thumb/v7e-m/nofp/libc.a(lib_a-memset.o)
 .debug_info    0x000000000000484f      0x9d5 /usr/lib/gcc/arm-none-eabi/9.2.1/../../../arm-none-eabi/lib/thumb/v7e-m/nofp/libc.a(lib_a-__atexit.o)
 .debug_info    0x0000000000005224      0xa56 /usr/lib/gcc/arm-none-eabi/9.2.1/../../../arm-none-eabi/lib/thumb/v7e-m/nofp/libc.a(lib_a-__call_atexit.o)

.debug_abbrev   0x0000000000000000     0x1279
 .debug_abbrev  0x0000000000000000      0x228 /home/hung382/MET/drivers/crypto/lib/libcrypto.a(aes.o)
 .debug_abbrev  0x0000000000000228       0x14 /usr/lib/gcc/arm-none-eabi/9.2.1/thumb/v7e-m/nofp/libgcc.a(_arm_addsubdf3.o)
 .debug_abbrev  0x000000000000023c       0x14 /usr/lib/gcc/arm-none-eabi/9.2.1/thumb/v7e-m/nofp/libgcc.a(_arm_muldivdf3.o)
 .debug_abbrev  0x0000000000000250       0x14 /usr/lib/gcc/arm-none-eabi/9.2.1/thumb/v7e-m/nofp/libgcc.a(_arm_cmpdf2.o)
 .debug_abbrev  0x0000000000000264       0x14 /usr/lib/gcc/arm-none-eabi/9.2.1/thumb/v7e-m/nofp/libgcc.a(_arm_fixdfsi.o)
 .debug_abbrev  0x0000000000000278       0x14 /usr/lib/gcc/arm-none-eabi/9.2.1/thumb/v7e-m/nofp/libgcc.a(_arm_fixunsdfsi.o)
 .debug_abbrev  0x000000000000028c       0x14 /usr/lib/gcc/arm-none-eabi/9.2.1/thumb/v7e-m/nofp/libgcc.a(_aeabi_uldivmod.o)
 .debug_abbrev  0x00000000000002a0      0x14f /usr/lib/gcc/arm-none-eabi/9.2.1/thumb/v7e-m/nofp/libgcc.a(_fixunsdfdi.o)
 .debug_abbrev  0x00000000000003ef      0x1c2 /usr/lib/gcc/arm-none-eabi/9.2.1/thumb/v7e-m/nofp/libgcc.a(_udivmoddi4.o)
 .debug_abbrev  0x00000000000005b1       0x14 /usr/lib/gcc/arm-none-eabi/9.2.1/thumb/v7e-m/nofp/libgcc.a(_dvmd_tls.o)
 .debug_abbrev  0x00000000000005c5      0x232 /usr/lib/gcc/arm-none-eabi/9.2.1/../../../arm-none-eabi/lib/thumb/v7e-m/nofp/libc.a(lib_a-atexit.o)
 .debug_abbrev  0x00000000000007f7       0xcf /usr/lib/gcc/arm-none-eabi/9.2.1/../../../arm-none-eabi/lib/thumb/v7e-m/nofp/libc.a(lib_a-fini.o)
 .debug_abbrev  0x00000000000008c6      0x1b8 /usr/lib/gcc/arm-none-eabi/9.2.1/../../../arm-none-eabi/lib/thumb/v7e-m/nofp/libc.a(lib_a-impure.o)
 .debug_abbrev  0x0000000000000a7e       0xcc /usr/lib/gcc/arm-none-eabi/9.2.1/../../../arm-none-eabi/lib/thumb/v7e-m/nofp/libc.a(lib_a-init.o)
 .debug_abbrev  0x0000000000000b4a       0x14 /usr/lib/gcc/arm-none-eabi/9.2.1/../../../arm-none-eabi/lib/thumb/v7e-m/nofp/libc.a(lib_a-memcpy.o)
 .debug_abbrev  0x0000000000000b5e      0x217 /usr/lib/gcc/arm-none-eabi/9.2.1/../../../arm-none-eabi/lib/thumb/v7e-m/nofp/libc.a(lib_a-memset.o)
 .debug_abbrev  0x0000000000000d75      0x252 /usr/lib/gcc/arm-none-eabi/9.2.1/../../../arm-none-eabi/lib/thumb/v7e-m/nofp/libc.a(lib_a-__atexit.o)
 .debug_abbrev  0x0000000000000fc7      0x2b2 /usr/lib/gcc/arm-none-eabi/9.2.1/../../../arm-none-eabi/lib/thumb/v7e-m/nofp/libc.a(lib_a-__call_atexit.o)

.debug_loc      0x0000000000000000     0x1722
 .debug_loc     0x0000000000000000       0xe4 /home/hung382/MET/drivers/crypto/lib/libcrypto.a(aes.o)
 .debug_loc     0x00000000000000e4       0xad /usr/lib/gcc/arm-none-eabi/9.2.1/thumb/v7e-m/nofp/libgcc.a(_fixunsdfdi.o)
 .debug_loc     0x0000000000000191      0xf8a /usr/lib/gcc/arm-none-eabi/9.2.1/thumb/v7e-m/nofp/libgcc.a(_udivmoddi4.o)
 .debug_loc     0x000000000000111b       0x32 /usr/lib/gcc/arm-none-eabi/9.2.1/../../../arm-none-eabi/lib/thumb/v7e-m/nofp/libc.a(lib_a-atexit.o)
 .debug_loc     0x000000000000114d       0x68 /usr/lib/gcc/arm-none-eabi/9.2.1/../../../arm-none-eabi/lib/thumb/v7e-m/nofp/libc.a(lib_a-fini.o)
 .debug_loc     0x00000000000011b5       0xba /usr/lib/gcc/arm-none-eabi/9.2.1/../../../arm-none-eabi/lib/thumb/v7e-m/nofp/libc.a(lib_a-init.o)
 .debug_loc     0x000000000000126f      0x231 /usr/lib/gcc/arm-none-eabi/9.2.1/../../../arm-none-eabi/lib/thumb/v7e-m/nofp/libc.a(lib_a-memset.o)
 .debug_loc     0x00000000000014a0      0x138 /usr/lib/gcc/arm-none-eabi/9.2.1/../../../arm-none-eabi/lib/thumb/v7e-m/nofp/libc.a(lib_a-__atexit.o)
 .debug_loc     0x00000000000015d8      0x14a /usr/lib/gcc/arm-none-eabi/9.2.1/../../../arm-none-eabi/lib/thumb/v7e-m/nofp/libc.a(lib_a-__call_atexit.o)

.debug_aranges  0x0000000000000000      0x240
 .debug_aranges
                0x0000000000000000       0x20 /home/hung382/MET/drivers/crypto/lib/libcrypto.a(aes.o)
 .debug_aranges
                0x0000000000000020       0x20 /usr/lib/gcc/arm-none-eabi/9.2.1/thumb/v7e-m/nofp/libgcc.a(_arm_addsubdf3.o)
 .debug_aranges
                0x0000000000000040       0x20 /usr/lib/gcc/arm-none-eabi/9.2.1/thumb/v7e-m/nofp/libgcc.a(_arm_muldivdf3.o)
 .debug_aranges
                0x0000000000000060       0x20 /usr/lib/gcc/arm-none-eabi/9.2.1/thumb/v7e-m/nofp/libgcc.a(_arm_cmpdf2.o)
 .debug_aranges
                0x0000000000000080       0x20 /usr/lib/gcc/arm-none-eabi/9.2.1/thumb/v7e-m/nofp/libgcc.a(_arm_fixdfsi.o)
 .debug_aranges
                0x00000000000000a0       0x20 /usr/lib/gcc/arm-none-eabi/9.2.1/thumb/v7e-m/nofp/libgcc.a(_arm_fixunsdfsi.o)
 .debug_aranges
                0x00000000000000c0       0x20 /usr/lib/gcc/arm-none-eabi/9.2.1/thumb/v7e-m/nofp/libgcc.a(_aeabi_uldivmod.o)
 .debug_aranges
                0x00000000000000e0       0x20 /usr/lib/gcc/arm-none-eabi/9.2.1/thumb/v7e-m/nofp/libgcc.a(_fixunsdfdi.o)
 .debug_aranges
                0x0000000000000100       0x20 /usr/lib/gcc/arm-none-eabi/9.2.1/thumb/v7e-m/nofp/libgcc.a(_udivmoddi4.o)
 .debug_aranges
                0x0000000000000120       0x20 /usr/lib/gcc/arm-none-eabi/9.2.1/thumb/v7e-m/nofp/libgcc.a(_dvmd_tls.o)
 .debug_aranges
                0x0000000000000140       0x20 /usr/lib/gcc/arm-none-eabi/9.2.1/../../../arm-none-eabi/lib/thumb/v7e-m/nofp/libc.a(lib_a-atexit.o)
 .debug_aranges
                0x0000000000000160       0x20 /usr/lib/gcc/arm-none-eabi/9.2.1/../../../arm-none-eabi/lib/thumb/v7e-m/nofp/libc.a(lib_a-fini.o)
 .debug_aranges
                0x0000000000000180       0x18 /usr/lib/gcc/arm-none-eabi/9.2.1/../../../arm-none-eabi/lib/thumb/v7e-m/nofp/libc.a(lib_a-impure.o)
 .debug_aranges
                0x0000000000000198       0x20 /usr/lib/gcc/arm-none-eabi/9.2.1/../../../arm-none-eabi/lib/thumb/v7e-m/nofp/libc.a(lib_a-init.o)
 .debug_aranges
                0x00000000000001b8       0x20 /usr/lib/gcc/arm-none-eabi/9.2.1/../../../arm-none-eabi/lib/thumb/v7e-m/nofp/libc.a(lib_a-memcpy.o)
 .debug_aranges
                0x00000000000001d8       0x20 /usr/lib/gcc/arm-none-eabi/9.2.1/../../../arm-none-eabi/lib/thumb/v7e-m/nofp/libc.a(lib_a-memset.o)
 .debug_aranges
                0x00000000000001f8       0x20 /usr/lib/gcc/arm-none-eabi/9.2.1/../../../arm-none-eabi/lib/thumb/v7e-m/nofp/libc.a(lib_a-__atexit.o)
 .debug_aranges
                0x0000000000000218       0x28 /usr/lib/gcc/arm-none-eabi/9.2.1/../../../arm-none-eabi/lib/thumb/v7e-m/nofp/libc.a(lib_a-__call_atexit.o)

.debug_line     0x0000000000000000     0x1a8a
 .debug_line    0x0000000000000000      0x268 /home/hung382/MET/drivers/crypto/lib/libcrypto.a(aes.o)
 .debug_line    0x0000000000000268      0x186 /usr/lib/gcc/arm-none-eabi/9.2.1/thumb/v7e-m/nofp/libgcc.a(_arm_addsubdf3.o)
 .debug_line    0x00000000000003ee      0x19b /usr/lib/gcc/arm-none-eabi/9.2.1/thumb/v7e-m/nofp/libgcc.a(_arm_muldivdf3.o)
 .debug_line    0x0000000000000589       0xbd /usr/lib/gcc/arm-none-eabi/9.2.1/thumb/v7e-m/nofp/libgcc.a(_arm_cmpdf2.o)
 .debug_line    0x0000000000000646       0x79 /usr/lib/gcc/arm-none-eabi/9.2.1/thumb/v7e-m/nofp/libgcc.a(_arm_fixdfsi.o)
 .debug_line    0x00000000000006bf       0x75 /usr/lib/gcc/arm-none-eabi/9.2.1/thumb/v7e-m/nofp/libgcc.a(_arm_fixunsdfsi.o)
 .debug_line    0x0000000000000734       0x60 /usr/lib/gcc/arm-none-eabi/9.2.1/thumb/v7e-m/nofp/libgcc.a(_aeabi_uldivmod.o)
 .debug_line    0x0000000000000794      0x133 /usr/lib/gcc/arm-none-eabi/9.2.1/thumb/v7e-m/nofp/libgcc.a(_fixunsdfdi.o)
 .debug_line    0x00000000000008c7      0x610 /usr/lib/gcc/arm-none-eabi/9.2.1/thumb/v7e-m/nofp/libgcc.a(_udivmoddi4.o)
 .debug_line    0x0000000000000ed7       0x60 /usr/lib/gcc/arm-none-eabi/9.2.1/thumb/v7e-m/nofp/libgcc.a(_dvmd_tls.o)
 .debug_line    0x0000000000000f37      0x14a /usr/lib/gcc/arm-none-eabi/9.2.1/../../../arm-none-eabi/lib/thumb/v7e-m/nofp/libc.a(lib_a-atexit.o)
 .debug_line    0x0000000000001081       0xd7 /usr/lib/gcc/arm-none-eabi/9.2.1/../../../arm-none-eabi/lib/thumb/v7e-m/nofp/libc.a(lib_a-fini.o)
 .debug_line    0x0000000000001158       0xe3 /usr/lib/gcc/arm-none-eabi/9.2.1/../../../arm-none-eabi/lib/thumb/v7e-m/nofp/libc.a(lib_a-impure.o)
 .debug_line    0x000000000000123b      0x10d /usr/lib/gcc/arm-none-eabi/9.2.1/../../../arm-none-eabi/lib/thumb/v7e-m/nofp/libc.a(lib_a-init.o)
 .debug_line    0x0000000000001348       0xbe /usr/lib/gcc/arm-none-eabi/9.2.1/../../../arm-none-eabi/lib/thumb/v7e-m/nofp/libc.a(lib_a-memcpy.o)
 .debug_line    0x0000000000001406      0x26b /usr/lib/gcc/arm-none-eabi/9.2.1/../../../arm-none-eabi/lib/thumb/v7e-m/nofp/libc.a(lib_a-memset.o)
 .debug_line    0x0000000000001671      0x1e1 /usr/lib/gcc/arm-none-eabi/9.2.1/../../../arm-none-eabi/lib/thumb/v7e-m/nofp/libc.a(lib_a-__atexit.o)
 .debug_line    0x0000000000001852      0x238 /usr/lib/gcc/arm-none-eabi/9.2.1/../../../arm-none-eabi/lib/thumb/v7e-m/nofp/libc.a(lib_a-__call_atexit.o)

.debug_str      0x0000000000000000     0x217d
 .debug_str     0x0000000000000000      0x6d3 /home/hung382/MET/drivers/crypto/lib/libcrypto.a(aes.o)
                                        0x74e (size before relaxing)
 .debug_str     0x00000000000006d3       0xa5 /usr/lib/gcc/arm-none-eabi/9.2.1/thumb/v7e-m/nofp/libgcc.a(_arm_addsubdf3.o)
 .debug_str     0x0000000000000778       0xa5 /usr/lib/gcc/arm-none-eabi/9.2.1/thumb/v7e-m/nofp/libgcc.a(_arm_muldivdf3.o)
 .debug_str     0x0000000000000778       0xa5 /usr/lib/gcc/arm-none-eabi/9.2.1/thumb/v7e-m/nofp/libgcc.a(_arm_cmpdf2.o)
 .debug_str     0x0000000000000778       0xa5 /usr/lib/gcc/arm-none-eabi/9.2.1/thumb/v7e-m/nofp/libgcc.a(_arm_fixdfsi.o)
 .debug_str     0x0000000000000778       0xa5 /usr/lib/gcc/arm-none-eabi/9.2.1/thumb/v7e-m/nofp/libgcc.a(_arm_fixunsdfsi.o)
 .debug_str     0x0000000000000778       0x2c /usr/lib/gcc/arm-none-eabi/9.2.1/thumb/v7e-m/nofp/libgcc.a(_aeabi_uldivmod.o)
                                         0xa0 (size before relaxing)
 .debug_str     0x00000000000007a4     0x10ab /usr/lib/gcc/arm-none-eabi/9.2.1/thumb/v7e-m/nofp/libgcc.a(_fixunsdfdi.o)
                                       0x1193 (size before relaxing)
 .debug_str     0x000000000000184f      0x11c /usr/lib/gcc/arm-none-eabi/9.2.1/thumb/v7e-m/nofp/libgcc.a(_udivmoddi4.o)
                                       0x11e0 (size before relaxing)
 .debug_str     0x000000000000196b       0x30 /usr/lib/gcc/arm-none-eabi/9.2.1/thumb/v7e-m/nofp/libgcc.a(_dvmd_tls.o)
                                         0xa4 (size before relaxing)
 .debug_str     0x000000000000199b      0x17c /usr/lib/gcc/arm-none-eabi/9.2.1/../../../arm-none-eabi/lib/thumb/v7e-m/nofp/libc.a(lib_a-atexit.o)
                                        0x5e5 (size before relaxing)